ws28xx.c:17:6:ws28xx_fill_a_bit	12	static
ws28xx.c:29:6:ws28xx_set_buffer	24	static
ws28xx.c:50:6:ws28xx_Put_Pixel	24	static
ws28xx.c:65:6:ws28xx_Put_Pixels	40	static
ws28xx.c:85:6:ws28xx_Update	8	static
ws28xx.c:96:6:ws28xx_init	0	static
ws28xx.c:105:6:ws28xx_test	8	static
ws28xx.c:116:6:ws28xx_SetColor	8	static
ws28xx.c:252:6:ws28xx_SetColorArray	16	static
ws28xx.c:259:6:ws28xx_fadeGreen	16	static
ws28xx.c:298:6:ws28xx_fadeRed	16	static
ws28xx.c:340:6:ws28xx_SetColorArrayAndOtherOff	24	static
