stm32f0xx_it.c:74:6:NMI_Handler	0	static
stm32f0xx_it.c:87:6:HardFault_Handler	0	static
stm32f0xx_it.c:102:6:SVC_Handler	0	static
stm32f0xx_it.c:115:6:PendSV_Handler	0	static
stm32f0xx_it.c:128:6:SysTick_Handler	8	static
stm32f0xx_it.c:149:6:EXTI0_1_IRQHandler	8	static
stm32f0xx_it.c:163:6:DMA1_Channel2_3_IRQHandler	8	static
stm32f0xx_it.c:177:6:TIM1_BRK_UP_TRG_COM_IRQHandler	8	static
stm32f0xx_it.c:191:6:TIM1_CC_IRQHandler	8	static
stm32f0xx_it.c:205:6:TIM14_IRQHandler	8	static
stm32f0xx_it.c:219:6:TIM16_IRQHandler	8	static
stm32f0xx_it.c:233:6:USART1_IRQHandler	16	static
