Archive member included to satisfy reference by file (symbol)

c:/st/stm32cubeide_1.4.0/stm32cubeide/plugins/com.st.stm32cube.ide.mcu.externaltools.gnu-tools-for-stm32.7-2018-q2-update.win32_1.4.0.202007081208/tools/bin/../lib/gcc/arm-none-eabi/7.3.1/../../../../arm-none-eabi/lib/thumb/v6-m\libc_nano.a(lib_a-errno.o)
                              Core/Src/syscalls.o (__errno)
c:/st/stm32cubeide_1.4.0/stm32cubeide/plugins/com.st.stm32cube.ide.mcu.externaltools.gnu-tools-for-stm32.7-2018-q2-update.win32_1.4.0.202007081208/tools/bin/../lib/gcc/arm-none-eabi/7.3.1/../../../../arm-none-eabi/lib/thumb/v6-m\libc_nano.a(lib_a-exit.o)
                              c:/st/stm32cubeide_1.4.0/stm32cubeide/plugins/com.st.stm32cube.ide.mcu.externaltools.gnu-tools-for-stm32.7-2018-q2-update.win32_1.4.0.202007081208/tools/bin/../lib/gcc/arm-none-eabi/7.3.1/../../../../arm-none-eabi/lib/thumb/v6-m/crt0.o (exit)
c:/st/stm32cubeide_1.4.0/stm32cubeide/plugins/com.st.stm32cube.ide.mcu.externaltools.gnu-tools-for-stm32.7-2018-q2-update.win32_1.4.0.202007081208/tools/bin/../lib/gcc/arm-none-eabi/7.3.1/../../../../arm-none-eabi/lib/thumb/v6-m\libc_nano.a(lib_a-impure.o)
                              c:/st/stm32cubeide_1.4.0/stm32cubeide/plugins/com.st.stm32cube.ide.mcu.externaltools.gnu-tools-for-stm32.7-2018-q2-update.win32_1.4.0.202007081208/tools/bin/../lib/gcc/arm-none-eabi/7.3.1/../../../../arm-none-eabi/lib/thumb/v6-m\libc_nano.a(lib_a-exit.o) (_global_impure_ptr)
c:/st/stm32cubeide_1.4.0/stm32cubeide/plugins/com.st.stm32cube.ide.mcu.externaltools.gnu-tools-for-stm32.7-2018-q2-update.win32_1.4.0.202007081208/tools/bin/../lib/gcc/arm-none-eabi/7.3.1/../../../../arm-none-eabi/lib/thumb/v6-m\libc_nano.a(lib_a-init.o)
                              c:/st/stm32cubeide_1.4.0/stm32cubeide/plugins/com.st.stm32cube.ide.mcu.externaltools.gnu-tools-for-stm32.7-2018-q2-update.win32_1.4.0.202007081208/tools/bin/../lib/gcc/arm-none-eabi/7.3.1/../../../../arm-none-eabi/lib/thumb/v6-m/crt0.o (__libc_init_array)
c:/st/stm32cubeide_1.4.0/stm32cubeide/plugins/com.st.stm32cube.ide.mcu.externaltools.gnu-tools-for-stm32.7-2018-q2-update.win32_1.4.0.202007081208/tools/bin/../lib/gcc/arm-none-eabi/7.3.1/../../../../arm-none-eabi/lib/thumb/v6-m\libc_nano.a(lib_a-memcpy-stub.o)
                              Core/IRMP/irmp.o (memcpy)
c:/st/stm32cubeide_1.4.0/stm32cubeide/plugins/com.st.stm32cube.ide.mcu.externaltools.gnu-tools-for-stm32.7-2018-q2-update.win32_1.4.0.202007081208/tools/bin/../lib/gcc/arm-none-eabi/7.3.1/../../../../arm-none-eabi/lib/thumb/v6-m\libc_nano.a(lib_a-memset.o)
                              c:/st/stm32cubeide_1.4.0/stm32cubeide/plugins/com.st.stm32cube.ide.mcu.externaltools.gnu-tools-for-stm32.7-2018-q2-update.win32_1.4.0.202007081208/tools/bin/../lib/gcc/arm-none-eabi/7.3.1/../../../../arm-none-eabi/lib/thumb/v6-m/crt0.o (memset)
c:/st/stm32cubeide_1.4.0/stm32cubeide/plugins/com.st.stm32cube.ide.mcu.externaltools.gnu-tools-for-stm32.7-2018-q2-update.win32_1.4.0.202007081208/tools/bin/../lib/gcc/arm-none-eabi/7.3.1/../../../../arm-none-eabi/lib/thumb/v6-m\libc_nano.a(lib_a-strcmp.o)
                              Core/Src/main.o (strcmp)
c:/st/stm32cubeide_1.4.0/stm32cubeide/plugins/com.st.stm32cube.ide.mcu.externaltools.gnu-tools-for-stm32.7-2018-q2-update.win32_1.4.0.202007081208/tools/bin/../lib/gcc/arm-none-eabi/7.3.1/../../../../arm-none-eabi/lib/thumb/v6-m\libc_nano.a(lib_a-strcpy.o)
                              Core/Src/main.o (strcpy)
c:/st/stm32cubeide_1.4.0/stm32cubeide/plugins/com.st.stm32cube.ide.mcu.externaltools.gnu-tools-for-stm32.7-2018-q2-update.win32_1.4.0.202007081208/tools/bin/../lib/gcc/arm-none-eabi/7.3.1/../../../../arm-none-eabi/lib/thumb/v6-m\libc_nano.a(lib_a-strncmp.o)
                              Core/Src/main.o (strncmp)
c:/st/stm32cubeide_1.4.0/stm32cubeide/plugins/com.st.stm32cube.ide.mcu.externaltools.gnu-tools-for-stm32.7-2018-q2-update.win32_1.4.0.202007081208/tools/bin/../lib/gcc/arm-none-eabi/7.3.1/thumb/v6-m\libgcc.a(_thumb1_case_uqi.o)
                              Core/WS2812/ws28xx.o (__gnu_thumb1_case_uqi)
c:/st/stm32cubeide_1.4.0/stm32cubeide/plugins/com.st.stm32cube.ide.mcu.externaltools.gnu-tools-for-stm32.7-2018-q2-update.win32_1.4.0.202007081208/tools/bin/../lib/gcc/arm-none-eabi/7.3.1/thumb/v6-m\libgcc.a(_udivsi3.o)
                              Core/Src/system_stm32f0xx.o (__aeabi_uidiv)
c:/st/stm32cubeide_1.4.0/stm32cubeide/plugins/com.st.stm32cube.ide.mcu.externaltools.gnu-tools-for-stm32.7-2018-q2-update.win32_1.4.0.202007081208/tools/bin/../lib/gcc/arm-none-eabi/7.3.1/thumb/v6-m\libgcc.a(_divsi3.o)
                              Core/Src/system_stm32f0xx.o (__aeabi_idiv)
c:/st/stm32cubeide_1.4.0/stm32cubeide/plugins/com.st.stm32cube.ide.mcu.externaltools.gnu-tools-for-stm32.7-2018-q2-update.win32_1.4.0.202007081208/tools/bin/../lib/gcc/arm-none-eabi/7.3.1/thumb/v6-m\libgcc.a(_dvmd_tls.o)
[...]
Memory Configuration

Name             Origin             Length             Attributes
RAM              0x0000000020000000 0x0000000000001000 xrw
FLASH            0x0000000008000000 0x0000000000003c00 xr
DATA             0x0000000008003c00 0x0000000000000400 xrw
*default*        0x0000000000000000 0xffffffffffffffff

Linker script and memory map

LOAD c:/st/stm32cubeide_1.4.0/stm32cubeide/plugins/com.st.stm32cube.ide.mcu.externaltools.gnu-tools-for-stm32.7-2018-q2-update.win32_1.4.0.202007081208/tools/bin/../lib/gcc/arm-none-eabi/7.3.1/thumb/v6-m/crti.o
LOAD c:/st/stm32cubeide_1.4.0/stm32cubeide/plugins/com.st.stm32cube.ide.mcu.externaltools.gnu-tools-for-stm32.7-2018-q2-update.win32_1.4.0.202007081208/tools/bin/../lib/gcc/arm-none-eabi/7.3.1/thumb/v6-m/crtbegin.o
LOAD c:/st/stm32cubeide_1.4.0/stm32cubeide/plugins/com.st.stm32cube.ide.mcu.externaltools.gnu-tools-for-stm32.7-2018-q2-update.win32_1.4.0.202007081208/tools/bin/../lib/gcc/arm-none-eabi/7.3.1/../../../../arm-none-eabi/lib/thumb/v6-m/crt0.o
LOAD Core/IRMP/irmp.o
LOAD Core/Src/main.o
LOAD Core/Src/stm32f0xx_hal_msp.o
LOAD Core/Src/stm32f0xx_it.o
LOAD Core/Src/syscalls.o
LOAD Core/Src/sysmem.o
LOAD Core/Src/system_stm32f0xx.o
LOAD Core/Startup/startup_stm32f030f4px.o
LOAD Core/WS2812/ws28xx.o
LOAD Drivers/STM32F0xx_HAL_Driver/Src/stm32f0xx_hal.o
LOAD Drivers/STM32F0xx_HAL_Driver/Src/stm32f0xx_hal_adc.o
LOAD Drivers/STM32F0xx_HAL_Driver/Src/stm32f0xx_hal_adc_ex.o
LOAD Drivers/STM32F0xx_HAL_Driver/Src/stm32f0xx_hal_cortex.o
LOAD Drivers/STM32F0xx_HAL_Driver/Src/stm32f0xx_hal_dma.o
LOAD Drivers/STM32F0xx_HAL_Driver/Src/stm32f0xx_hal_exti.o
LOAD Drivers/STM32F0xx_HAL_Driver/Src/stm32f0xx_hal_flash.o
LOAD Drivers/STM32F0xx_HAL_Driver/Src/stm32f0xx_hal_flash_ex.o
LOAD Drivers/STM32F0xx_HAL_Driver/Src/stm32f0xx_hal_gpio.o
LOAD Drivers/STM32F0xx_HAL_Driver/Src/stm32f0xx_hal_i2c.o
LOAD Drivers/STM32F0xx_HAL_Driver/Src/stm32f0xx_hal_i2c_ex.o
LOAD Drivers/STM32F0xx_HAL_Driver/Src/stm32f0xx_hal_pwr.o
LOAD Drivers/STM32F0xx_HAL_Driver/Src/stm32f0xx_hal_pwr_ex.o
LOAD Drivers/STM32F0xx_HAL_Driver/Src/stm32f0xx_hal_rcc.o
LOAD Drivers/STM32F0xx_HAL_Driver/Src/stm32f0xx_hal_rcc_ex.o
LOAD Drivers/STM32F0xx_HAL_Driver/Src/stm32f0xx_hal_spi.o
LOAD Drivers/STM32F0xx_HAL_Driver/Src/stm32f0xx_hal_spi_ex.o
LOAD Drivers/STM32F0xx_HAL_Driver/Src/stm32f0xx_hal_tim.o
LOAD Drivers/STM32F0xx_HAL_Driver/Src/stm32f0xx_hal_tim_ex.o
LOAD Drivers/STM32F0xx_HAL_Driver/Src/stm32f0xx_hal_uart.o
LOAD Drivers/STM32F0xx_HAL_Driver/Src/stm32f0xx_hal_uart_ex.o
START GROUP
LOAD c:/st/stm32cubeide_1.4.0/stm32cubeide/plugins/com.st.stm32cube.ide.mcu.externaltools.gnu-tools-for-stm32.7-2018-q2-update.win32_1.4.0.202007081208/tools/bin/../lib/gcc/arm-none-eabi/7.3.1/../../../../arm-none-eabi/lib/thumb/v6-m\libc_nano.a
LOAD c:/st/stm32cubeide_1.4.0/stm32cubeide/plugins/com.st.stm32cube.ide.mcu.externaltools.gnu-tools-for-stm32.7-2018-q2-update.win32_1.4.0.202007081208/tools/bin/../lib/gcc/arm-none-eabi/7.3.1/../../../../arm-none-eabi/lib/thumb/v6-m\libm.a
END GROUP
START GROUP
LOAD c:/st/stm32cubeide_1.4.0/stm32cubeide/plugins/com.st.stm32cube.ide.mcu.externaltools.gnu-tools-for-stm32.7-2018-q2-update.win32_1.4.0.202007081208/tools/bin/../lib/gcc/arm-none-eabi/7.3.1/thumb/v6-m\libgcc.a
LOAD c:/st/stm32cubeide_1.4.0/stm32cubeide/plugins/com.st.stm32cube.ide.mcu.externaltools.gnu-tools-for-stm32.7-2018-q2-update.win32_1.4.0.202007081208/tools/bin/../lib/gcc/arm-none-eabi/7.3.1/../../../../arm-none-eabi/lib/thumb/v6-m\libc_nano.a
END GROUP
START GROUP
LOAD c:/st/stm32cubeide_1.4.0/stm32cubeide/plugins/com.st.stm32cube.ide.mcu.externaltools.gnu-tools-for-stm32.7-2018-q2-update.win32_1.4.0.202007081208/tools/bin/../lib/gcc/arm-none-eabi/7.3.1/thumb/v6-m\libgcc.a
LOAD c:/st/stm32cubeide_1.4.0/stm32cubeide/plugins/com.st.stm32cube.ide.mcu.externaltools.gnu-tools-for-stm32.7-2018-q2-update.win32_1.4.0.202007081208/tools/bin/../lib/gcc/arm-none-eabi/7.3.1/../../../../arm-none-eabi/lib/thumb/v6-m\libc_nano.a
LOAD c:/st/stm32cubeide_1.4.0/stm32cubeide/plugins/com.st.stm32cube.ide.mcu.externaltools.gnu-tools-for-stm32.7-2018-q2-update.win32_1.4.0.202007081208/tools/bin/../lib/gcc/arm-none-eabi/7.3.1/../../../../arm-none-eabi/lib/thumb/v6-m\libnosys.a
END GROUP
START GROUP
LOAD c:/st/stm32cubeide_1.4.0/stm32cubeide/plugins/com.st.stm32cube.ide.mcu.externaltools.gnu-tools-for-stm32.7-2018-q2-update.win32_1.4.0.202007081208/tools/bin/../lib/gcc/arm-none-eabi/7.3.1/thumb/v6-m\libgcc.a
LOAD c:/st/stm32cubeide_1.4.0/stm32cubeide/plugins/com.st.stm32cube.ide.mcu.externaltools.gnu-tools-for-stm32.7-2018-q2-update.win32_1.4.0.202007081208/tools/bin/../lib/gcc/arm-none-eabi/7.3.1/../../../../arm-none-eabi/lib/thumb/v6-m\libc_nano.a
LOAD c:/st/stm32cubeide_1.4.0/stm32cubeide/plugins/com.st.stm32cube.ide.mcu.externaltools.gnu-tools-for-stm32.7-2018-q2-update.win32_1.4.0.202007081208/tools/bin/../lib/gcc/arm-none-eabi/7.3.1/../../../../arm-none-eabi/lib/thumb/v6-m\libnosys.a
END GROUP
LOAD c:/st/stm32cubeide_1.4.0/stm32cubeide/plugins/com.st.stm32cube.ide.mcu.externaltools.gnu-tools-for-stm32.7-2018-q2-update.win32_1.4.0.202007081208/tools/bin/../lib/gcc/arm-none-eabi/7.3.1/thumb/v6-m/crtend.o
LOAD c:/st/stm32cubeide_1.4.0/stm32cubeide/plugins/com.st.stm32cube.ide.mcu.externaltools.gnu-tools-for-stm32.7-2018-q2-update.win32_1.4.0.202007081208/tools/bin/../lib/gcc/arm-none-eabi/7.3.1/thumb/v6-m/crtn.o
                0x0000000020001000                _estack = (ORIGIN (RAM) + LENGTH (RAM))
                0x0000000000000200                _Min_Heap_Size = 0x200
                0x0000000000000400                _Min_Stack_Size = 0x400

.isr_vector     0x0000000008000000       0xc0
                0x0000000008000000                . = ALIGN (0x4)
 *(.isr_vector)
 .isr_vector    0x0000000008000000       0xc0 Core/Startup/startup_stm32f030f4px.o
                0x0000000008000000                g_pfnVectors
                0x00000000080000c0                . = ALIGN (0x4)

.text           0x00000000080000c0     0x387c
                0x00000000080000c0                . = ALIGN (0x4)
 *(.text)
 .text          0x00000000080000c0       0x48 c:/st/stm32cubeide_1.4.0/stm32cubeide/plugins/com.st.stm32cube.ide.mcu.externaltools.gnu-tools-for-stm32.7-2018-q2-update.win32_1.4.0.202007081208/tools/bin/../lib/gcc/arm-none-eabi/7.3.1/thumb/v6-m/crtbegin.o
 .text          0x0000000008000108       0x14 c:/st/stm32cubeide_1.4.0/stm32cubeide/plugins/com.st.stm32cube.ide.mcu.externaltools.gnu-tools-for-stm32.7-2018-q2-update.win32_1.4.0.202007081208/tools/bin/../lib/gcc/arm-none-eabi/7.3.1/../../../../arm-none-eabi/lib/thumb/v6-m\libc_nano.a(lib_a-strcmp.o)
                0x0000000008000108                strcmp
 .text          0x000000000800011c       0x14 c:/st/stm32cubeide_1.4.0/stm32cubeide/plugins/com.st.stm32cube.ide.mcu.externaltools.gnu-tools-for-stm32.7-2018-q2-update.win32_1.4.0.202007081208/tools/bin/../lib/gcc/arm-none-eabi/7.3.1/thumb/v6-m\libgcc.a(_thumb1_case_uqi.o)
                0x000000000800011c                __gnu_thumb1_case_uqi
 .text          0x0000000008000130      0x114 c:/st/stm32cubeide_1.4.0/stm32cubeide/plugins/com.st.stm32cube.ide.mcu.externaltools.gnu-tools-for-stm32.7-2018-q2-update.win32_1.4.0.202007081208/tools/bin/../lib/gcc/arm-none-eabi/7.3.1/thumb/v6-m\libgcc.a(_udivsi3.o)
                0x0000000008000130                __aeabi_uidiv
                0x0000000008000130                __udivsi3
                0x000000000800023c                __aeabi_uidivmod
 .text          0x0000000008000244        0x4 c:/st/stm32cubeide_1.4.0/stm32cubeide/plugins/com.st.stm32cube.ide.mcu.externaltools.gnu-tools-for-stm32.7-2018-q2-update.win32_1.4.0.202007081208/tools/bin/../lib/gcc/arm-none-eabi/7.3.1/thumb/v6-m\libgcc.a(_dvmd_tls.o)
                0x0000000008000244                __aeabi_idiv0
                0x0000000008000244                __aeabi_ldiv0
 .text          0x0000000008000248       0x18 c:/st/stm32cubeide_1.4.0/stm32cubeide/plugins/com.st.stm32cube.ide.mcu.externaltools.gnu-tools-for-stm32.7-2018-q2-update.win32_1.4.0.202007081208/tools/bin/../lib/gcc/arm-none-eabi/7.3.1/thumb/v6-m\libgcc.a(_lshrdi3.o)
                0x0000000008000248                __lshrdi3
                0x0000000008000248                __aeabi_llsr
 *(.text*)
 .text.irmp_store_bit
                0x0000000008000260       0xc4 Core/IRMP/irmp.o
 .text.irmp_init
                0x0000000008000324        0x2 Core/IRMP/irmp.o
                0x0000000008000324                irmp_init
 *fill*         0x0000000008000326        0x2 
 .text.irmp_get_data
                0x0000000008000328       0xf4 Core/IRMP/irmp.o
                0x0000000008000328                irmp_get_data
 .text.irmp_ISR
                0x000000000800041c      0x7e4 Core/IRMP/irmp.o
                0x000000000800041c                irmp_ISR
 .text.activateIR
                0x0000000008000c00       0x20 Core/Src/main.o
 .text.RGB_MCU  0x0000000008000c20       0x1c Core/Src/main.o
 .text.RGB_RPi  0x0000000008000c3c       0x1c Core/Src/main.o
 .text.WS2812_ChangeColor
                0x0000000008000c58       0x2a Core/Src/main.o
 *fill*         0x0000000008000c82        0x2 
 .text.flashConfig
                0x0000000008000c84       0x7c Core/Src/main.o
 .text.SystemClock_Config
                0x0000000008000d00       0x64 Core/Src/main.o
                0x0000000008000d00                SystemClock_Config
 .text.startup.main
                0x0000000008000d64      0x738 Core/Src/main.o
                0x0000000008000d64                main
 .text.setButtonPressed
                0x000000000800149c        0xc Core/Src/main.o
                0x000000000800149c                setButtonPressed
 .text.setTimerReset
                0x00000000080014a8       0x24 Core/Src/main.o
                0x00000000080014a8                setTimerReset
 .text.Error_Handler
                0x00000000080014cc        0x2 Core/Src/main.o
                0x00000000080014cc                Error_Handler
 *fill*         0x00000000080014ce        0x2 
 .text.HAL_MspInit
                0x00000000080014d0       0x30 Core/Src/stm32f0xx_hal_msp.o
                0x00000000080014d0                HAL_MspInit
 .text.HAL_ADC_MspInit
                0x0000000008001500       0x60 Core/Src/stm32f0xx_hal_msp.o
                0x0000000008001500                HAL_ADC_MspInit
 .text.HAL_SPI_MspInit
                0x0000000008001560       0x94 Core/Src/stm32f0xx_hal_msp.o
                0x0000000008001560                HAL_SPI_MspInit
 .text.HAL_TIM_Base_MspInit
                0x00000000080015f4       0x88 Core/Src/stm32f0xx_hal_msp.o
                0x00000000080015f4                HAL_TIM_Base_MspInit
 .text.HAL_UART_MspInit
                0x000000000800167c       0x68 Core/Src/stm32f0xx_hal_msp.o
                0x000000000800167c                HAL_UART_MspInit
 .text.NMI_Handler
                0x00000000080016e4        0x2 Core/Src/stm32f0xx_it.o
                0x00000000080016e4                NMI_Handler
 .text.HardFault_Handler
                0x00000000080016e6        0x2 Core/Src/stm32f0xx_it.o
                0x00000000080016e6                HardFault_Handler
 .text.SVC_Handler
                0x00000000080016e8        0x2 Core/Src/stm32f0xx_it.o
                0x00000000080016e8                SVC_Handler
 .text.PendSV_Handler
                0x00000000080016ea        0x2 Core/Src/stm32f0xx_it.o
                0x00000000080016ea                PendSV_Handler
 .text.SysTick_Handler
                0x00000000080016ec        0x8 Core/Src/stm32f0xx_it.o
                0x00000000080016ec                SysTick_Handler
 .text.EXTI0_1_IRQHandler
                0x00000000080016f4        0xe Core/Src/stm32f0xx_it.o
                0x00000000080016f4                EXTI0_1_IRQHandler
 *fill*         0x0000000008001702        0x2 
 .text.DMA1_Channel2_3_IRQHandler
                0x0000000008001704       0x10 Core/Src/stm32f0xx_it.o
                0x0000000008001704                DMA1_Channel2_3_IRQHandler
 .text.TIM1_BRK_UP_TRG_COM_IRQHandler
                0x0000000008001714       0x10 Core/Src/stm32f0xx_it.o
                0x0000000008001714                TIM1_BRK_UP_TRG_COM_IRQHandler
 .text.TIM1_CC_IRQHandler
                0x0000000008001724        0x8 Core/Src/stm32f0xx_it.o
                0x0000000008001724                TIM1_CC_IRQHandler
 .text.TIM14_IRQHandler
                0x000000000800172c       0x14 Core/Src/stm32f0xx_it.o
                0x000000000800172c                TIM14_IRQHandler
 .text.TIM16_IRQHandler
                0x0000000008001740       0x14 Core/Src/stm32f0xx_it.o
                0x0000000008001740                TIM16_IRQHandler
 .text.USART1_IRQHandler
                0x0000000008001754       0x3c Core/Src/stm32f0xx_it.o
                0x0000000008001754                USART1_IRQHandler
 .text.SystemInit
                0x0000000008001790        0x2 Core/Src/system_stm32f0xx.o
                0x0000000008001790                SystemInit
 *fill*         0x0000000008001792        0x2 
 .text.Reset_Handler
                0x0000000008001794       0x50 Core/Startup/startup_stm32f030f4px.o
                0x0000000008001794                Reset_Handler
 .text.Default_Handler
                0x00000000080017e4        0x2 Core/Startup/startup_stm32f030f4px.o
                0x00000000080017e4                I2C1_IRQHandler
                0x00000000080017e4                SPI1_IRQHandler
                0x00000000080017e4                EXTI2_3_IRQHandler
                0x00000000080017e4                ADC1_IRQHandler
                0x00000000080017e4                TIM17_IRQHandler
                0x00000000080017e4                RTC_IRQHandler
                0x00000000080017e4                TIM3_IRQHandler
                0x00000000080017e4                EXTI4_15_IRQHandler
                0x00000000080017e4                RCC_IRQHandler
                0x00000000080017e4                DMA1_Channel1_IRQHandler
                0x00000000080017e4                Default_Handler
                0x00000000080017e4                DMA1_Channel4_5_IRQHandler
                0x00000000080017e4                WWDG_IRQHandler
                0x00000000080017e4                FLASH_IRQHandler
 *fill*         0x00000000080017e6        0x2 
 .text.ws28xx_fill_a_bit
                0x00000000080017e8       0x2c Core/WS2812/ws28xx.o
                0x00000000080017e8                ws28xx_fill_a_bit
 .text.ws28xx_set_buffer
                0x0000000008001814       0x64 Core/WS2812/ws28xx.o
                0x0000000008001814                ws28xx_set_buffer
 .text.ws28xx_Put_Pixels
                0x0000000008001878       0x78 Core/WS2812/ws28xx.o
                0x0000000008001878                ws28xx_Put_Pixels
 .text.ws28xx_Update
                0x00000000080018f0       0x10 Core/WS2812/ws28xx.o
                0x00000000080018f0                ws28xx_Update
 .text.ws28xx_SetColor
                0x0000000008001900       0x68 Core/WS2812/ws28xx.o
                0x0000000008001900                ws28xx_SetColor
 .text.ws28xx_fade
                0x0000000008001968       0x98 Core/WS2812/ws28xx.o
                0x0000000008001968                ws28xx_fade
 .text.HAL_InitTick
                0x0000000008001a00       0x48 Drivers/STM32F0xx_HAL_Driver/Src/stm32f0xx_hal.o
                0x0000000008001a00                HAL_InitTick
 .text.HAL_Init
                0x0000000008001a48       0x20 Drivers/STM32F0xx_HAL_Driver/Src/stm32f0xx_hal.o
                0x0000000008001a48                HAL_Init
 .text.HAL_IncTick
                0x0000000008001a68       0x18 Drivers/STM32F0xx_HAL_Driver/Src/stm32f0xx_hal.o
                0x0000000008001a68                HAL_IncTick
 .text.HAL_GetTick
                0x0000000008001a80        0xc Drivers/STM32F0xx_HAL_Driver/Src/stm32f0xx_hal.o
                0x0000000008001a80                HAL_GetTick
 .text.HAL_Delay
                0x0000000008001a8c       0x24 Drivers/STM32F0xx_HAL_Driver/Src/stm32f0xx_hal.o
                0x0000000008001a8c                HAL_Delay
 .text.HAL_ADC_Init
                0x0000000008001ab0      0x14c Drivers/STM32F0xx_HAL_Driver/Src/stm32f0xx_hal_adc.o
                0x0000000008001ab0                HAL_ADC_Init
 .text.HAL_ADC_ConfigChannel
                0x0000000008001bfc       0xfc Drivers/STM32F0xx_HAL_Driver/Src/stm32f0xx_hal_adc.o
                0x0000000008001bfc                HAL_ADC_ConfigChannel
 .text.HAL_NVIC_SetPriority
                0x0000000008001cf8       0x54 Drivers/STM32F0xx_HAL_Driver/Src/stm32f0xx_hal_cortex.o
                0x0000000008001cf8                HAL_NVIC_SetPriority
 .text.HAL_NVIC_EnableIRQ
                0x0000000008001d4c       0x18 Drivers/STM32F0xx_HAL_Driver/Src/stm32f0xx_hal_cortex.o
                0x0000000008001d4c                HAL_NVIC_EnableIRQ
 .text.HAL_NVIC_DisableIRQ
                0x0000000008001d64       0x20 Drivers/STM32F0xx_HAL_Driver/Src/stm32f0xx_hal_cortex.o
                0x0000000008001d64                HAL_NVIC_DisableIRQ
 .text.HAL_SYSTICK_Config
                0x0000000008001d84       0x34 Drivers/STM32F0xx_HAL_Driver/Src/stm32f0xx_hal_cortex.o
                0x0000000008001d84                HAL_SYSTICK_Config
 .text.HAL_NVIC_ClearPendingIRQ
                0x0000000008001db8       0x1c Drivers/STM32F0xx_HAL_Driver/Src/stm32f0xx_hal_cortex.o
                0x0000000008001db8                HAL_NVIC_ClearPendingIRQ
 .text.HAL_DMA_Init
                0x0000000008001dd4       0x64 Drivers/STM32F0xx_HAL_Driver/Src/stm32f0xx_hal_dma.o
                0x0000000008001dd4                HAL_DMA_Init
 .text.HAL_DMA_Start_IT
                0x0000000008001e38       0x78 Drivers/STM32F0xx_HAL_Driver/Src/stm32f0xx_hal_dma.o
                0x0000000008001e38                HAL_DMA_Start_IT
 .text.HAL_DMA_Abort_IT
                0x0000000008001eb0       0x46 Drivers/STM32F0xx_HAL_Driver/Src/stm32f0xx_hal_dma.o
                0x0000000008001eb0                HAL_DMA_Abort_IT
 .text.HAL_DMA_IRQHandler
                0x0000000008001ef6       0x92 Drivers/STM32F0xx_HAL_Driver/Src/stm32f0xx_hal_dma.o
                0x0000000008001ef6                HAL_DMA_IRQHandler
 .text.FLASH_SetErrorCode
                0x0000000008001f88       0x3c Drivers/STM32F0xx_HAL_Driver/Src/stm32f0xx_hal_flash.o
 .text.HAL_FLASH_Unlock
                0x0000000008001fc4       0x28 Drivers/STM32F0xx_HAL_Driver/Src/stm32f0xx_hal_flash.o
                0x0000000008001fc4                HAL_FLASH_Unlock
 .text.HAL_FLASH_Lock
                0x0000000008001fec       0x14 Drivers/STM32F0xx_HAL_Driver/Src/stm32f0xx_hal_flash.o
                0x0000000008001fec                HAL_FLASH_Lock
 .text.FLASH_WaitForLastOperation
                0x0000000008002000       0x54 Drivers/STM32F0xx_HAL_Driver/Src/stm32f0xx_hal_flash.o
                0x0000000008002000                FLASH_WaitForLastOperation
 .text.HAL_FLASH_Program
                0x0000000008002054       0x84 Drivers/STM32F0xx_HAL_Driver/Src/stm32f0xx_hal_flash.o
                0x0000000008002054                HAL_FLASH_Program
 .text.FLASH_MassErase
                0x00000000080020d8       0x24 Drivers/STM32F0xx_HAL_Driver/Src/stm32f0xx_hal_flash_ex.o
 .text.FLASH_PageErase
                0x00000000080020fc       0x24 Drivers/STM32F0xx_HAL_Driver/Src/stm32f0xx_hal_flash_ex.o
                0x00000000080020fc                FLASH_PageErase
 .text.HAL_FLASHEx_Erase
                0x0000000008002120       0x94 Drivers/STM32F0xx_HAL_Driver/Src/stm32f0xx_hal_flash_ex.o
                0x0000000008002120                HAL_FLASHEx_Erase
 .text.HAL_GPIO_Init
                0x00000000080021b4      0x160 Drivers/STM32F0xx_HAL_Driver/Src/stm32f0xx_hal_gpio.o
                0x00000000080021b4                HAL_GPIO_Init
 .text.HAL_GPIO_ReadPin
                0x0000000008002314        0xc Drivers/STM32F0xx_HAL_Driver/Src/stm32f0xx_hal_gpio.o
                0x0000000008002314                HAL_GPIO_ReadPin
 .text.HAL_GPIO_WritePin
                0x0000000008002320        0xc Drivers/STM32F0xx_HAL_Driver/Src/stm32f0xx_hal_gpio.o
                0x0000000008002320                HAL_GPIO_WritePin
 .text.HAL_GPIO_EXTI_Callback
                0x000000000800232c        0x2 Drivers/STM32F0xx_HAL_Driver/Src/stm32f0xx_hal_gpio.o
                0x000000000800232c                HAL_GPIO_EXTI_Callback
 *fill*         0x000000000800232e        0x2 
 .text.HAL_GPIO_EXTI_IRQHandler
                0x0000000008002330       0x18 Drivers/STM32F0xx_HAL_Driver/Src/stm32f0xx_hal_gpio.o
                0x0000000008002330                HAL_GPIO_EXTI_IRQHandler
 .text.HAL_RCC_OscConfig
                0x0000000008002348      0x404 Drivers/STM32F0xx_HAL_Driver/Src/stm32f0xx_hal_rcc.o
                0x0000000008002348                HAL_RCC_OscConfig
 .text.HAL_RCC_GetSysClockFreq
                0x000000000800274c       0x64 Drivers/STM32F0xx_HAL_Driver/Src/stm32f0xx_hal_rcc.o
                0x000000000800274c                HAL_RCC_GetSysClockFreq
 .text.HAL_RCC_ClockConfig
                0x00000000080027b0      0x108 Drivers/STM32F0xx_HAL_Driver/Src/stm32f0xx_hal_rcc.o
                0x00000000080027b0                HAL_RCC_ClockConfig
 .text.HAL_RCC_GetPCLK1Freq
                0x00000000080028b8       0x20 Drivers/STM32F0xx_HAL_Driver/Src/stm32f0xx_hal_rcc.o
                0x00000000080028b8                HAL_RCC_GetPCLK1Freq
 .text.HAL_RCCEx_PeriphCLKConfig
                0x00000000080028d8      0x108 Drivers/STM32F0xx_HAL_Driver/Src/stm32f0xx_hal_rcc_ex.o
                0x00000000080028d8                HAL_RCCEx_PeriphCLKConfig
 .text.SPI_WaitFlagStateUntilTimeout.part.0
                0x00000000080029e0       0x60 Drivers/STM32F0xx_HAL_Driver/Src/stm32f0xx_hal_spi.o
 .text.SPI_WaitFlagStateUntilTimeout.constprop.9
                0x0000000008002a40       0x28 Drivers/STM32F0xx_HAL_Driver/Src/stm32f0xx_hal_spi.o
 .text.SPI_WaitFifoStateUntilTimeout.constprop.10
                0x0000000008002a68       0x34 Drivers/STM32F0xx_HAL_Driver/Src/stm32f0xx_hal_spi.o
 .text.SPI_EndRxTxTransaction
                0x0000000008002a9c       0x46 Drivers/STM32F0xx_HAL_Driver/Src/stm32f0xx_hal_spi.o
 *fill*         0x0000000008002ae2        0x2 
 .text.HAL_SPI_Init
                0x0000000008002ae4       0xbc Drivers/STM32F0xx_HAL_Driver/Src/stm32f0xx_hal_spi.o
                0x0000000008002ae4                HAL_SPI_Init
 .text.HAL_SPI_Transmit_DMA
                0x0000000008002ba0      0x104 Drivers/STM32F0xx_HAL_Driver/Src/stm32f0xx_hal_spi.o
                0x0000000008002ba0                HAL_SPI_Transmit_DMA
 .text.HAL_SPI_TxCpltCallback
                0x0000000008002ca4        0x2 Drivers/STM32F0xx_HAL_Driver/Src/stm32f0xx_hal_spi.o
                0x0000000008002ca4                HAL_SPI_TxCpltCallback
 .text.HAL_SPI_TxHalfCpltCallback
                0x0000000008002ca6        0x2 Drivers/STM32F0xx_HAL_Driver/Src/stm32f0xx_hal_spi.o
                0x0000000008002ca6                HAL_SPI_TxHalfCpltCallback
 .text.SPI_DMAHalfTransmitCplt
                0x0000000008002ca8        0xa Drivers/STM32F0xx_HAL_Driver/Src/stm32f0xx_hal_spi.o
 .text.HAL_SPI_ErrorCallback
                0x0000000008002cb2        0x2 Drivers/STM32F0xx_HAL_Driver/Src/stm32f0xx_hal_spi.o
                0x0000000008002cb2                HAL_SPI_ErrorCallback
 .text.SPI_DMAError
                0x0000000008002cb4       0x24 Drivers/STM32F0xx_HAL_Driver/Src/stm32f0xx_hal_spi.o
 .text.SPI_DMATransmitCplt
                0x0000000008002cd8       0x6e Drivers/STM32F0xx_HAL_Driver/Src/stm32f0xx_hal_spi.o
 *fill*         0x0000000008002d46        0x2 
 .text.HAL_TIM_Base_Stop
                0x0000000008002d48       0x34 Drivers/STM32F0xx_HAL_Driver/Src/stm32f0xx_hal_tim.o
                0x0000000008002d48                HAL_TIM_Base_Stop
 .text.HAL_TIM_Base_Start_IT
                0x0000000008002d7c       0x1e Drivers/STM32F0xx_HAL_Driver/Src/stm32f0xx_hal_tim.o
                0x0000000008002d7c                HAL_TIM_Base_Start_IT
 *fill*         0x0000000008002d9a        0x2 
 .text.HAL_TIM_Base_Stop_IT
                0x0000000008002d9c       0x2c Drivers/STM32F0xx_HAL_Driver/Src/stm32f0xx_hal_tim.o
                0x0000000008002d9c                HAL_TIM_Base_Stop_IT
 .text.HAL_TIM_PeriodElapsedCallback
                0x0000000008002dc8        0x2 Drivers/STM32F0xx_HAL_Driver/Src/stm32f0xx_hal_tim.o
                0x0000000008002dc8                HAL_TIM_PeriodElapsedCallback
 .text.HAL_TIM_OC_DelayElapsedCallback
                0x0000000008002dca        0x2 Drivers/STM32F0xx_HAL_Driver/Src/stm32f0xx_hal_tim.o
                0x0000000008002dca                HAL_TIM_OC_DelayElapsedCallback
 .text.HAL_TIM_IC_CaptureCallback
                0x0000000008002dcc        0x2 Drivers/STM32F0xx_HAL_Driver/Src/stm32f0xx_hal_tim.o
                0x0000000008002dcc                HAL_TIM_IC_CaptureCallback
 .text.HAL_TIM_PWM_PulseFinishedCallback
                0x0000000008002dce        0x2 Drivers/STM32F0xx_HAL_Driver/Src/stm32f0xx_hal_tim.o
                0x0000000008002dce                HAL_TIM_PWM_PulseFinishedCallback
 .text.HAL_TIM_TriggerCallback
                0x0000000008002dd0        0x2 Drivers/STM32F0xx_HAL_Driver/Src/stm32f0xx_hal_tim.o
                0x0000000008002dd0                HAL_TIM_TriggerCallback
 .text.HAL_TIM_IRQHandler
                0x0000000008002dd2      0x148 Drivers/STM32F0xx_HAL_Driver/Src/stm32f0xx_hal_tim.o
                0x0000000008002dd2                HAL_TIM_IRQHandler
 *fill*         0x0000000008002f1a        0x2 
 .text.TIM_Base_SetConfig
                0x0000000008002f1c       0x80 Drivers/STM32F0xx_HAL_Driver/Src/stm32f0xx_hal_tim.o
                0x0000000008002f1c                TIM_Base_SetConfig
 .text.HAL_TIM_Base_Init
                0x0000000008002f9c       0x36 Drivers/STM32F0xx_HAL_Driver/Src/stm32f0xx_hal_tim.o
                0x0000000008002f9c                HAL_TIM_Base_Init
 *fill*         0x0000000008002fd2        0x2 
 .text.TIM_ETR_SetConfig
                0x0000000008002fd4       0x18 Drivers/STM32F0xx_HAL_Driver/Src/stm32f0xx_hal_tim.o
                0x0000000008002fd4                TIM_ETR_SetConfig
 .text.HAL_TIM_ConfigClockSource
                0x0000000008002fec      0x12c Drivers/STM32F0xx_HAL_Driver/Src/stm32f0xx_hal_tim.o
                0x0000000008002fec                HAL_TIM_ConfigClockSource
 .text.HAL_TIMEx_MasterConfigSynchronization
                0x0000000008003118       0x54 Drivers/STM32F0xx_HAL_Driver/Src/stm32f0xx_hal_tim_ex.o
                0x0000000008003118                HAL_TIMEx_MasterConfigSynchronization
 .text.HAL_TIMEx_CommutCallback
                0x000000000800316c        0x2 Drivers/STM32F0xx_HAL_Driver/Src/stm32f0xx_hal_tim_ex.o
                0x000000000800316c                HAL_TIMEx_CommutCallback
 .text.HAL_TIMEx_BreakCallback
                0x000000000800316e        0x2 Drivers/STM32F0xx_HAL_Driver/Src/stm32f0xx_hal_tim_ex.o
                0x000000000800316e                HAL_TIMEx_BreakCallback
 .text.UART_EndRxTransfer
                0x0000000008003170       0x24 Drivers/STM32F0xx_HAL_Driver/Src/stm32f0xx_hal_uart.o
 .text.HAL_UART_Receive_IT
                0x0000000008003194       0xb4 Drivers/STM32F0xx_HAL_Driver/Src/stm32f0xx_hal_uart.o
                0x0000000008003194                HAL_UART_Receive_IT
 .text.HAL_UART_TxCpltCallback
                0x0000000008003248        0x2 Drivers/STM32F0xx_HAL_Driver/Src/stm32f0xx_hal_uart.o
                0x0000000008003248                HAL_UART_TxCpltCallback
 .text.HAL_UART_RxCpltCallback
                0x000000000800324a        0x2 Drivers/STM32F0xx_HAL_Driver/Src/stm32f0xx_hal_uart.o
                0x000000000800324a                HAL_UART_RxCpltCallback
 .text.UART_RxISR_8BIT
                0x000000000800324c       0x60 Drivers/STM32F0xx_HAL_Driver/Src/stm32f0xx_hal_uart.o
 .text.UART_RxISR_16BIT
                0x00000000080032ac       0x5c Drivers/STM32F0xx_HAL_Driver/Src/stm32f0xx_hal_uart.o
 .text.HAL_UART_ErrorCallback
                0x0000000008003308        0x2 Drivers/STM32F0xx_HAL_Driver/Src/stm32f0xx_hal_uart.o
                0x0000000008003308                HAL_UART_ErrorCallback
 *fill*         0x000000000800330a        0x2 
 .text.HAL_UART_IRQHandler
                0x000000000800330c      0x13c Drivers/STM32F0xx_HAL_Driver/Src/stm32f0xx_hal_uart.o
                0x000000000800330c                HAL_UART_IRQHandler
 .text.UART_DMAAbortOnError
                0x0000000008003448       0x16 Drivers/STM32F0xx_HAL_Driver/Src/stm32f0xx_hal_uart.o
 *fill*         0x000000000800345e        0x2 
 .text.UART_SetConfig
                0x0000000008003460      0x130 Drivers/STM32F0xx_HAL_Driver/Src/stm32f0xx_hal_uart.o
                0x0000000008003460                UART_SetConfig
 .text.UART_AdvFeatureConfig
                0x0000000008003590       0xd0 Drivers/STM32F0xx_HAL_Driver/Src/stm32f0xx_hal_uart.o
                0x0000000008003590                UART_AdvFeatureConfig
 .text.UART_WaitOnFlagUntilTimeout
                0x0000000008003660       0x90 Drivers/STM32F0xx_HAL_Driver/Src/stm32f0xx_hal_uart.o
                0x0000000008003660                UART_WaitOnFlagUntilTimeout
 .text.HAL_UART_Transmit
                0x00000000080036f0       0xd2 Drivers/STM32F0xx_HAL_Driver/Src/stm32f0xx_hal_uart.o
                0x00000000080036f0                HAL_UART_Transmit
 *fill*         0x00000000080037c2        0x2 
 .text.UART_CheckIdleState
                0x00000000080037c4       0x60 Drivers/STM32F0xx_HAL_Driver/Src/stm32f0xx_hal_uart.o
                0x00000000080037c4                UART_CheckIdleState
 .text.HAL_UART_Init
                0x0000000008003824       0x64 Drivers/STM32F0xx_HAL_Driver/Src/stm32f0xx_hal_uart.o
                0x0000000008003824                HAL_UART_Init
 .text.__libc_init_array
                0x0000000008003888       0x48 c:/st/stm32cubeide_1.4.0/stm32cubeide/plugins/com.st.stm32cube.ide.mcu.externaltools.gnu-tools-for-stm32.7-2018-q2-update.win32_1.4.0.202007081208/tools/bin/../lib/gcc/arm-none-eabi/7.3.1/../../../../arm-none-eabi/lib/thumb/v6-m\libc_nano.a(lib_a-init.o)
                0x0000000008003888                __libc_init_array
 .text.memcpy   0x00000000080038d0       0x12 c:/st/stm32cubeide_1.4.0/stm32cubeide/plugins/com.st.stm32cube.ide.mcu.externaltools.gnu-tools-for-stm32.7-2018-q2-update.win32_1.4.0.202007081208/tools/bin/../lib/gcc/arm-none-eabi/7.3.1/../../../../arm-none-eabi/lib/thumb/v6-m\libc_nano.a(lib_a-memcpy-stub.o)
                0x00000000080038d0                memcpy
 .text.memset   0x00000000080038e2       0x10 c:/st/stm32cubeide_1.4.0/stm32cubeide/plugins/com.st.stm32cube.ide.mcu.externaltools.gnu-tools-for-stm32.7-2018-q2-update.win32_1.4.0.202007081208/tools/bin/../lib/gcc/arm-none-eabi/7.3.1/../../../../arm-none-eabi/lib/thumb/v6-m\libc_nano.a(lib_a-memset.o)
                0x00000000080038e2                memset
 .text.strcpy   0x00000000080038f2       0x10 c:/st/stm32cubeide_1.4.0/stm32cubeide/plugins/com.st.stm32cube.ide.mcu.externaltools.gnu-tools-for-stm32.7-2018-q2-update.win32_1.4.0.202007081208/tools/bin/../lib/gcc/arm-none-eabi/7.3.1/../../../../arm-none-eabi/lib/thumb/v6-m\libc_nano.a(lib_a-strcpy.o)
                0x00000000080038f2                strcpy
 .text.strncmp  0x0000000008003902       0x22 c:/st/stm32cubeide_1.4.0/stm32cubeide/plugins/com.st.stm32cube.ide.mcu.externaltools.gnu-tools-for-stm32.7-2018-q2-update.win32_1.4.0.202007081208/tools/bin/../lib/gcc/arm-none-eabi/7.3.1/../../../../arm-none-eabi/lib/thumb/v6-m\libc_nano.a(lib_a-strncmp.o)
                0x0000000008003902                strncmp
 *(.glue_7)
 .glue_7        0x0000000008003924        0x0 linker stubs
 *(.glue_7t)
 .glue_7t       0x0000000008003924        0x0 linker stubs
 *(.eh_frame)
 .eh_frame      0x0000000008003924        0x0 c:/st/stm32cubeide_1.4.0/stm32cubeide/plugins/com.st.stm32cube.ide.mcu.externaltools.gnu-tools-for-stm32.7-2018-q2-update.win32_1.4.0.202007081208/tools/bin/../lib/gcc/arm-none-eabi/7.3.1/thumb/v6-m/crtbegin.o
 *(.init)
 .init          0x0000000008003924        0x4 c:/st/stm32cubeide_1.4.0/stm32cubeide/plugins/com.st.stm32cube.ide.mcu.externaltools.gnu-tools-for-stm32.7-2018-q2-update.win32_1.4.0.202007081208/tools/bin/../lib/gcc/arm-none-eabi/7.3.1/thumb/v6-m/crti.o
                0x0000000008003924                _init
 .init          0x0000000008003928        0x8 c:/st/stm32cubeide_1.4.0/stm32cubeide/plugins/com.st.stm32cube.ide.mcu.externaltools.gnu-tools-for-stm32.7-2018-q2-update.win32_1.4.0.202007081208/tools/bin/../lib/gcc/arm-none-eabi/7.3.1/thumb/v6-m/crtn.o
 *(.fini)
 .fini          0x0000000008003930        0x4 c:/st/stm32cubeide_1.4.0/stm32cubeide/plugins/com.st.stm32cube.ide.mcu.externaltools.gnu-tools-for-stm32.7-2018-q2-update.win32_1.4.0.202007081208/tools/bin/../lib/gcc/arm-none-eabi/7.3.1/thumb/v6-m/crti.o
                0x0000000008003930                _fini
 .fini          0x0000000008003934        0x8 c:/st/stm32cubeide_1.4.0/stm32cubeide/plugins/com.st.stm32cube.ide.mcu.externaltools.gnu-tools-for-stm32.7-2018-q2-update.win32_1.4.0.202007081208/tools/bin/../lib/gcc/arm-none-eabi/7.3.1/thumb/v6-m/crtn.o
                0x000000000800393c                . = ALIGN (0x4)
                0x000000000800393c                _etext = .

.vfp11_veneer   0x000000000800393c        0x0
 .vfp11_veneer  0x000000000800393c        0x0 linker stubs

.v4_bx          0x000000000800393c        0x0
 .v4_bx         0x000000000800393c        0x0 linker stubs

.iplt           0x000000000800393c        0x0
 .iplt          0x000000000800393c        0x0 c:/st/stm32cubeide_1.4.0/stm32cubeide/plugins/com.st.stm32cube.ide.mcu.externaltools.gnu-tools-for-stm32.7-2018-q2-update.win32_1.4.0.202007081208/tools/bin/../lib/gcc/arm-none-eabi/7.3.1/thumb/v6-m/crtbegin.o

.rodata         0x000000000800393c      0x28c
                0x000000000800393c                . = ALIGN (0x4)
 *(.rodata)
 .rodata        0x000000000800393c       0x20 Drivers/STM32F0xx_HAL_Driver/Src/stm32f0xx_hal_rcc.o
 *(.rodata*)
 .rodata.denon_param
                0x000000000800395c       0x44 Core/IRMP/irmp.o
 .rodata.kaseikyo_param
                0x00000000080039a0       0x44 Core/IRMP/irmp.o
 .rodata.nec_param
                0x00000000080039e4       0x44 Core/IRMP/irmp.o
 .rodata.nec_rep_param
                0x0000000008003a28       0x44 Core/IRMP/irmp.o
 .rodata.rc5_param
                0x0000000008003a6c       0x44 Core/IRMP/irmp.o
 .rodata.rc6_param
                0x0000000008003ab0       0x44 Core/IRMP/irmp.o
 .rodata.samsung_param
                0x0000000008003af4       0x44 Core/IRMP/irmp.o
 .rodata.sircs_param
                0x0000000008003b38       0x44 Core/IRMP/irmp.o
 .rodata.main.str1.1
                0x0000000008003b7c       0x2e Core/Src/main.o
 .rodata.AHBPrescTable
                0x0000000008003baa       0x10 Core/Src/system_stm32f0xx.o
                0x0000000008003baa                AHBPrescTable
 .rodata.APBPrescTable
                0x0000000008003bba        0x8 Core/Src/system_stm32f0xx.o
                0x0000000008003bba                APBPrescTable
 .rodata.CSWTCH.57
                0x0000000008003bc2        0x4 Drivers/STM32F0xx_HAL_Driver/Src/stm32f0xx_hal_uart.o
                0x0000000008003bc8                . = ALIGN (0x4)
 *fill*         0x0000000008003bc6        0x2 

.rel.dyn        0x0000000008003bc8        0x0
 .rel.iplt      0x0000000008003bc8        0x0 c:/st/stm32cubeide_1.4.0/stm32cubeide/plugins/com.st.stm32cube.ide.mcu.externaltools.gnu-tools-for-stm32.7-2018-q2-update.win32_1.4.0.202007081208/tools/bin/../lib/gcc/arm-none-eabi/7.3.1/thumb/v6-m/crtbegin.o

.ARM.extab      0x0000000008003bc8        0x0
                0x0000000008003bc8                . = ALIGN (0x4)
 *(.ARM.extab* .gnu.linkonce.armextab.*)
                0x0000000008003bc8                . = ALIGN (0x4)

.ARM            0x0000000008003bc8        0x0
                0x0000000008003bc8                . = ALIGN (0x4)
                0x0000000008003bc8                __exidx_start = .
 *(.ARM.exidx*)
                0x0000000008003bc8                __exidx_end = .
                0x0000000008003bc8                . = ALIGN (0x4)

.preinit_array  0x0000000008003bc8        0x0
                0x0000000008003bc8                . = ALIGN (0x4)
                0x0000000008003bc8                PROVIDE (__preinit_array_start = .)
 *(.preinit_array*)
                0x0000000008003bc8                PROVIDE (__preinit_array_end = .)
                0x0000000008003bc8                . = ALIGN (0x4)

.init_array     0x0000000008003bc8        0x4
                0x0000000008003bc8                . = ALIGN (0x4)
                0x0000000008003bc8                PROVIDE (__init_array_start = .)
 *(SORT_BY_NAME(.init_array.*))
 *(.init_array*)
 .init_array    0x0000000008003bc8        0x4 c:/st/stm32cubeide_1.4.0/stm32cubeide/plugins/com.st.stm32cube.ide.mcu.externaltools.gnu-tools-for-stm32.7-2018-q2-update.win32_1.4.0.202007081208/tools/bin/../lib/gcc/arm-none-eabi/7.3.1/thumb/v6-m/crtbegin.o
                0x0000000008003bcc                PROVIDE (__init_array_end = .)
                0x0000000008003bcc                . = ALIGN (0x4)

.fini_array     0x0000000008003bcc        0x4
                0x0000000008003bcc                . = ALIGN (0x4)
                [!provide]                        PROVIDE (__fini_array_start = .)
 *(SORT_BY_NAME(.fini_array.*))
 *(.fini_array*)
 .fini_array    0x0000000008003bcc        0x4 c:/st/stm32cubeide_1.4.0/stm32cubeide/plugins/com.st.stm32cube.ide.mcu.externaltools.gnu-tools-for-stm32.7-2018-q2-update.win32_1.4.0.202007081208/tools/bin/../lib/gcc/arm-none-eabi/7.3.1/thumb/v6-m/crtbegin.o
                [!provide]                        PROVIDE (__fini_array_end = .)
                0x0000000008003bd0                . = ALIGN (0x4)
                0x0000000008003bd0                _sidata = LOADADDR (.data)

.data           0x0000000020000000       0x18 load address 0x0000000008003bd0
                0x0000000020000000                . = ALIGN (0x4)
                0x0000000020000000                _sdata = .
 *(.data)
 *(.data*)
 .data.denon_repetition_len.6679
                0x0000000020000000        0x4 Core/IRMP/irmp.o
 .data.last_irmp_address.6674
                0x0000000020000004        0x4 Core/IRMP/irmp.o
 .data.last_irmp_command.6675
                0x0000000020000008        0x4 Core/IRMP/irmp.o
 .data.SystemCoreClock
                0x000000002000000c        0x4 Core/Src/system_stm32f0xx.o
                0x000000002000000c                SystemCoreClock
 .data.uwTickFreq
                0x0000000020000010        0x1 Drivers/STM32F0xx_HAL_Driver/Src/stm32f0xx_hal.o
                0x0000000020000010                uwTickFreq
 *fill*         0x0000000020000011        0x3 
 .data.uwTickPrio
                0x0000000020000014        0x4 Drivers/STM32F0xx_HAL_Driver/Src/stm32f0xx_hal.o
                0x0000000020000014                uwTickPrio
                0x0000000020000018                . = ALIGN (0x4)
                0x0000000020000018                _edata = .

.igot.plt       0x0000000020000018        0x0 load address 0x0000000008003be8
 .igot.plt      0x0000000020000018        0x0 c:/st/stm32cubeide_1.4.0/stm32cubeide/plugins/com.st.stm32cube.ide.mcu.externaltools.gnu-tools-for-stm32.7-2018-q2-update.win32_1.4.0.202007081208/tools/bin/../lib/gcc/arm-none-eabi/7.3.1/thumb/v6-m/crtbegin.o
                0x0000000020000018                . = ALIGN (0x4)

.bss            0x0000000020000018      0x468 load address 0x0000000008003be8
                0x0000000020000018                _sbss = .
                0x0000000020000018                __bss_start__ = _sbss
 *(.bss)
 .bss           0x0000000020000018       0x1c c:/st/stm32cubeide_1.4.0/stm32cubeide/plugins/com.st.stm32cube.ide.mcu.externaltools.gnu-tools-for-stm32.7-2018-q2-update.win32_1.4.0.202007081208/tools/bin/../lib/gcc/arm-none-eabi/7.3.1/thumb/v6-m/crtbegin.o
 *(.bss*)
 .bss.genre2    0x0000000020000034        0x4 Core/IRMP/irmp.o
 .bss.irmp_address
                0x0000000020000038        0x4 Core/IRMP/irmp.o
 .bss.irmp_bit  0x000000002000003c        0x4 Core/IRMP/irmp.o
 .bss.irmp_command
                0x0000000020000040        0x4 Core/IRMP/irmp.o
 .bss.irmp_flags
                0x0000000020000044        0x4 Core/IRMP/irmp.o
 .bss.irmp_id   0x0000000020000048        0x4 Core/IRMP/irmp.o
 .bss.irmp_ir_detected
                0x000000002000004c        0x4 Core/IRMP/irmp.o
 .bss.irmp_param
                0x0000000020000050       0x44 Core/IRMP/irmp.o
 .bss.irmp_pause_time.6673
                0x0000000020000094        0x1 Core/IRMP/irmp.o
 *fill*         0x0000000020000095        0x3 
 .bss.irmp_protocol
                0x0000000020000098        0x4 Core/IRMP/irmp.o
 .bss.irmp_pulse_time.6672
                0x000000002000009c        0x4 Core/IRMP/irmp.o
 .bss.irmp_start_bit_detected.6669
                0x00000000200000a0        0x4 Core/IRMP/irmp.o
 .bss.irmp_tmp_address
                0x00000000200000a4        0x4 Core/IRMP/irmp.o
 .bss.irmp_tmp_command
                0x00000000200000a8        0x4 Core/IRMP/irmp.o
 .bss.irmp_tmp_id
                0x00000000200000ac        0x4 Core/IRMP/irmp.o
 .bss.key_repetition_len.6676
                0x00000000200000b0        0x4 Core/IRMP/irmp.o
 .bss.last_irmp_denon_command.6678
                0x00000000200000b4        0x4 Core/IRMP/irmp.o
 .bss.last_pause.6681
                0x00000000200000b8        0x1 Core/IRMP/irmp.o
 *fill*         0x00000000200000b9        0x3 
 .bss.last_value.6682
                0x00000000200000bc        0x4 Core/IRMP/irmp.o
 .bss.rc5_cmd_bit6.6680
                0x00000000200000c0        0x4 Core/IRMP/irmp.o
 .bss.repetition_frame_number.6677
                0x00000000200000c4        0x4 Core/IRMP/irmp.o
 .bss.wait_for_space.6670
                0x00000000200000c8        0x4 Core/IRMP/irmp.o
 .bss.wait_for_start_space.6671
                0x00000000200000cc        0x4 Core/IRMP/irmp.o
 .bss.xor_check
                0x00000000200000d0        0x6 Core/IRMP/irmp.o
 *fill*         0x00000000200000d6        0x2 
 .bss.PAGEError
                0x00000000200000d8        0x4 Core/Src/main.o
                0x00000000200000d8                PAGEError
 *(COMMON)
 COMMON         0x00000000200000dc       0x12 Core/IRMP/irmp.o
                0x00000000200000dc                RxComplete
                0x00000000200000e0                ledMode
                0x00000000200000e4                timer
                0x00000000200000e5                Rx_data
                0x00000000200000ea                RxCounter
                0x00000000200000eb                button
                0x00000000200000ec                RxBuffer
                0x00000000200000ed                powerUP
 *fill*         0x00000000200000ee        0x2 
 COMMON         0x00000000200000f0      0x23c Core/Src/main.o
                0x00000000200000f0                irmp_temp_data
                0x00000000200000f6                irmp_new_data
                0x00000000200000fc                irmp_data
                0x0000000020000104                huart1
                0x0000000020000184                htim1
                0x00000000200001c4                hspi1
                0x0000000020000228                htim14
                0x0000000020000268                hadc
                0x00000000200002a8                htim16
                0x00000000200002e8                hdma_spi1_tx
 COMMON         0x000000002000032c      0x12c Core/WS2812/ws28xx.o
                0x000000002000032c                ws28xxLEDs
                0x0000000020000338                ws28xx_temp
 COMMON         0x0000000020000458        0x4 Drivers/STM32F0xx_HAL_Driver/Src/stm32f0xx_hal.o
                0x0000000020000458                uwTick
 *fill*         0x000000002000045c        0x4 
 COMMON         0x0000000020000460       0x20 Drivers/STM32F0xx_HAL_Driver/Src/stm32f0xx_hal_flash.o
                0x0000000020000460                pFlash
                0x0000000020000480                . = ALIGN (0x4)
                0x0000000020000480                _ebss = .
                0x0000000020000480                __bss_end__ = _ebss

._user_heap_stack
                0x0000000020000480      0x600 load address 0x0000000008003be8
                0x0000000020000480                . = ALIGN (0x8)
                0x0000000020000480                PROVIDE (end = .)
                [!provide]                        PROVIDE (_end = .)
                0x0000000020000680                . = (. + _Min_Heap_Size)
 *fill*         0x0000000020000480      0x200 
                0x0000000020000a80                . = (. + _Min_Stack_Size)
 *fill*         0x0000000020000680      0x400 
                0x0000000020000a80                . = ALIGN (0x8)

/DISCARD/
 libc.a(*)
 libm.a(*)
 libgcc.a(*)

.ARM.attributes
                0x0000000000000000       0x28
 *(.ARM.attributes)
 .ARM.attributes
                0x0000000000000000       0x1e c:/st/stm32cubeide_1.4.0/stm32cubeide/plugins/com.st.stm32cube.ide.mcu.externaltools.gnu-tools-for-stm32.7-2018-q2-update.win32_1.4.0.202007081208/tools/bin/../lib/gcc/arm-none-eabi/7.3.1/thumb/v6-m/crti.o
 .ARM.attributes
                0x000000000000001e       0x2c c:/st/stm32cubeide_1.4.0/stm32cubeide/plugins/com.st.stm32cube.ide.mcu.externaltools.gnu-tools-for-stm32.7-2018-q2-update.win32_1.4.0.202007081208/tools/bin/../lib/gcc/arm-none-eabi/7.3.1/thumb/v6-m/crtbegin.o
 .ARM.attributes
                0x000000000000004a       0x31 Core/IRMP/irmp.o
 .ARM.attributes
                0x000000000000007b       0x31 Core/Src/main.o
 .ARM.attributes
                0x00000000000000ac       0x31 Core/Src/stm32f0xx_hal_msp.o
 .ARM.attributes
                0x00000000000000dd       0x31 Core/Src/stm32f0xx_it.o
 .ARM.attributes
                0x000000000000010e       0x31 Core/Src/system_stm32f0xx.o
 .ARM.attributes
                0x000000000000013f       0x21 Core/Startup/startup_stm32f030f4px.o
 .ARM.attributes
                0x0000000000000160       0x31 Core/WS2812/ws28xx.o
 .ARM.attributes
                0x0000000000000191       0x31 Drivers/STM32F0xx_HAL_Driver/Src/stm32f0xx_hal.o
 .ARM.attributes
                0x00000000000001c2       0x31 Drivers/STM32F0xx_HAL_Driver/Src/stm32f0xx_hal_adc.o
 .ARM.attributes
                0x00000000000001f3       0x31 Drivers/STM32F0xx_HAL_Driver/Src/stm32f0xx_hal_cortex.o
 .ARM.attributes
                0x0000000000000224       0x31 Drivers/STM32F0xx_HAL_Driver/Src/stm32f0xx_hal_dma.o
 .ARM.attributes
                0x0000000000000255       0x31 Drivers/STM32F0xx_HAL_Driver/Src/stm32f0xx_hal_flash.o
 .ARM.attributes
                0x0000000000000286       0x31 Drivers/STM32F0xx_HAL_Driver/Src/stm32f0xx_hal_flash_ex.o
 .ARM.attributes
                0x00000000000002b7       0x31 Drivers/STM32F0xx_HAL_Driver/Src/stm32f0xx_hal_gpio.o
 .ARM.attributes
                0x00000000000002e8       0x31 Drivers/STM32F0xx_HAL_Driver/Src/stm32f0xx_hal_rcc.o
 .ARM.attributes
                0x0000000000000319       0x31 Drivers/STM32F0xx_HAL_Driver/Src/stm32f0xx_hal_rcc_ex.o
 .ARM.attributes
                0x000000000000034a       0x31 Drivers/STM32F0xx_HAL_Driver/Src/stm32f0xx_hal_spi.o
 .ARM.attributes
                0x000000000000037b       0x31 Drivers/STM32F0xx_HAL_Driver/Src/stm32f0xx_hal_tim.o
 .ARM.attributes
                0x00000000000003ac       0x31 Drivers/STM32F0xx_HAL_Driver/Src/stm32f0xx_hal_tim_ex.o
 .ARM.attributes
                0x00000000000003dd       0x31 Drivers/STM32F0xx_HAL_Driver/Src/stm32f0xx_hal_uart.o
 .ARM.attributes
                0x000000000000040e       0x2c c:/st/stm32cubeide_1.4.0/stm32cubeide/plugins/com.st.stm32cube.ide.mcu.externaltools.gnu-tools-for-stm32.7-2018-q2-update.win32_1.4.0.202007081208/tools/bin/../lib/gcc/arm-none-eabi/7.3.1/../../../../arm-none-eabi/lib/thumb/v6-m\libc_nano.a(lib_a-init.o)
 .ARM.attributes
                0x000000000000043a       0x2c c:/st/stm32cubeide_1.4.0/stm32cubeide/plugins/com.st.stm32cube.ide.mcu.externaltools.gnu-tools-for-stm32.7-2018-q2-update.win32_1.4.0.202007081208/tools/bin/../lib/gcc/arm-none-eabi/7.3.1/../../../../arm-none-eabi/lib/thumb/v6-m\libc_nano.a(lib_a-memcpy-stub.o)
 .ARM.attributes
                0x0000000000000466       0x2c c:/st/stm32cubeide_1.4.0/stm32cubeide/plugins/com.st.stm32cube.ide.mcu.externaltools.gnu-tools-for-stm32.7-2018-q2-update.win32_1.4.0.202007081208/tools/bin/../lib/gcc/arm-none-eabi/7.3.1/../../../../arm-none-eabi/lib/thumb/v6-m\libc_nano.a(lib_a-memset.o)
 .ARM.attributes
                0x0000000000000492       0x1c c:/st/stm32cubeide_1.4.0/stm32cubeide/plugins/com.st.stm32cube.ide.mcu.externaltools.gnu-tools-for-stm32.7-2018-q2-update.win32_1.4.0.202007081208/tools/bin/../lib/gcc/arm-none-eabi/7.3.1/../../../../arm-none-eabi/lib/thumb/v6-m\libc_nano.a(lib_a-strcmp.o)
 .ARM.attributes
                0x00000000000004ae       0x2c c:/st/stm32cubeide_1.4.0/stm32cubeide/plugins/com.st.stm32cube.ide.mcu.externaltools.gnu-tools-for-stm32.7-2018-q2-update.win32_1.4.0.202007081208/tools/bin/../lib/gcc/arm-none-eabi/7.3.1/../../../../arm-none-eabi/lib/thumb/v6-m\libc_nano.a(lib_a-strcpy.o)
 .ARM.attributes
                0x00000000000004da       0x2c c:/st/stm32cubeide_1.4.0/stm32cubeide/plugins/com.st.stm32cube.ide.mcu.externaltools.gnu-tools-for-stm32.7-2018-q2-update.win32_1.4.0.202007081208/tools/bin/../lib/gcc/arm-none-eabi/7.3.1/../../../../arm-none-eabi/lib/thumb/v6-m\libc_nano.a(lib_a-strncmp.o)
 .ARM.attributes
                0x0000000000000506       0x1e c:/st/stm32cubeide_1.4.0/stm32cubeide/plugins/com.st.stm32cube.ide.mcu.externaltools.gnu-tools-for-stm32.7-2018-q2-update.win32_1.4.0.202007081208/tools/bin/../lib/gcc/arm-none-eabi/7.3.1/thumb/v6-m\libgcc.a(_thumb1_case_uqi.o)
 .ARM.attributes
                0x0000000000000524       0x1e c:/st/stm32cubeide_1.4.0/stm32cubeide/plugins/com.st.stm32cube.ide.mcu.externaltools.gnu-tools-for-stm32.7-2018-q2-update.win32_1.4.0.202007081208/tools/bin/../lib/gcc/arm-none-eabi/7.3.1/thumb/v6-m\libgcc.a(_udivsi3.o)
 .ARM.attributes
                0x0000000000000542       0x1e c:/st/stm32cubeide_1.4.0/stm32cubeide/plugins/com.st.stm32cube.ide.mcu.externaltools.gnu-tools-for-stm32.7-2018-q2-update.win32_1.4.0.202007081208/tools/bin/../lib/gcc/arm-none-eabi/7.3.1/thumb/v6-m\libgcc.a(_dvmd_tls.o)
 .ARM.attributes
                0x0000000000000560       0x1e c:/st/stm32cubeide_1.4.0/stm32cubeide/plugins/com.st.stm32cube.ide.mcu.externaltools.gnu-tools-for-stm32.7-2018-q2-update.win32_1.4.0.202007081208/tools/bin/../lib/gcc/arm-none-eabi/7.3.1/thumb/v6-m\libgcc.a(_lshrdi3.o)
 .ARM.attributes
                0x000000000000057e       0x1e c:/st/stm32cubeide_1.4.0/stm32cubeide/plugins/com.st.stm32cube.ide.mcu.externaltools.gnu-tools-for-stm32.7-2018-q2-update.win32_1.4.0.202007081208/tools/bin/../lib/gcc/arm-none-eabi/7.3.1/thumb/v6-m/crtn.o
OUTPUT(Multimedia_20210401.elf elf32-littlearm)

.debug_info     0x0000000000000000    0x144c7
 .debug_info    0x0000000000000000     0x109d Core/IRMP/irmp.o
 .debug_info    0x000000000000109d     0x2f21 Core/Src/main.o
 .debug_info    0x0000000000003fbe     0x1500 Core/Src/stm32f0xx_hal_msp.o
 .debug_info    0x00000000000054be      0xb88 Core/Src/stm32f0xx_it.o
 .debug_info    0x0000000000006046      0x2a2 Core/Src/system_stm32f0xx.o
 .debug_info    0x00000000000062e8       0x22 Core/Startup/startup_stm32f030f4px.o
 .debug_info    0x000000000000630a     0x12ff Core/WS2812/ws28xx.o
 .debug_info    0x0000000000007609      0x71a Drivers/STM32F0xx_HAL_Driver/Src/stm32f0xx_hal.o
 .debug_info    0x0000000000007d23      0xecc Drivers/STM32F0xx_HAL_Driver/Src/stm32f0xx_hal_adc.o
 .debug_info    0x0000000000008bef      0x834 Drivers/STM32F0xx_HAL_Driver/Src/stm32f0xx_hal_cortex.o
 .debug_info    0x0000000000009423      0x860 Drivers/STM32F0xx_HAL_Driver/Src/stm32f0xx_hal_dma.o
 .debug_info    0x0000000000009c83      0x6ae Drivers/STM32F0xx_HAL_Driver/Src/stm32f0xx_hal_flash.o
 .debug_info    0x000000000000a331      0x9f4 Drivers/STM32F0xx_HAL_Driver/Src/stm32f0xx_hal_flash_ex.o
 .debug_info    0x000000000000ad25      0x66b Drivers/STM32F0xx_HAL_Driver/Src/stm32f0xx_hal_gpio.o
 .debug_info    0x000000000000b390      0xa1a Drivers/STM32F0xx_HAL_Driver/Src/stm32f0xx_hal_rcc.o
 .debug_info    0x000000000000bdaa      0x42f Drivers/STM32F0xx_HAL_Driver/Src/stm32f0xx_hal_rcc_ex.o
 .debug_info    0x000000000000c1d9     0x2005 Drivers/STM32F0xx_HAL_Driver/Src/stm32f0xx_hal_spi.o
 .debug_info    0x000000000000e1de     0x3538 Drivers/STM32F0xx_HAL_Driver/Src/stm32f0xx_hal_tim.o
 .debug_info    0x0000000000011716     0x12ae Drivers/STM32F0xx_HAL_Driver/Src/stm32f0xx_hal_tim_ex.o
 .debug_info    0x00000000000129c4     0x1b03 Drivers/STM32F0xx_HAL_Driver/Src/stm32f0xx_hal_uart.o

.debug_abbrev   0x0000000000000000     0x2ff0
 .debug_abbrev  0x0000000000000000      0x28a Core/IRMP/irmp.o
 .debug_abbrev  0x000000000000028a      0x3b4 Core/Src/main.o
 .debug_abbrev  0x000000000000063e      0x242 Core/Src/stm32f0xx_hal_msp.o
 .debug_abbrev  0x0000000000000880      0x215 Core/Src/stm32f0xx_it.o
 .debug_abbrev  0x0000000000000a95      0x12b Core/Src/system_stm32f0xx.o
 .debug_abbrev  0x0000000000000bc0       0x12 Core/Startup/startup_stm32f030f4px.o
 .debug_abbrev  0x0000000000000bd2      0x286 Core/WS2812/ws28xx.o
 .debug_abbrev  0x0000000000000e58      0x26b Drivers/STM32F0xx_HAL_Driver/Src/stm32f0xx_hal.o
 .debug_abbrev  0x00000000000010c3      0x2b7 Drivers/STM32F0xx_HAL_Driver/Src/stm32f0xx_hal_adc.o
 .debug_abbrev  0x000000000000137a      0x272 Drivers/STM32F0xx_HAL_Driver/Src/stm32f0xx_hal_cortex.o
 .debug_abbrev  0x00000000000015ec      0x20c Drivers/STM32F0xx_HAL_Driver/Src/stm32f0xx_hal_dma.o
 .debug_abbrev  0x00000000000017f8      0x2c4 Drivers/STM32F0xx_HAL_Driver/Src/stm32f0xx_hal_flash.o
 .debug_abbrev  0x0000000000001abc      0x281 Drivers/STM32F0xx_HAL_Driver/Src/stm32f0xx_hal_flash_ex.o
 .debug_abbrev  0x0000000000001d3d      0x1eb Drivers/STM32F0xx_HAL_Driver/Src/stm32f0xx_hal_gpio.o
 .debug_abbrev  0x0000000000001f28      0x291 Drivers/STM32F0xx_HAL_Driver/Src/stm32f0xx_hal_rcc.o
 .debug_abbrev  0x00000000000021b9      0x1ba Drivers/STM32F0xx_HAL_Driver/Src/stm32f0xx_hal_rcc_ex.o
 .debug_abbrev  0x0000000000002373      0x358 Drivers/STM32F0xx_HAL_Driver/Src/stm32f0xx_hal_spi.o
 .debug_abbrev  0x00000000000026cb      0x351 Drivers/STM32F0xx_HAL_Driver/Src/stm32f0xx_hal_tim.o
 .debug_abbrev  0x0000000000002a1c      0x2b2 Drivers/STM32F0xx_HAL_Driver/Src/stm32f0xx_hal_tim_ex.o
 .debug_abbrev  0x0000000000002cce      0x322 Drivers/STM32F0xx_HAL_Driver/Src/stm32f0xx_hal_uart.o

.debug_loc      0x0000000000000000     0xa76f
 .debug_loc     0x0000000000000000      0x2d0 Core/IRMP/irmp.o
 .debug_loc     0x00000000000002d0      0x178 Core/Src/main.o
 .debug_loc     0x0000000000000448      0x198 Core/Src/stm32f0xx_hal_msp.o
 .debug_loc     0x00000000000005e0      0x127 Core/Src/system_stm32f0xx.o
 .debug_loc     0x0000000000000707      0x3fa Core/WS2812/ws28xx.o
 .debug_loc     0x0000000000000b01       0xef Drivers/STM32F0xx_HAL_Driver/Src/stm32f0xx_hal.o
 .debug_loc     0x0000000000000bf0      0xaac Drivers/STM32F0xx_HAL_Driver/Src/stm32f0xx_hal_adc.o
 .debug_loc     0x000000000000169c      0x394 Drivers/STM32F0xx_HAL_Driver/Src/stm32f0xx_hal_cortex.o
 .debug_loc     0x0000000000001a30      0x813 Drivers/STM32F0xx_HAL_Driver/Src/stm32f0xx_hal_dma.o
 .debug_loc     0x0000000000002243      0x2b1 Drivers/STM32F0xx_HAL_Driver/Src/stm32f0xx_hal_flash.o
 .debug_loc     0x00000000000024f4      0x4c5 Drivers/STM32F0xx_HAL_Driver/Src/stm32f0xx_hal_flash_ex.o
 .debug_loc     0x00000000000029b9      0x303 Drivers/STM32F0xx_HAL_Driver/Src/stm32f0xx_hal_gpio.o
 .debug_loc     0x0000000000002cbc      0x48b Drivers/STM32F0xx_HAL_Driver/Src/stm32f0xx_hal_rcc.o
 .debug_loc     0x0000000000003147      0x265 Drivers/STM32F0xx_HAL_Driver/Src/stm32f0xx_hal_rcc_ex.o
 .debug_loc     0x00000000000033ac     0x1b2e Drivers/STM32F0xx_HAL_Driver/Src/stm32f0xx_hal_spi.o
 .debug_loc     0x0000000000004eda     0x38f1 Drivers/STM32F0xx_HAL_Driver/Src/stm32f0xx_hal_tim.o
 .debug_loc     0x00000000000087cb      0xbe4 Drivers/STM32F0xx_HAL_Driver/Src/stm32f0xx_hal_tim_ex.o
 .debug_loc     0x00000000000093af     0x13c0 Drivers/STM32F0xx_HAL_Driver/Src/stm32f0xx_hal_uart.o

.debug_aranges  0x0000000000000000      0xd20
 .debug_aranges
                0x0000000000000000       0x38 Core/IRMP/irmp.o
 .debug_aranges
                0x0000000000000038       0x68 Core/Src/main.o
 .debug_aranges
                0x00000000000000a0       0x60 Core/Src/stm32f0xx_hal_msp.o
 .debug_aranges
                0x0000000000000100       0x60 Core/Src/stm32f0xx_it.o
 .debug_aranges
                0x0000000000000160       0x28 Core/Src/system_stm32f0xx.o
 .debug_aranges
                0x0000000000000188       0x28 Core/Startup/startup_stm32f030f4px.o
 .debug_aranges
                0x00000000000001b0       0x48 Core/WS2812/ws28xx.o
 .debug_aranges
                0x00000000000001f8       0xc8 Drivers/STM32F0xx_HAL_Driver/Src/stm32f0xx_hal.o
 .debug_aranges
                0x00000000000002c0       0xd0 Drivers/STM32F0xx_HAL_Driver/Src/stm32f0xx_hal_adc.o
 .debug_aranges
                0x0000000000000390       0x78 Drivers/STM32F0xx_HAL_Driver/Src/stm32f0xx_hal_cortex.o
 .debug_aranges
                0x0000000000000408       0x78 Drivers/STM32F0xx_HAL_Driver/Src/stm32f0xx_hal_dma.o
 .debug_aranges
                0x0000000000000480       0x78 Drivers/STM32F0xx_HAL_Driver/Src/stm32f0xx_hal_flash.o
 .debug_aranges
                0x00000000000004f8       0x60 Drivers/STM32F0xx_HAL_Driver/Src/stm32f0xx_hal_flash_ex.o
 .debug_aranges
                0x0000000000000558       0x58 Drivers/STM32F0xx_HAL_Driver/Src/stm32f0xx_hal_gpio.o
 .debug_aranges
                0x00000000000005b0       0x80 Drivers/STM32F0xx_HAL_Driver/Src/stm32f0xx_hal_rcc.o
 .debug_aranges
                0x0000000000000630       0x30 Drivers/STM32F0xx_HAL_Driver/Src/stm32f0xx_hal_rcc_ex.o
 .debug_aranges
                0x0000000000000660      0x198 Drivers/STM32F0xx_HAL_Driver/Src/stm32f0xx_hal_spi.o
 .debug_aranges
                0x00000000000007f8      0x288 Drivers/STM32F0xx_HAL_Driver/Src/stm32f0xx_hal_tim.o
 .debug_aranges
                0x0000000000000a80       0xf8 Drivers/STM32F0xx_HAL_Driver/Src/stm32f0xx_hal_tim_ex.o
 .debug_aranges
                0x0000000000000b78      0x1a8 Drivers/STM32F0xx_HAL_Driver/Src/stm32f0xx_hal_uart.o

.debug_ranges   0x0000000000000000     0x13f8
 .debug_ranges  0x0000000000000000       0x60 Core/IRMP/irmp.o
 .debug_ranges  0x0000000000000060      0x100 Core/Src/main.o
 .debug_ranges  0x0000000000000160      0x1c0 Core/Src/stm32f0xx_hal_msp.o
 .debug_ranges  0x0000000000000320       0x50 Core/Src/stm32f0xx_it.o
 .debug_ranges  0x0000000000000370       0x18 Core/Src/system_stm32f0xx.o
 .debug_ranges  0x0000000000000388       0x20 Core/Startup/startup_stm32f030f4px.o
 .debug_ranges  0x00000000000003a8       0xc0 Core/WS2812/ws28xx.o
 .debug_ranges  0x0000000000000468       0xb8 Drivers/STM32F0xx_HAL_Driver/Src/stm32f0xx_hal.o
 .debug_ranges  0x0000000000000520       0xc0 Drivers/STM32F0xx_HAL_Driver/Src/stm32f0xx_hal_adc.o
 .debug_ranges  0x00000000000005e0       0xb8 Drivers/STM32F0xx_HAL_Driver/Src/stm32f0xx_hal_cortex.o
 .debug_ranges  0x0000000000000698       0xf8 Drivers/STM32F0xx_HAL_Driver/Src/stm32f0xx_hal_dma.o
 .debug_ranges  0x0000000000000790       0xb0 Drivers/STM32F0xx_HAL_Driver/Src/stm32f0xx_hal_flash.o
 .debug_ranges  0x0000000000000840       0xf8 Drivers/STM32F0xx_HAL_Driver/Src/stm32f0xx_hal_flash_ex.o
 .debug_ranges  0x0000000000000938       0x70 Drivers/STM32F0xx_HAL_Driver/Src/stm32f0xx_hal_gpio.o
 .debug_ranges  0x00000000000009a8       0xa0 Drivers/STM32F0xx_HAL_Driver/Src/stm32f0xx_hal_rcc.o
 .debug_ranges  0x0000000000000a48       0x40 Drivers/STM32F0xx_HAL_Driver/Src/stm32f0xx_hal_rcc_ex.o
 .debug_ranges  0x0000000000000a88      0x278 Drivers/STM32F0xx_HAL_Driver/Src/stm32f0xx_hal_spi.o
 .debug_ranges  0x0000000000000d00      0x478 Drivers/STM32F0xx_HAL_Driver/Src/stm32f0xx_hal_tim.o
 .debug_ranges  0x0000000000001178       0xe8 Drivers/STM32F0xx_HAL_Driver/Src/stm32f0xx_hal_tim_ex.o
 .debug_ranges  0x0000000000001260      0x198 Drivers/STM32F0xx_HAL_Driver/Src/stm32f0xx_hal_uart.o

.debug_macro    0x0000000000000000    0x103de
 .debug_macro   0x0000000000000000      0xff1 Core/IRMP/irmp.o
 .debug_macro   0x0000000000000ff1      0xa4e Core/IRMP/irmp.o
 .debug_macro   0x0000000000001a3f       0x10 Core/IRMP/irmp.o
 .debug_macro   0x0000000000001a4f      0x13f Core/IRMP/irmp.o
 .debug_macro   0x0000000000001b8e       0x2e Core/IRMP/irmp.o
 .debug_macro   0x0000000000001bbc       0x22 Core/IRMP/irmp.o
 .debug_macro   0x0000000000001bde       0x22 Core/IRMP/irmp.o
 .debug_macro   0x0000000000001c00       0x8e Core/IRMP/irmp.o
 .debug_macro   0x0000000000001c8e       0x51 Core/IRMP/irmp.o
 .debug_macro   0x0000000000001cdf       0xef Core/IRMP/irmp.o
 .debug_macro   0x0000000000001dce       0x6a Core/IRMP/irmp.o
 .debug_macro   0x0000000000001e38      0x1df Core/IRMP/irmp.o
 .debug_macro   0x0000000000002017       0x1c Core/IRMP/irmp.o
 .debug_macro   0x0000000000002033       0x22 Core/IRMP/irmp.o
 .debug_macro   0x0000000000002055       0xb5 Core/IRMP/irmp.o
 .debug_macro   0x000000000000210a      0x391 Core/IRMP/irmp.o
 .debug_macro   0x000000000000249b     0x6e60 Core/IRMP/irmp.o
 .debug_macro   0x00000000000092fb       0x3c Core/IRMP/irmp.o
 .debug_macro   0x0000000000009337      0x174 Core/IRMP/irmp.o
 .debug_macro   0x00000000000094ab       0x53 Core/IRMP/irmp.o
 .debug_macro   0x00000000000094fe      0x924 Core/IRMP/irmp.o
 .debug_macro   0x0000000000009e22       0xe5 Core/IRMP/irmp.o
 .debug_macro   0x0000000000009f07      0x12f Core/IRMP/irmp.o
 .debug_macro   0x000000000000a036       0xb3 Core/IRMP/irmp.o
 .debug_macro   0x000000000000a0e9      0x1a0 Core/IRMP/irmp.o
 .debug_macro   0x000000000000a289      0x1ed Core/IRMP/irmp.o
 .debug_macro   0x000000000000a476       0x34 Core/IRMP/irmp.o
 .debug_macro   0x000000000000a4aa       0x43 Core/IRMP/irmp.o
 .debug_macro   0x000000000000a4ed       0x28 Core/IRMP/irmp.o
 .debug_macro   0x000000000000a515      0x33d Core/IRMP/irmp.o
 .debug_macro   0x000000000000a852       0xbc Core/IRMP/irmp.o
 .debug_macro   0x000000000000a90e       0xb0 Core/IRMP/irmp.o
 .debug_macro   0x000000000000a9be      0x15a Core/IRMP/irmp.o
 .debug_macro   0x000000000000ab18      0x22c Core/IRMP/irmp.o
 .debug_macro   0x000000000000ad44       0x5f Core/IRMP/irmp.o
 .debug_macro   0x000000000000ada3       0xa5 Core/IRMP/irmp.o
 .debug_macro   0x000000000000ae48       0x4c Core/IRMP/irmp.o
 .debug_macro   0x000000000000ae94       0x2b Core/IRMP/irmp.o
 .debug_macro   0x000000000000aebf      0x305 Core/IRMP/irmp.o
 .debug_macro   0x000000000000b1c4      0x8ae Core/IRMP/irmp.o
 .debug_macro   0x000000000000ba72       0x28 Core/IRMP/irmp.o
 .debug_macro   0x000000000000ba9a      0x543 Core/IRMP/irmp.o
 .debug_macro   0x000000000000bfdd       0x3e Core/IRMP/irmp.o
 .debug_macro   0x000000000000c01b       0xf1 Core/IRMP/irmp.o
 .debug_macro   0x000000000000c10c       0x82 Core/IRMP/irmp.o
 .debug_macro   0x000000000000c18e       0x16 Core/IRMP/irmp.o
 .debug_macro   0x000000000000c1a4       0x46 Core/IRMP/irmp.o
 .debug_macro   0x000000000000c1ea       0x18 Core/IRMP/irmp.o
 .debug_macro   0x000000000000c202       0x3c Core/IRMP/irmp.o
 .debug_macro   0x000000000000c23e       0x34 Core/IRMP/irmp.o
 .debug_macro   0x000000000000c272       0x52 Core/IRMP/irmp.o
 .debug_macro   0x000000000000c2c4       0x1f Core/IRMP/irmp.o
 .debug_macro   0x000000000000c2e3       0x43 Core/IRMP/irmp.o
 .debug_macro   0x000000000000c326       0x20 Core/IRMP/irmp.o
 .debug_macro   0x000000000000c346      0x1a3 Core/IRMP/irmp.o
 .debug_macro   0x000000000000c4e9      0x32a Core/IRMP/irmp.o
 .debug_macro   0x000000000000c813       0x10 Core/IRMP/irmp.o
 .debug_macro   0x000000000000c823       0x35 Core/IRMP/irmp.o
 .debug_macro   0x000000000000c858       0x20 Core/IRMP/irmp.o
 .debug_macro   0x000000000000c878       0x27 Core/IRMP/irmp.o
 .debug_macro   0x000000000000c89f      0x16d Core/IRMP/irmp.o
 .debug_macro   0x000000000000ca0c       0x1c Core/IRMP/irmp.o
 .debug_macro   0x000000000000ca28     0x1446 Core/IRMP/irmp.o
 .debug_macro   0x000000000000de6e      0x306 Core/Src/main.o
 .debug_macro   0x000000000000e174       0x16 Core/Src/main.o
 .debug_macro   0x000000000000e18a      0x1f0 Core/Src/stm32f0xx_hal_msp.o
 .debug_macro   0x000000000000e37a      0x1fa Core/Src/stm32f0xx_it.o
 .debug_macro   0x000000000000e574      0x1e1 Core/Src/system_stm32f0xx.o
 .debug_macro   0x000000000000e755      0x2ba Core/WS2812/ws28xx.o
 .debug_macro   0x000000000000ea0f       0x88 Core/WS2812/ws28xx.o
 .debug_macro   0x000000000000ea97       0x10 Core/WS2812/ws28xx.o
 .debug_macro   0x000000000000eaa7      0x205 Drivers/STM32F0xx_HAL_Driver/Src/stm32f0xx_hal.o
 .debug_macro   0x000000000000ecac      0x205 Drivers/STM32F0xx_HAL_Driver/Src/stm32f0xx_hal_adc.o
 .debug_macro   0x000000000000eeb1      0x1e1 Drivers/STM32F0xx_HAL_Driver/Src/stm32f0xx_hal_cortex.o
 .debug_macro   0x000000000000f092      0x1e1 Drivers/STM32F0xx_HAL_Driver/Src/stm32f0xx_hal_dma.o
 .debug_macro   0x000000000000f273      0x1e1 Drivers/STM32F0xx_HAL_Driver/Src/stm32f0xx_hal_flash.o
 .debug_macro   0x000000000000f454      0x1f3 Drivers/STM32F0xx_HAL_Driver/Src/stm32f0xx_hal_flash_ex.o
 .debug_macro   0x000000000000f647      0x219 Drivers/STM32F0xx_HAL_Driver/Src/stm32f0xx_hal_gpio.o
 .debug_macro   0x000000000000f860      0x1f3 Drivers/STM32F0xx_HAL_Driver/Src/stm32f0xx_hal_rcc.o
 .debug_macro   0x000000000000fa53      0x1e1 Drivers/STM32F0xx_HAL_Driver/Src/stm32f0xx_hal_rcc_ex.o
 .debug_macro   0x000000000000fc34      0x1e9 Drivers/STM32F0xx_HAL_Driver/Src/stm32f0xx_hal_spi.o
 .debug_macro   0x000000000000fe1d      0x1e2 Drivers/STM32F0xx_HAL_Driver/Src/stm32f0xx_hal_tim.o
 .debug_macro   0x000000000000ffff      0x1e1 Drivers/STM32F0xx_HAL_Driver/Src/stm32f0xx_hal_tim_ex.o
 .debug_macro   0x00000000000101e0      0x1fe Drivers/STM32F0xx_HAL_Driver/Src/stm32f0xx_hal_uart.o

.debug_line     0x0000000000000000     0xd8ba
 .debug_line    0x0000000000000000      0xc9f Core/IRMP/irmp.o
 .debug_line    0x0000000000000c9f      0xc54 Core/Src/main.o
 .debug_line    0x00000000000018f3      0x845 Core/Src/stm32f0xx_hal_msp.o
 .debug_line    0x0000000000002138      0x7a3 Core/Src/stm32f0xx_it.o
 .debug_line    0x00000000000028db      0x71a Core/Src/system_stm32f0xx.o
 .debug_line    0x0000000000002ff5       0x89 Core/Startup/startup_stm32f030f4px.o
 .debug_line    0x000000000000307e      0x992 Core/WS2812/ws28xx.o
 .debug_line    0x0000000000003a10      0x8c7 Drivers/STM32F0xx_HAL_Driver/Src/stm32f0xx_hal.o
 .debug_line    0x00000000000042d7      0xc87 Drivers/STM32F0xx_HAL_Driver/Src/stm32f0xx_hal_adc.o
 .debug_line    0x0000000000004f5e      0x87e Drivers/STM32F0xx_HAL_Driver/Src/stm32f0xx_hal_cortex.o
 .debug_line    0x00000000000057dc      0x9d8 Drivers/STM32F0xx_HAL_Driver/Src/stm32f0xx_hal_dma.o
 .debug_line    0x00000000000061b4      0x901 Drivers/STM32F0xx_HAL_Driver/Src/stm32f0xx_hal_flash.o
 .debug_line    0x0000000000006ab5      0x921 Drivers/STM32F0xx_HAL_Driver/Src/stm32f0xx_hal_flash_ex.o
 .debug_line    0x00000000000073d6      0x87f Drivers/STM32F0xx_HAL_Driver/Src/stm32f0xx_hal_gpio.o
 .debug_line    0x0000000000007c55      0xa9a Drivers/STM32F0xx_HAL_Driver/Src/stm32f0xx_hal_rcc.o
 .debug_line    0x00000000000086ef      0x7f0 Drivers/STM32F0xx_HAL_Driver/Src/stm32f0xx_hal_rcc_ex.o
 .debug_line    0x0000000000008edf     0x12da Drivers/STM32F0xx_HAL_Driver/Src/stm32f0xx_hal_spi.o
 .debug_line    0x000000000000a1b9     0x1847 Drivers/STM32F0xx_HAL_Driver/Src/stm32f0xx_hal_tim.o
 .debug_line    0x000000000000ba00      0xc11 Drivers/STM32F0xx_HAL_Driver/Src/stm32f0xx_hal_tim_ex.o
 .debug_line    0x000000000000c611     0x12a9 Drivers/STM32F0xx_HAL_Driver/Src/stm32f0xx_hal_uart.o

.debug_str      0x0000000000000000    0x619e2
 .debug_str     0x0000000000000000    0x5d1ff Core/IRMP/irmp.o
                                      0x5d4cf (size before relaxing)
 .debug_str     0x000000000005d1ff     0x1156 Core/Src/main.o
                                      0x51dfc (size before relaxing)
 .debug_str     0x000000000005e355      0x101 Core/Src/stm32f0xx_hal_msp.o
                                      0x48fb6 (size before relaxing)
 .debug_str     0x000000000005e456      0x14e Core/Src/stm32f0xx_it.o
                                      0x48ac3 (size before relaxing)
 .debug_str     0x000000000005e5a4       0x5f Core/Src/system_stm32f0xx.o
                                      0x4815c (size before relaxing)
 .debug_str     0x000000000005e603       0x36 Core/Startup/startup_stm32f030f4px.o
                                         0x92 (size before relaxing)
 .debug_str     0x000000000005e639       0xe3 Core/WS2812/ws28xx.o
                                      0x4b89b (size before relaxing)
 .debug_str     0x000000000005e71c      0x390 Drivers/STM32F0xx_HAL_Driver/Src/stm32f0xx_hal.o
                                      0x4865b (size before relaxing)
 .debug_str     0x000000000005eaac      0x37b Drivers/STM32F0xx_HAL_Driver/Src/stm32f0xx_hal_adc.o
                                      0x48887 (size before relaxing)
 .debug_str     0x000000000005ee27      0x190 Drivers/STM32F0xx_HAL_Driver/Src/stm32f0xx_hal_cortex.o
                                      0x484e7 (size before relaxing)
 .debug_str     0x000000000005efb7      0x204 Drivers/STM32F0xx_HAL_Driver/Src/stm32f0xx_hal_dma.o
                                      0x48540 (size before relaxing)
 .debug_str     0x000000000005f1bb      0x25e Drivers/STM32F0xx_HAL_Driver/Src/stm32f0xx_hal_flash.o
                                      0x48433 (size before relaxing)
 .debug_str     0x000000000005f419      0x2a1 Drivers/STM32F0xx_HAL_Driver/Src/stm32f0xx_hal_flash_ex.o
                                      0x48585 (size before relaxing)
 .debug_str     0x000000000005f6ba      0x191 Drivers/STM32F0xx_HAL_Driver/Src/stm32f0xx_hal_gpio.o
                                      0x483f8 (size before relaxing)
 .debug_str     0x000000000005f84b      0x223 Drivers/STM32F0xx_HAL_Driver/Src/stm32f0xx_hal_rcc.o
                                      0x485a5 (size before relaxing)
 .debug_str     0x000000000005fa6e       0x97 Drivers/STM32F0xx_HAL_Driver/Src/stm32f0xx_hal_rcc_ex.o
                                      0x482d1 (size before relaxing)
 .debug_str     0x000000000005fb05      0x54f Drivers/STM32F0xx_HAL_Driver/Src/stm32f0xx_hal_spi.o
                                      0x48acb (size before relaxing)
 .debug_str     0x0000000000060054      0xd6a Drivers/STM32F0xx_HAL_Driver/Src/stm32f0xx_hal_tim.o
                                      0x493a8 (size before relaxing)
 .debug_str     0x0000000000060dbe      0x4d8 Drivers/STM32F0xx_HAL_Driver/Src/stm32f0xx_hal_tim_ex.o
                                      0x48b74 (size before relaxing)
 .debug_str     0x0000000000061296      0x74c Drivers/STM32F0xx_HAL_Driver/Src/stm32f0xx_hal_uart.o
                                      0x48dba (size before relaxing)

.comment        0x0000000000000000       0x7b
 .comment       0x0000000000000000       0x7b Core/IRMP/irmp.o
                                         0x7c (size before relaxing)
 .comment       0x000000000000007b       0x7c Core/Src/main.o
 .comment       0x000000000000007b       0x7c Core/Src/stm32f0xx_hal_msp.o
 .comment       0x000000000000007b       0x7c Core/Src/stm32f0xx_it.o
 .comment       0x000000000000007b       0x7c Core/Src/system_stm32f0xx.o
 .comment       0x000000000000007b       0x7c Core/WS2812/ws28xx.o
 .comment       0x000000000000007b       0x7c Drivers/STM32F0xx_HAL_Driver/Src/stm32f0xx_hal.o
 .comment       0x000000000000007b       0x7c Drivers/STM32F0xx_HAL_Driver/Src/stm32f0xx_hal_adc.o
 .comment       0x000000000000007b       0x7c Drivers/STM32F0xx_HAL_Driver/Src/stm32f0xx_hal_cortex.o
 .comment       0x000000000000007b       0x7c Drivers/STM32F0xx_HAL_Driver/Src/stm32f0xx_hal_dma.o
 .comment       0x000000000000007b       0x7c Drivers/STM32F0xx_HAL_Driver/Src/stm32f0xx_hal_flash.o
 .comment       0x000000000000007b       0x7c Drivers/STM32F0xx_HAL_Driver/Src/stm32f0xx_hal_flash_ex.o
 .comment       0x000000000000007b       0x7c Drivers/STM32F0xx_HAL_Driver/Src/stm32f0xx_hal_gpio.o
 .comment       0x000000000000007b       0x7c Drivers/STM32F0xx_HAL_Driver/Src/stm32f0xx_hal_rcc.o
 .comment       0x000000000000007b       0x7c Drivers/STM32F0xx_HAL_Driver/Src/stm32f0xx_hal_rcc_ex.o
 .comment       0x000000000000007b       0x7c Drivers/STM32F0xx_HAL_Driver/Src/stm32f0xx_hal_spi.o
 .comment       0x000000000000007b       0x7c Drivers/STM32F0xx_HAL_Driver/Src/stm32f0xx_hal_tim.o
 .comment       0x000000000000007b       0x7c Drivers/STM32F0xx_HAL_Driver/Src/stm32f0xx_hal_tim_ex.o
 .comment       0x000000000000007b       0x7c Drivers/STM32F0xx_HAL_Driver/Src/stm32f0xx_hal_uart.o

.debug_frame    0x0000000000000000     0x29d0
 .debug_frame   0x0000000000000000       0x84 Core/IRMP/irmp.o
 .debug_frame   0x0000000000000084      0x108 Core/Src/main.o
 .debug_frame   0x000000000000018c       0xf8 Core/Src/stm32f0xx_hal_msp.o
 .debug_frame   0x0000000000000284      0x114 Core/Src/stm32f0xx_it.o
 .debug_frame   0x0000000000000398       0x3c Core/Src/system_stm32f0xx.o
 .debug_frame   0x00000000000003d4       0xbc Core/WS2812/ws28xx.o
 .debug_frame   0x0000000000000490      0x1b4 Drivers/STM32F0xx_HAL_Driver/Src/stm32f0xx_hal.o
 .debug_frame   0x0000000000000644      0x2cc Drivers/STM32F0xx_HAL_Driver/Src/stm32f0xx_hal_adc.o
 .debug_frame   0x0000000000000910       0xe4 Drivers/STM32F0xx_HAL_Driver/Src/stm32f0xx_hal_cortex.o
 .debug_frame   0x00000000000009f4      0x158 Drivers/STM32F0xx_HAL_Driver/Src/stm32f0xx_hal_dma.o
 .debug_frame   0x0000000000000b4c      0x130 Drivers/STM32F0xx_HAL_Driver/Src/stm32f0xx_hal_flash.o
 .debug_frame   0x0000000000000c7c       0xf0 Drivers/STM32F0xx_HAL_Driver/Src/stm32f0xx_hal_flash_ex.o
 .debug_frame   0x0000000000000d6c       0xbc Drivers/STM32F0xx_HAL_Driver/Src/stm32f0xx_hal_gpio.o
 .debug_frame   0x0000000000000e28      0x144 Drivers/STM32F0xx_HAL_Driver/Src/stm32f0xx_hal_rcc.o
 .debug_frame   0x0000000000000f6c       0x58 Drivers/STM32F0xx_HAL_Driver/Src/stm32f0xx_hal_rcc_ex.o
 .debug_frame   0x0000000000000fc4      0x5d0 Drivers/STM32F0xx_HAL_Driver/Src/stm32f0xx_hal_spi.o
 .debug_frame   0x0000000000001594      0xa00 Drivers/STM32F0xx_HAL_Driver/Src/stm32f0xx_hal_tim.o
 .debug_frame   0x0000000000001f94      0x3b0 Drivers/STM32F0xx_HAL_Driver/Src/stm32f0xx_hal_tim_ex.o
 .debug_frame   0x0000000000002344      0x58c Drivers/STM32F0xx_HAL_Driver/Src/stm32f0xx_hal_uart.o
 .debug_frame   0x00000000000028d0       0x2c c:/st/stm32cubeide_1.4.0/stm32cubeide/plugins/com.st.stm32cube.ide.mcu.externaltools.gnu-tools-for-stm32.7-2018-q2-update.win32_1.4.0.202007081208/tools/bin/../lib/gcc/arm-none-eabi/7.3.1/../../../../arm-none-eabi/lib/thumb/v6-m\libc_nano.a(lib_a-init.o)
 .debug_frame   0x00000000000028fc       0x28 c:/st/stm32cubeide_1.4.0/stm32cubeide/plugins/com.st.stm32cube.ide.mcu.externaltools.gnu-tools-for-stm32.7-2018-q2-update.win32_1.4.0.202007081208/tools/bin/../lib/gcc/arm-none-eabi/7.3.1/../../../../arm-none-eabi/lib/thumb/v6-m\libc_nano.a(lib_a-memcpy-stub.o)
 .debug_frame   0x0000000000002924       0x20 c:/st/stm32cubeide_1.4.0/stm32cubeide/plugins/com.st.stm32cube.ide.mcu.externaltools.gnu-tools-for-stm32.7-2018-q2-update.win32_1.4.0.202007081208/tools/bin/../lib/gcc/arm-none-eabi/7.3.1/../../../../arm-none-eabi/lib/thumb/v6-m\libc_nano.a(lib_a-memset.o)
 .debug_frame   0x0000000000002944       0x20 c:/st/stm32cubeide_1.4.0/stm32cubeide/plugins/com.st.stm32cube.ide.mcu.externaltools.gnu-tools-for-stm32.7-2018-q2-update.win32_1.4.0.202007081208/tools/bin/../lib/gcc/arm-none-eabi/7.3.1/../../../../arm-none-eabi/lib/thumb/v6-m\libc_nano.a(lib_a-strcmp.o)
 .debug_frame   0x0000000000002964       0x20 c:/st/stm32cubeide_1.4.0/stm32cubeide/plugins/com.st.stm32cube.ide.mcu.externaltools.gnu-tools-for-stm32.7-2018-q2-update.win32_1.4.0.202007081208/tools/bin/../lib/gcc/arm-none-eabi/7.3.1/../../../../arm-none-eabi/lib/thumb/v6-m\libc_nano.a(lib_a-strcpy.o)
 .debug_frame   0x0000000000002984       0x2c c:/st/stm32cubeide_1.4.0/stm32cubeide/plugins/com.st.stm32cube.ide.mcu.externaltools.gnu-tools-for-stm32.7-2018-q2-update.win32_1.4.0.202007081208/tools/bin/../lib/gcc/arm-none-eabi/7.3.1/../../../../arm-none-eabi/lib/thumb/v6-m\libc_nano.a(lib_a-strncmp.o)
 .debug_frame   0x00000000000029b0       0x20 c:/st/stm32cubeide_1.4.0/stm32cubeide/plugins/com.st.stm32cube.ide.mcu.externaltools.gnu-tools-for-stm32.7-2018-q2-update.win32_1.4.0.202007081208/tools/bin/../lib/gcc/arm-none-eabi/7.3.1/thumb/v6-m\libgcc.a(_udivsi3.o)
