Archive member included to satisfy reference by file (symbol)

c:/st/stm32cubeide_1.3.0/stm32cubeide/plugins/com.st.stm32cube.ide.mcu.externaltools.gnu-tools-for-stm32.7-2018-q2-update.win32_1.5.0.202011040924/tools/bin/../lib/gcc/arm-none-eabi/7.3.1/../../../../arm-none-eabi/lib/thumb/v6-m\libc_nano.a(lib_a-errno.o)
                              Core/Src/syscalls.o (__errno)
c:/st/stm32cubeide_1.3.0/stm32cubeide/plugins/com.st.stm32cube.ide.mcu.externaltools.gnu-tools-for-stm32.7-2018-q2-update.win32_1.5.0.202011040924/tools/bin/../lib/gcc/arm-none-eabi/7.3.1/../../../../arm-none-eabi/lib/thumb/v6-m\libc_nano.a(lib_a-exit.o)
                              c:/st/stm32cubeide_1.3.0/stm32cubeide/plugins/com.st.stm32cube.ide.mcu.externaltools.gnu-tools-for-stm32.7-2018-q2-update.win32_1.5.0.202011040924/tools/bin/../lib/gcc/arm-none-eabi/7.3.1/../../../../arm-none-eabi/lib/thumb/v6-m/crt0.o (exit)
c:/st/stm32cubeide_1.3.0/stm32cubeide/plugins/com.st.stm32cube.ide.mcu.externaltools.gnu-tools-for-stm32.7-2018-q2-update.win32_1.5.0.202011040924/tools/bin/../lib/gcc/arm-none-eabi/7.3.1/../../../../arm-none-eabi/lib/thumb/v6-m\libc_nano.a(lib_a-impure.o)
                              c:/st/stm32cubeide_1.3.0/stm32cubeide/plugins/com.st.stm32cube.ide.mcu.externaltools.gnu-tools-for-stm32.7-2018-q2-update.win32_1.5.0.202011040924/tools/bin/../lib/gcc/arm-none-eabi/7.3.1/../../../../arm-none-eabi/lib/thumb/v6-m\libc_nano.a(lib_a-exit.o) (_global_impure_ptr)
c:/st/stm32cubeide_1.3.0/stm32cubeide/plugins/com.st.stm32cube.ide.mcu.externaltools.gnu-tools-for-stm32.7-2018-q2-update.win32_1.5.0.202011040924/tools/bin/../lib/gcc/arm-none-eabi/7.3.1/../../../../arm-none-eabi/lib/thumb/v6-m\libc_nano.a(lib_a-init.o)
                              c:/st/stm32cubeide_1.3.0/stm32cubeide/plugins/com.st.stm32cube.ide.mcu.externaltools.gnu-tools-for-stm32.7-2018-q2-update.win32_1.5.0.202011040924/tools/bin/../lib/gcc/arm-none-eabi/7.3.1/../../../../arm-none-eabi/lib/thumb/v6-m/crt0.o (__libc_init_array)
c:/st/stm32cubeide_1.3.0/stm32cubeide/plugins/com.st.stm32cube.ide.mcu.externaltools.gnu-tools-for-stm32.7-2018-q2-update.win32_1.5.0.202011040924/tools/bin/../lib/gcc/arm-none-eabi/7.3.1/../../../../arm-none-eabi/lib/thumb/v6-m\libc_nano.a(lib_a-memcpy-stub.o)
                              Core/IRMP/irmp.o (memcpy)
c:/st/stm32cubeide_1.3.0/stm32cubeide/plugins/com.st.stm32cube.ide.mcu.externaltools.gnu-tools-for-stm32.7-2018-q2-update.win32_1.5.0.202011040924/tools/bin/../lib/gcc/arm-none-eabi/7.3.1/../../../../arm-none-eabi/lib/thumb/v6-m\libc_nano.a(lib_a-memset.o)
                              c:/st/stm32cubeide_1.3.0/stm32cubeide/plugins/com.st.stm32cube.ide.mcu.externaltools.gnu-tools-for-stm32.7-2018-q2-update.win32_1.5.0.202011040924/tools/bin/../lib/gcc/arm-none-eabi/7.3.1/../../../../arm-none-eabi/lib/thumb/v6-m/crt0.o (memset)
c:/st/stm32cubeide_1.3.0/stm32cubeide/plugins/com.st.stm32cube.ide.mcu.externaltools.gnu-tools-for-stm32.7-2018-q2-update.win32_1.5.0.202011040924/tools/bin/../lib/gcc/arm-none-eabi/7.3.1/../../../../arm-none-eabi/lib/thumb/v6-m\libc_nano.a(lib_a-strcmp.o)
                              Core/Src/main.o (strcmp)
c:/st/stm32cubeide_1.3.0/stm32cubeide/plugins/com.st.stm32cube.ide.mcu.externaltools.gnu-tools-for-stm32.7-2018-q2-update.win32_1.5.0.202011040924/tools/bin/../lib/gcc/arm-none-eabi/7.3.1/../../../../arm-none-eabi/lib/thumb/v6-m\libc_nano.a(lib_a-strcpy.o)
                              Core/Src/main.o (strcpy)
c:/st/stm32cubeide_1.3.0/stm32cubeide/plugins/com.st.stm32cube.ide.mcu.externaltools.gnu-tools-for-stm32.7-2018-q2-update.win32_1.5.0.202011040924/tools/bin/../lib/gcc/arm-none-eabi/7.3.1/../../../../arm-none-eabi/lib/thumb/v6-m\libc_nano.a(lib_a-strncmp.o)
                              Core/Src/main.o (strncmp)
c:/st/stm32cubeide_1.3.0/stm32cubeide/plugins/com.st.stm32cube.ide.mcu.externaltools.gnu-tools-for-stm32.7-2018-q2-update.win32_1.5.0.202011040924/tools/bin/../lib/gcc/arm-none-eabi/7.3.1/thumb/v6-m\libgcc.a(_thumb1_case_uqi.o)
                              Core/WS2812/ws28xx.o (__gnu_thumb1_case_uqi)
c:/st/stm32cubeide_1.3.0/stm32cubeide/plugins/com.st.stm32cube.ide.mcu.externaltools.gnu-tools-for-stm32.7-2018-q2-update.win32_1.5.0.202011040924/tools/bin/../lib/gcc/arm-none-eabi/7.3.1/thumb/v6-m\libgcc.a(_udivsi3.o)
                              Core/Src/system_stm32f0xx.o (__aeabi_uidiv)
c:/st/stm32cubeide_1.3.0/stm32cubeide/plugins/com.st.stm32cube.ide.mcu.externaltools.gnu-tools-for-stm32.7-2018-q2-update.win32_1.5.0.202011040924/tools/bin/../lib/gcc/arm-none-eabi/7.3.1/thumb/v6-m\libgcc.a(_divsi3.o)
                              Core/Src/system_stm32f0xx.o (__aeabi_idiv)
c:/st/stm32cubeide_1.3.0/stm32cubeide/plugins/com.st.stm32cube.ide.mcu.externaltools.gnu-tools-for-stm32.7-2018-q2-update.win32_1.5.0.202011040924/tools/bin/../lib/gcc/arm-none-eabi/7.3.1/thumb/v6-m\libgcc.a(_dvmd_tls.o)
[...]
Memory Configuration

Name             Origin             Length             Attributes
RAM              0x0000000020000000 0x0000000000001000 xrw
FLASH            0x0000000008000000 0x0000000000003c00 xr
DATA             0x0000000008003c00 0x0000000000000400 xrw
*default*        0x0000000000000000 0xffffffffffffffff

Linker script and memory map

LOAD c:/st/stm32cubeide_1.3.0/stm32cubeide/plugins/com.st.stm32cube.ide.mcu.externaltools.gnu-tools-for-stm32.7-2018-q2-update.win32_1.5.0.202011040924/tools/bin/../lib/gcc/arm-none-eabi/7.3.1/thumb/v6-m/crti.o
LOAD c:/st/stm32cubeide_1.3.0/stm32cubeide/plugins/com.st.stm32cube.ide.mcu.externaltools.gnu-tools-for-stm32.7-2018-q2-update.win32_1.5.0.202011040924/tools/bin/../lib/gcc/arm-none-eabi/7.3.1/thumb/v6-m/crtbegin.o
LOAD c:/st/stm32cubeide_1.3.0/stm32cubeide/plugins/com.st.stm32cube.ide.mcu.externaltools.gnu-tools-for-stm32.7-2018-q2-update.win32_1.5.0.202011040924/tools/bin/../lib/gcc/arm-none-eabi/7.3.1/../../../../arm-none-eabi/lib/thumb/v6-m/crt0.o
LOAD Core/IRMP/irmp.o
LOAD Core/Src/main.o
LOAD Core/Src/stm32f0xx_hal_msp.o
LOAD Core/Src/stm32f0xx_it.o
LOAD Core/Src/syscalls.o
LOAD Core/Src/sysmem.o
LOAD Core/Src/system_stm32f0xx.o
LOAD Core/Startup/startup_stm32f030f4px.o
LOAD Core/WS2812/ws28xx.o
LOAD Drivers/STM32F0xx_HAL_Driver/Src/stm32f0xx_hal.o
LOAD Drivers/STM32F0xx_HAL_Driver/Src/stm32f0xx_hal_adc.o
LOAD Drivers/STM32F0xx_HAL_Driver/Src/stm32f0xx_hal_adc_ex.o
LOAD Drivers/STM32F0xx_HAL_Driver/Src/stm32f0xx_hal_cortex.o
LOAD Drivers/STM32F0xx_HAL_Driver/Src/stm32f0xx_hal_dma.o
LOAD Drivers/STM32F0xx_HAL_Driver/Src/stm32f0xx_hal_exti.o
LOAD Drivers/STM32F0xx_HAL_Driver/Src/stm32f0xx_hal_flash.o
LOAD Drivers/STM32F0xx_HAL_Driver/Src/stm32f0xx_hal_flash_ex.o
LOAD Drivers/STM32F0xx_HAL_Driver/Src/stm32f0xx_hal_gpio.o
LOAD Drivers/STM32F0xx_HAL_Driver/Src/stm32f0xx_hal_i2c.o
LOAD Drivers/STM32F0xx_HAL_Driver/Src/stm32f0xx_hal_i2c_ex.o
LOAD Drivers/STM32F0xx_HAL_Driver/Src/stm32f0xx_hal_pwr.o
LOAD Drivers/STM32F0xx_HAL_Driver/Src/stm32f0xx_hal_pwr_ex.o
LOAD Drivers/STM32F0xx_HAL_Driver/Src/stm32f0xx_hal_rcc.o
LOAD Drivers/STM32F0xx_HAL_Driver/Src/stm32f0xx_hal_rcc_ex.o
LOAD Drivers/STM32F0xx_HAL_Driver/Src/stm32f0xx_hal_spi.o
LOAD Drivers/STM32F0xx_HAL_Driver/Src/stm32f0xx_hal_spi_ex.o
LOAD Drivers/STM32F0xx_HAL_Driver/Src/stm32f0xx_hal_tim.o
LOAD Drivers/STM32F0xx_HAL_Driver/Src/stm32f0xx_hal_tim_ex.o
LOAD Drivers/STM32F0xx_HAL_Driver/Src/stm32f0xx_hal_uart.o
LOAD Drivers/STM32F0xx_HAL_Driver/Src/stm32f0xx_hal_uart_ex.o
START GROUP
LOAD c:/st/stm32cubeide_1.3.0/stm32cubeide/plugins/com.st.stm32cube.ide.mcu.externaltools.gnu-tools-for-stm32.7-2018-q2-update.win32_1.5.0.202011040924/tools/bin/../lib/gcc/arm-none-eabi/7.3.1/../../../../arm-none-eabi/lib/thumb/v6-m\libc_nano.a
LOAD c:/st/stm32cubeide_1.3.0/stm32cubeide/plugins/com.st.stm32cube.ide.mcu.externaltools.gnu-tools-for-stm32.7-2018-q2-update.win32_1.5.0.202011040924/tools/bin/../lib/gcc/arm-none-eabi/7.3.1/../../../../arm-none-eabi/lib/thumb/v6-m\libm.a
END GROUP
START GROUP
LOAD c:/st/stm32cubeide_1.3.0/stm32cubeide/plugins/com.st.stm32cube.ide.mcu.externaltools.gnu-tools-for-stm32.7-2018-q2-update.win32_1.5.0.202011040924/tools/bin/../lib/gcc/arm-none-eabi/7.3.1/thumb/v6-m\libgcc.a
LOAD c:/st/stm32cubeide_1.3.0/stm32cubeide/plugins/com.st.stm32cube.ide.mcu.externaltools.gnu-tools-for-stm32.7-2018-q2-update.win32_1.5.0.202011040924/tools/bin/../lib/gcc/arm-none-eabi/7.3.1/../../../../arm-none-eabi/lib/thumb/v6-m\libc_nano.a
END GROUP
START GROUP
LOAD c:/st/stm32cubeide_1.3.0/stm32cubeide/plugins/com.st.stm32cube.ide.mcu.externaltools.gnu-tools-for-stm32.7-2018-q2-update.win32_1.5.0.202011040924/tools/bin/../lib/gcc/arm-none-eabi/7.3.1/thumb/v6-m\libgcc.a
LOAD c:/st/stm32cubeide_1.3.0/stm32cubeide/plugins/com.st.stm32cube.ide.mcu.externaltools.gnu-tools-for-stm32.7-2018-q2-update.win32_1.5.0.202011040924/tools/bin/../lib/gcc/arm-none-eabi/7.3.1/../../../../arm-none-eabi/lib/thumb/v6-m\libc_nano.a
LOAD c:/st/stm32cubeide_1.3.0/stm32cubeide/plugins/com.st.stm32cube.ide.mcu.externaltools.gnu-tools-for-stm32.7-2018-q2-update.win32_1.5.0.202011040924/tools/bin/../lib/gcc/arm-none-eabi/7.3.1/../../../../arm-none-eabi/lib/thumb/v6-m\libnosys.a
END GROUP
START GROUP
LOAD c:/st/stm32cubeide_1.3.0/stm32cubeide/plugins/com.st.stm32cube.ide.mcu.externaltools.gnu-tools-for-stm32.7-2018-q2-update.win32_1.5.0.202011040924/tools/bin/../lib/gcc/arm-none-eabi/7.3.1/thumb/v6-m\libgcc.a
LOAD c:/st/stm32cubeide_1.3.0/stm32cubeide/plugins/com.st.stm32cube.ide.mcu.externaltools.gnu-tools-for-stm32.7-2018-q2-update.win32_1.5.0.202011040924/tools/bin/../lib/gcc/arm-none-eabi/7.3.1/../../../../arm-none-eabi/lib/thumb/v6-m\libc_nano.a
LOAD c:/st/stm32cubeide_1.3.0/stm32cubeide/plugins/com.st.stm32cube.ide.mcu.externaltools.gnu-tools-for-stm32.7-2018-q2-update.win32_1.5.0.202011040924/tools/bin/../lib/gcc/arm-none-eabi/7.3.1/../../../../arm-none-eabi/lib/thumb/v6-m\libnosys.a
END GROUP
LOAD c:/st/stm32cubeide_1.3.0/stm32cubeide/plugins/com.st.stm32cube.ide.mcu.externaltools.gnu-tools-for-stm32.7-2018-q2-update.win32_1.5.0.202011040924/tools/bin/../lib/gcc/arm-none-eabi/7.3.1/thumb/v6-m/crtend.o
LOAD c:/st/stm32cubeide_1.3.0/stm32cubeide/plugins/com.st.stm32cube.ide.mcu.externaltools.gnu-tools-for-stm32.7-2018-q2-update.win32_1.5.0.202011040924/tools/bin/../lib/gcc/arm-none-eabi/7.3.1/thumb/v6-m/crtn.o
                0x0000000020001000                _estack = (ORIGIN (RAM) + LENGTH (RAM))
                0x0000000000000200                _Min_Heap_Size = 0x200
                0x0000000000000400                _Min_Stack_Size = 0x400

.isr_vector     0x0000000008000000       0xc0
                0x0000000008000000                . = ALIGN (0x4)
 *(.isr_vector)
 .isr_vector    0x0000000008000000       0xc0 Core/Startup/startup_stm32f030f4px.o
                0x0000000008000000                g_pfnVectors
                0x00000000080000c0                . = ALIGN (0x4)

.text           0x00000000080000c0     0x37d8
                0x00000000080000c0                . = ALIGN (0x4)
 *(.text)
 .text          0x00000000080000c0       0x48 c:/st/stm32cubeide_1.3.0/stm32cubeide/plugins/com.st.stm32cube.ide.mcu.externaltools.gnu-tools-for-stm32.7-2018-q2-update.win32_1.5.0.202011040924/tools/bin/../lib/gcc/arm-none-eabi/7.3.1/thumb/v6-m/crtbegin.o
 .text          0x0000000008000108       0x14 c:/st/stm32cubeide_1.3.0/stm32cubeide/plugins/com.st.stm32cube.ide.mcu.externaltools.gnu-tools-for-stm32.7-2018-q2-update.win32_1.5.0.202011040924/tools/bin/../lib/gcc/arm-none-eabi/7.3.1/../../../../arm-none-eabi/lib/thumb/v6-m\libc_nano.a(lib_a-strcmp.o)
                0x0000000008000108                strcmp
 .text          0x000000000800011c       0x14 c:/st/stm32cubeide_1.3.0/stm32cubeide/plugins/com.st.stm32cube.ide.mcu.externaltools.gnu-tools-for-stm32.7-2018-q2-update.win32_1.5.0.202011040924/tools/bin/../lib/gcc/arm-none-eabi/7.3.1/thumb/v6-m\libgcc.a(_thumb1_case_uqi.o)
                0x000000000800011c                __gnu_thumb1_case_uqi
 .text          0x0000000008000130      0x114 c:/st/stm32cubeide_1.3.0/stm32cubeide/plugins/com.st.stm32cube.ide.mcu.externaltools.gnu-tools-for-stm32.7-2018-q2-update.win32_1.5.0.202011040924/tools/bin/../lib/gcc/arm-none-eabi/7.3.1/thumb/v6-m\libgcc.a(_udivsi3.o)
                0x0000000008000130                __aeabi_uidiv
                0x0000000008000130                __udivsi3
                0x000000000800023c                __aeabi_uidivmod
 .text          0x0000000008000244        0x4 c:/st/stm32cubeide_1.3.0/stm32cubeide/plugins/com.st.stm32cube.ide.mcu.externaltools.gnu-tools-for-stm32.7-2018-q2-update.win32_1.5.0.202011040924/tools/bin/../lib/gcc/arm-none-eabi/7.3.1/thumb/v6-m\libgcc.a(_dvmd_tls.o)
                0x0000000008000244                __aeabi_idiv0
                0x0000000008000244                __aeabi_ldiv0
 .text          0x0000000008000248       0x18 c:/st/stm32cubeide_1.3.0/stm32cubeide/plugins/com.st.stm32cube.ide.mcu.externaltools.gnu-tools-for-stm32.7-2018-q2-update.win32_1.5.0.202011040924/tools/bin/../lib/gcc/arm-none-eabi/7.3.1/thumb/v6-m\libgcc.a(_lshrdi3.o)
                0x0000000008000248                __lshrdi3
                0x0000000008000248                __aeabi_llsr
 *(.text*)
 .text.irmp_store_bit
                0x0000000008000260       0xc4 Core/IRMP/irmp.o
 .text.irmp_init
                0x0000000008000324        0x2 Core/IRMP/irmp.o
                0x0000000008000324                irmp_init
 *fill*         0x0000000008000326        0x2 
 .text.irmp_get_data
                0x0000000008000328       0xf4 Core/IRMP/irmp.o
                0x0000000008000328                irmp_get_data
 .text.irmp_ISR
                0x000000000800041c      0x72c Core/IRMP/irmp.o
                0x000000000800041c                irmp_ISR
 .text.WS2812_ChangeColor
                0x0000000008000b48       0x2a Core/Src/main.o
 .text.SystemClock_Config
                0x0000000008000b72       0x64 Core/Src/main.o
                0x0000000008000b72                SystemClock_Config
 .text.RPi_Power_Up
                0x0000000008000bd6       0x10 Core/Src/main.o
                0x0000000008000bd6                RPi_Power_Up
 .text.RPi_Power_Down
                0x0000000008000be6       0x10 Core/Src/main.o
                0x0000000008000be6                RPi_Power_Down
 .text.RGB_RPi  0x0000000008000bf6       0x1c Core/Src/main.o
                0x0000000008000bf6                RGB_RPi
 .text.RGB_MCU  0x0000000008000c12       0x1c Core/Src/main.o
                0x0000000008000c12                RGB_MCU
 .text.flashValue
                0x0000000008000c2e       0x10 Core/Src/main.o
                0x0000000008000c2e                flashValue
 *fill*         0x0000000008000c3e        0x2 
 .text.flashConfig
                0x0000000008000c40       0x70 Core/Src/main.o
                0x0000000008000c40                flashConfig
 .text.learningmode
                0x0000000008000cb0      0x13c Core/Src/main.o
                0x0000000008000cb0                learningmode
 .text.startup.main
                0x0000000008000dec      0x578 Core/Src/main.o
                0x0000000008000dec                main
 .text.setButtonPressed
                0x0000000008001364        0xc Core/Src/main.o
                0x0000000008001364                setButtonPressed
 .text.setTimerReset
                0x0000000008001370       0x24 Core/Src/main.o
                0x0000000008001370                setTimerReset
 .text.Error_Handler
                0x0000000008001394        0x2 Core/Src/main.o
                0x0000000008001394                Error_Handler
 *fill*         0x0000000008001396        0x2 
 .text.HAL_MspInit
                0x0000000008001398       0x30 Core/Src/stm32f0xx_hal_msp.o
                0x0000000008001398                HAL_MspInit
 .text.HAL_ADC_MspInit
                0x00000000080013c8       0x60 Core/Src/stm32f0xx_hal_msp.o
                0x00000000080013c8                HAL_ADC_MspInit
 .text.HAL_SPI_MspInit
                0x0000000008001428       0x94 Core/Src/stm32f0xx_hal_msp.o
                0x0000000008001428                HAL_SPI_MspInit
 .text.HAL_TIM_Base_MspInit
                0x00000000080014bc       0x88 Core/Src/stm32f0xx_hal_msp.o
                0x00000000080014bc                HAL_TIM_Base_MspInit
 .text.HAL_UART_MspInit
                0x0000000008001544       0x68 Core/Src/stm32f0xx_hal_msp.o
                0x0000000008001544                HAL_UART_MspInit
 .text.NMI_Handler
                0x00000000080015ac        0x2 Core/Src/stm32f0xx_it.o
                0x00000000080015ac                NMI_Handler
 .text.HardFault_Handler
                0x00000000080015ae        0x2 Core/Src/stm32f0xx_it.o
                0x00000000080015ae                HardFault_Handler
 .text.SVC_Handler
                0x00000000080015b0        0x2 Core/Src/stm32f0xx_it.o
                0x00000000080015b0                SVC_Handler
 .text.PendSV_Handler
                0x00000000080015b2        0x2 Core/Src/stm32f0xx_it.o
                0x00000000080015b2                PendSV_Handler
 .text.SysTick_Handler
                0x00000000080015b4        0x8 Core/Src/stm32f0xx_it.o
                0x00000000080015b4                SysTick_Handler
 .text.EXTI0_1_IRQHandler
                0x00000000080015bc        0xe Core/Src/stm32f0xx_it.o
                0x00000000080015bc                EXTI0_1_IRQHandler
 *fill*         0x00000000080015ca        0x2 
 .text.DMA1_Channel2_3_IRQHandler
                0x00000000080015cc       0x10 Core/Src/stm32f0xx_it.o
                0x00000000080015cc                DMA1_Channel2_3_IRQHandler
 .text.TIM1_BRK_UP_TRG_COM_IRQHandler
                0x00000000080015dc       0x10 Core/Src/stm32f0xx_it.o
                0x00000000080015dc                TIM1_BRK_UP_TRG_COM_IRQHandler
 .text.TIM1_CC_IRQHandler
                0x00000000080015ec        0x8 Core/Src/stm32f0xx_it.o
                0x00000000080015ec                TIM1_CC_IRQHandler
 .text.TIM14_IRQHandler
                0x00000000080015f4       0x14 Core/Src/stm32f0xx_it.o
                0x00000000080015f4                TIM14_IRQHandler
 .text.TIM16_IRQHandler
                0x0000000008001608       0x14 Core/Src/stm32f0xx_it.o
                0x0000000008001608                TIM16_IRQHandler
 .text.USART1_IRQHandler
                0x000000000800161c       0x3c Core/Src/stm32f0xx_it.o
                0x000000000800161c                USART1_IRQHandler
 .text.SystemInit
                0x0000000008001658        0x2 Core/Src/system_stm32f0xx.o
                0x0000000008001658                SystemInit
 *fill*         0x000000000800165a        0x2 
 .text.Reset_Handler
                0x000000000800165c       0x50 Core/Startup/startup_stm32f030f4px.o
                0x000000000800165c                Reset_Handler
 .text.Default_Handler
                0x00000000080016ac        0x2 Core/Startup/startup_stm32f030f4px.o
                0x00000000080016ac                I2C1_IRQHandler
                0x00000000080016ac                SPI1_IRQHandler
                0x00000000080016ac                EXTI2_3_IRQHandler
                0x00000000080016ac                ADC1_IRQHandler
                0x00000000080016ac                TIM17_IRQHandler
                0x00000000080016ac                RTC_IRQHandler
                0x00000000080016ac                TIM3_IRQHandler
                0x00000000080016ac                EXTI4_15_IRQHandler
                0x00000000080016ac                RCC_IRQHandler
                0x00000000080016ac                DMA1_Channel1_IRQHandler
                0x00000000080016ac                Default_Handler
                0x00000000080016ac                DMA1_Channel4_5_IRQHandler
                0x00000000080016ac                WWDG_IRQHandler
                0x00000000080016ac                FLASH_IRQHandler
 *fill*         0x00000000080016ae        0x2 
 .text.ws28xx_fill_a_bit
                0x00000000080016b0       0x2c Core/WS2812/ws28xx.o
                0x00000000080016b0                ws28xx_fill_a_bit
 .text.ws28xx_set_buffer
                0x00000000080016dc       0x64 Core/WS2812/ws28xx.o
                0x00000000080016dc                ws28xx_set_buffer
 .text.ws28xx_Put_Pixels
                0x0000000008001740       0x8c Core/WS2812/ws28xx.o
                0x0000000008001740                ws28xx_Put_Pixels
 .text.ws28xx_Update
                0x00000000080017cc       0x10 Core/WS2812/ws28xx.o
                0x00000000080017cc                ws28xx_Update
 .text.ws28xx_SetColor
                0x00000000080017dc       0xe0 Core/WS2812/ws28xx.o
                0x00000000080017dc                ws28xx_SetColor
 .text.ws28xx_fadeGreen
                0x00000000080018bc       0x6c Core/WS2812/ws28xx.o
                0x00000000080018bc                ws28xx_fadeGreen
 .text.ws28xx_fadeRed
                0x0000000008001928       0x6c Core/WS2812/ws28xx.o
                0x0000000008001928                ws28xx_fadeRed
 .text.HAL_InitTick
                0x0000000008001994       0x48 Drivers/STM32F0xx_HAL_Driver/Src/stm32f0xx_hal.o
                0x0000000008001994                HAL_InitTick
 .text.HAL_Init
                0x00000000080019dc       0x20 Drivers/STM32F0xx_HAL_Driver/Src/stm32f0xx_hal.o
                0x00000000080019dc                HAL_Init
 .text.HAL_IncTick
                0x00000000080019fc       0x18 Drivers/STM32F0xx_HAL_Driver/Src/stm32f0xx_hal.o
                0x00000000080019fc                HAL_IncTick
 .text.HAL_GetTick
                0x0000000008001a14        0xc Drivers/STM32F0xx_HAL_Driver/Src/stm32f0xx_hal.o
                0x0000000008001a14                HAL_GetTick
 .text.HAL_Delay
                0x0000000008001a20       0x24 Drivers/STM32F0xx_HAL_Driver/Src/stm32f0xx_hal.o
                0x0000000008001a20                HAL_Delay
 .text.HAL_ADC_Init
                0x0000000008001a44      0x14c Drivers/STM32F0xx_HAL_Driver/Src/stm32f0xx_hal_adc.o
                0x0000000008001a44                HAL_ADC_Init
 .text.HAL_ADC_ConfigChannel
                0x0000000008001b90       0xfc Drivers/STM32F0xx_HAL_Driver/Src/stm32f0xx_hal_adc.o
                0x0000000008001b90                HAL_ADC_ConfigChannel
 .text.HAL_NVIC_SetPriority
                0x0000000008001c8c       0x54 Drivers/STM32F0xx_HAL_Driver/Src/stm32f0xx_hal_cortex.o
                0x0000000008001c8c                HAL_NVIC_SetPriority
 .text.HAL_NVIC_EnableIRQ
                0x0000000008001ce0       0x18 Drivers/STM32F0xx_HAL_Driver/Src/stm32f0xx_hal_cortex.o
                0x0000000008001ce0                HAL_NVIC_EnableIRQ
 .text.HAL_NVIC_DisableIRQ
                0x0000000008001cf8       0x20 Drivers/STM32F0xx_HAL_Driver/Src/stm32f0xx_hal_cortex.o
                0x0000000008001cf8                HAL_NVIC_DisableIRQ
 .text.HAL_SYSTICK_Config
                0x0000000008001d18       0x34 Drivers/STM32F0xx_HAL_Driver/Src/stm32f0xx_hal_cortex.o
                0x0000000008001d18                HAL_SYSTICK_Config
 .text.HAL_NVIC_ClearPendingIRQ
                0x0000000008001d4c       0x1c Drivers/STM32F0xx_HAL_Driver/Src/stm32f0xx_hal_cortex.o
                0x0000000008001d4c                HAL_NVIC_ClearPendingIRQ
 .text.HAL_DMA_Init
                0x0000000008001d68       0x64 Drivers/STM32F0xx_HAL_Driver/Src/stm32f0xx_hal_dma.o
                0x0000000008001d68                HAL_DMA_Init
 .text.HAL_DMA_Start_IT
                0x0000000008001dcc       0x78 Drivers/STM32F0xx_HAL_Driver/Src/stm32f0xx_hal_dma.o
                0x0000000008001dcc                HAL_DMA_Start_IT
 .text.HAL_DMA_Abort_IT
                0x0000000008001e44       0x46 Drivers/STM32F0xx_HAL_Driver/Src/stm32f0xx_hal_dma.o
                0x0000000008001e44                HAL_DMA_Abort_IT
 .text.HAL_DMA_IRQHandler
                0x0000000008001e8a       0x92 Drivers/STM32F0xx_HAL_Driver/Src/stm32f0xx_hal_dma.o
                0x0000000008001e8a                HAL_DMA_IRQHandler
 .text.FLASH_SetErrorCode
                0x0000000008001f1c       0x3c Drivers/STM32F0xx_HAL_Driver/Src/stm32f0xx_hal_flash.o
 .text.HAL_FLASH_Unlock
                0x0000000008001f58       0x28 Drivers/STM32F0xx_HAL_Driver/Src/stm32f0xx_hal_flash.o
                0x0000000008001f58                HAL_FLASH_Unlock
 .text.HAL_FLASH_Lock
                0x0000000008001f80       0x14 Drivers/STM32F0xx_HAL_Driver/Src/stm32f0xx_hal_flash.o
                0x0000000008001f80                HAL_FLASH_Lock
 .text.FLASH_WaitForLastOperation
                0x0000000008001f94       0x54 Drivers/STM32F0xx_HAL_Driver/Src/stm32f0xx_hal_flash.o
                0x0000000008001f94                FLASH_WaitForLastOperation
 .text.HAL_FLASH_Program
                0x0000000008001fe8       0x84 Drivers/STM32F0xx_HAL_Driver/Src/stm32f0xx_hal_flash.o
                0x0000000008001fe8                HAL_FLASH_Program
 .text.FLASH_MassErase
                0x000000000800206c       0x24 Drivers/STM32F0xx_HAL_Driver/Src/stm32f0xx_hal_flash_ex.o
 .text.FLASH_PageErase
                0x0000000008002090       0x24 Drivers/STM32F0xx_HAL_Driver/Src/stm32f0xx_hal_flash_ex.o
                0x0000000008002090                FLASH_PageErase
 .text.HAL_FLASHEx_Erase
                0x00000000080020b4       0x94 Drivers/STM32F0xx_HAL_Driver/Src/stm32f0xx_hal_flash_ex.o
                0x00000000080020b4                HAL_FLASHEx_Erase
 .text.HAL_GPIO_Init
                0x0000000008002148      0x160 Drivers/STM32F0xx_HAL_Driver/Src/stm32f0xx_hal_gpio.o
                0x0000000008002148                HAL_GPIO_Init
 .text.HAL_GPIO_ReadPin
                0x00000000080022a8        0xc Drivers/STM32F0xx_HAL_Driver/Src/stm32f0xx_hal_gpio.o
                0x00000000080022a8                HAL_GPIO_ReadPin
 .text.HAL_GPIO_WritePin
                0x00000000080022b4        0xc Drivers/STM32F0xx_HAL_Driver/Src/stm32f0xx_hal_gpio.o
                0x00000000080022b4                HAL_GPIO_WritePin
 .text.HAL_GPIO_EXTI_Callback
                0x00000000080022c0        0x2 Drivers/STM32F0xx_HAL_Driver/Src/stm32f0xx_hal_gpio.o
                0x00000000080022c0                HAL_GPIO_EXTI_Callback
 *fill*         0x00000000080022c2        0x2 
 .text.HAL_GPIO_EXTI_IRQHandler
                0x00000000080022c4       0x18 Drivers/STM32F0xx_HAL_Driver/Src/stm32f0xx_hal_gpio.o
                0x00000000080022c4                HAL_GPIO_EXTI_IRQHandler
 .text.HAL_RCC_OscConfig
                0x00000000080022dc      0x404 Drivers/STM32F0xx_HAL_Driver/Src/stm32f0xx_hal_rcc.o
                0x00000000080022dc                HAL_RCC_OscConfig
 .text.HAL_RCC_GetSysClockFreq
                0x00000000080026e0       0x64 Drivers/STM32F0xx_HAL_Driver/Src/stm32f0xx_hal_rcc.o
                0x00000000080026e0                HAL_RCC_GetSysClockFreq
 .text.HAL_RCC_ClockConfig
                0x0000000008002744      0x108 Drivers/STM32F0xx_HAL_Driver/Src/stm32f0xx_hal_rcc.o
                0x0000000008002744                HAL_RCC_ClockConfig
 .text.HAL_RCC_GetPCLK1Freq
                0x000000000800284c       0x20 Drivers/STM32F0xx_HAL_Driver/Src/stm32f0xx_hal_rcc.o
                0x000000000800284c                HAL_RCC_GetPCLK1Freq
 .text.HAL_RCCEx_PeriphCLKConfig
                0x000000000800286c      0x108 Drivers/STM32F0xx_HAL_Driver/Src/stm32f0xx_hal_rcc_ex.o
                0x000000000800286c                HAL_RCCEx_PeriphCLKConfig
 .text.SPI_WaitFlagStateUntilTimeout.part.0
                0x0000000008002974       0x60 Drivers/STM32F0xx_HAL_Driver/Src/stm32f0xx_hal_spi.o
 .text.SPI_WaitFlagStateUntilTimeout.constprop.9
                0x00000000080029d4       0x28 Drivers/STM32F0xx_HAL_Driver/Src/stm32f0xx_hal_spi.o
 .text.SPI_WaitFifoStateUntilTimeout.constprop.10
                0x00000000080029fc       0x34 Drivers/STM32F0xx_HAL_Driver/Src/stm32f0xx_hal_spi.o
 .text.SPI_EndRxTxTransaction
                0x0000000008002a30       0x46 Drivers/STM32F0xx_HAL_Driver/Src/stm32f0xx_hal_spi.o
 *fill*         0x0000000008002a76        0x2 
 .text.HAL_SPI_Init
                0x0000000008002a78       0xbc Drivers/STM32F0xx_HAL_Driver/Src/stm32f0xx_hal_spi.o
                0x0000000008002a78                HAL_SPI_Init
 .text.HAL_SPI_Transmit_DMA
                0x0000000008002b34      0x104 Drivers/STM32F0xx_HAL_Driver/Src/stm32f0xx_hal_spi.o
                0x0000000008002b34                HAL_SPI_Transmit_DMA
 .text.HAL_SPI_TxCpltCallback
                0x0000000008002c38        0x2 Drivers/STM32F0xx_HAL_Driver/Src/stm32f0xx_hal_spi.o
                0x0000000008002c38                HAL_SPI_TxCpltCallback
 .text.HAL_SPI_TxHalfCpltCallback
                0x0000000008002c3a        0x2 Drivers/STM32F0xx_HAL_Driver/Src/stm32f0xx_hal_spi.o
                0x0000000008002c3a                HAL_SPI_TxHalfCpltCallback
 .text.SPI_DMAHalfTransmitCplt
                0x0000000008002c3c        0xa Drivers/STM32F0xx_HAL_Driver/Src/stm32f0xx_hal_spi.o
 .text.HAL_SPI_ErrorCallback
                0x0000000008002c46        0x2 Drivers/STM32F0xx_HAL_Driver/Src/stm32f0xx_hal_spi.o
                0x0000000008002c46                HAL_SPI_ErrorCallback
 .text.SPI_DMAError
                0x0000000008002c48       0x24 Drivers/STM32F0xx_HAL_Driver/Src/stm32f0xx_hal_spi.o
 .text.SPI_DMATransmitCplt
                0x0000000008002c6c       0x6e Drivers/STM32F0xx_HAL_Driver/Src/stm32f0xx_hal_spi.o
 .text.HAL_TIM_Base_Start_IT
                0x0000000008002cda       0x1e Drivers/STM32F0xx_HAL_Driver/Src/stm32f0xx_hal_tim.o
                0x0000000008002cda                HAL_TIM_Base_Start_IT
 .text.HAL_TIM_Base_Stop_IT
                0x0000000008002cf8       0x2c Drivers/STM32F0xx_HAL_Driver/Src/stm32f0xx_hal_tim.o
                0x0000000008002cf8                HAL_TIM_Base_Stop_IT
 .text.HAL_TIM_PeriodElapsedCallback
                0x0000000008002d24        0x2 Drivers/STM32F0xx_HAL_Driver/Src/stm32f0xx_hal_tim.o
                0x0000000008002d24                HAL_TIM_PeriodElapsedCallback
 .text.HAL_TIM_OC_DelayElapsedCallback
                0x0000000008002d26        0x2 Drivers/STM32F0xx_HAL_Driver/Src/stm32f0xx_hal_tim.o
                0x0000000008002d26                HAL_TIM_OC_DelayElapsedCallback
 .text.HAL_TIM_IC_CaptureCallback
                0x0000000008002d28        0x2 Drivers/STM32F0xx_HAL_Driver/Src/stm32f0xx_hal_tim.o
                0x0000000008002d28                HAL_TIM_IC_CaptureCallback
 .text.HAL_TIM_PWM_PulseFinishedCallback
                0x0000000008002d2a        0x2 Drivers/STM32F0xx_HAL_Driver/Src/stm32f0xx_hal_tim.o
                0x0000000008002d2a                HAL_TIM_PWM_PulseFinishedCallback
 .text.HAL_TIM_TriggerCallback
                0x0000000008002d2c        0x2 Drivers/STM32F0xx_HAL_Driver/Src/stm32f0xx_hal_tim.o
                0x0000000008002d2c                HAL_TIM_TriggerCallback
 .text.HAL_TIM_IRQHandler
                0x0000000008002d2e      0x148 Drivers/STM32F0xx_HAL_Driver/Src/stm32f0xx_hal_tim.o
                0x0000000008002d2e                HAL_TIM_IRQHandler
 *fill*         0x0000000008002e76        0x2 
 .text.TIM_Base_SetConfig
                0x0000000008002e78       0x80 Drivers/STM32F0xx_HAL_Driver/Src/stm32f0xx_hal_tim.o
                0x0000000008002e78                TIM_Base_SetConfig
 .text.HAL_TIM_Base_Init
                0x0000000008002ef8       0x36 Drivers/STM32F0xx_HAL_Driver/Src/stm32f0xx_hal_tim.o
                0x0000000008002ef8                HAL_TIM_Base_Init
 *fill*         0x0000000008002f2e        0x2 
 .text.TIM_ETR_SetConfig
                0x0000000008002f30       0x18 Drivers/STM32F0xx_HAL_Driver/Src/stm32f0xx_hal_tim.o
                0x0000000008002f30                TIM_ETR_SetConfig
 .text.HAL_TIM_ConfigClockSource
                0x0000000008002f48      0x12c Drivers/STM32F0xx_HAL_Driver/Src/stm32f0xx_hal_tim.o
                0x0000000008002f48                HAL_TIM_ConfigClockSource
 .text.HAL_TIMEx_MasterConfigSynchronization
                0x0000000008003074       0x54 Drivers/STM32F0xx_HAL_Driver/Src/stm32f0xx_hal_tim_ex.o
                0x0000000008003074                HAL_TIMEx_MasterConfigSynchronization
 .text.HAL_TIMEx_CommutCallback
                0x00000000080030c8        0x2 Drivers/STM32F0xx_HAL_Driver/Src/stm32f0xx_hal_tim_ex.o
                0x00000000080030c8                HAL_TIMEx_CommutCallback
 .text.HAL_TIMEx_BreakCallback
                0x00000000080030ca        0x2 Drivers/STM32F0xx_HAL_Driver/Src/stm32f0xx_hal_tim_ex.o
                0x00000000080030ca                HAL_TIMEx_BreakCallback
 .text.UART_EndRxTransfer
                0x00000000080030cc       0x24 Drivers/STM32F0xx_HAL_Driver/Src/stm32f0xx_hal_uart.o
 .text.HAL_UART_Receive_IT
                0x00000000080030f0       0xb4 Drivers/STM32F0xx_HAL_Driver/Src/stm32f0xx_hal_uart.o
                0x00000000080030f0                HAL_UART_Receive_IT
 .text.HAL_UART_TxCpltCallback
                0x00000000080031a4        0x2 Drivers/STM32F0xx_HAL_Driver/Src/stm32f0xx_hal_uart.o
                0x00000000080031a4                HAL_UART_TxCpltCallback
 .text.HAL_UART_RxCpltCallback
                0x00000000080031a6        0x2 Drivers/STM32F0xx_HAL_Driver/Src/stm32f0xx_hal_uart.o
                0x00000000080031a6                HAL_UART_RxCpltCallback
 .text.UART_RxISR_8BIT
                0x00000000080031a8       0x60 Drivers/STM32F0xx_HAL_Driver/Src/stm32f0xx_hal_uart.o
 .text.UART_RxISR_16BIT
                0x0000000008003208       0x5c Drivers/STM32F0xx_HAL_Driver/Src/stm32f0xx_hal_uart.o
 .text.HAL_UART_ErrorCallback
                0x0000000008003264        0x2 Drivers/STM32F0xx_HAL_Driver/Src/stm32f0xx_hal_uart.o
                0x0000000008003264                HAL_UART_ErrorCallback
 *fill*         0x0000000008003266        0x2 
 .text.HAL_UART_IRQHandler
                0x0000000008003268      0x13c Drivers/STM32F0xx_HAL_Driver/Src/stm32f0xx_hal_uart.o
                0x0000000008003268                HAL_UART_IRQHandler
 .text.UART_DMAAbortOnError
                0x00000000080033a4       0x16 Drivers/STM32F0xx_HAL_Driver/Src/stm32f0xx_hal_uart.o
 *fill*         0x00000000080033ba        0x2 
 .text.UART_SetConfig
                0x00000000080033bc      0x130 Drivers/STM32F0xx_HAL_Driver/Src/stm32f0xx_hal_uart.o
                0x00000000080033bc                UART_SetConfig
 .text.UART_AdvFeatureConfig
                0x00000000080034ec       0xd0 Drivers/STM32F0xx_HAL_Driver/Src/stm32f0xx_hal_uart.o
                0x00000000080034ec                UART_AdvFeatureConfig
 .text.UART_WaitOnFlagUntilTimeout
                0x00000000080035bc       0x90 Drivers/STM32F0xx_HAL_Driver/Src/stm32f0xx_hal_uart.o
                0x00000000080035bc                UART_WaitOnFlagUntilTimeout
 .text.HAL_UART_Transmit
                0x000000000800364c       0xd2 Drivers/STM32F0xx_HAL_Driver/Src/stm32f0xx_hal_uart.o
                0x000000000800364c                HAL_UART_Transmit
 *fill*         0x000000000800371e        0x2 
 .text.UART_CheckIdleState
                0x0000000008003720       0x60 Drivers/STM32F0xx_HAL_Driver/Src/stm32f0xx_hal_uart.o
                0x0000000008003720                UART_CheckIdleState
 .text.HAL_UART_Init
                0x0000000008003780       0x64 Drivers/STM32F0xx_HAL_Driver/Src/stm32f0xx_hal_uart.o
                0x0000000008003780                HAL_UART_Init
 .text.__libc_init_array
                0x00000000080037e4       0x48 c:/st/stm32cubeide_1.3.0/stm32cubeide/plugins/com.st.stm32cube.ide.mcu.externaltools.gnu-tools-for-stm32.7-2018-q2-update.win32_1.5.0.202011040924/tools/bin/../lib/gcc/arm-none-eabi/7.3.1/../../../../arm-none-eabi/lib/thumb/v6-m\libc_nano.a(lib_a-init.o)
                0x00000000080037e4                __libc_init_array
 .text.memcpy   0x000000000800382c       0x12 c:/st/stm32cubeide_1.3.0/stm32cubeide/plugins/com.st.stm32cube.ide.mcu.externaltools.gnu-tools-for-stm32.7-2018-q2-update.win32_1.5.0.202011040924/tools/bin/../lib/gcc/arm-none-eabi/7.3.1/../../../../arm-none-eabi/lib/thumb/v6-m\libc_nano.a(lib_a-memcpy-stub.o)
                0x000000000800382c                memcpy
 .text.memset   0x000000000800383e       0x10 c:/st/stm32cubeide_1.3.0/stm32cubeide/plugins/com.st.stm32cube.ide.mcu.externaltools.gnu-tools-for-stm32.7-2018-q2-update.win32_1.5.0.202011040924/tools/bin/../lib/gcc/arm-none-eabi/7.3.1/../../../../arm-none-eabi/lib/thumb/v6-m\libc_nano.a(lib_a-memset.o)
                0x000000000800383e                memset
 .text.strcpy   0x000000000800384e       0x10 c:/st/stm32cubeide_1.3.0/stm32cubeide/plugins/com.st.stm32cube.ide.mcu.externaltools.gnu-tools-for-stm32.7-2018-q2-update.win32_1.5.0.202011040924/tools/bin/../lib/gcc/arm-none-eabi/7.3.1/../../../../arm-none-eabi/lib/thumb/v6-m\libc_nano.a(lib_a-strcpy.o)
                0x000000000800384e                strcpy
 .text.strncmp  0x000000000800385e       0x22 c:/st/stm32cubeide_1.3.0/stm32cubeide/plugins/com.st.stm32cube.ide.mcu.externaltools.gnu-tools-for-stm32.7-2018-q2-update.win32_1.5.0.202011040924/tools/bin/../lib/gcc/arm-none-eabi/7.3.1/../../../../arm-none-eabi/lib/thumb/v6-m\libc_nano.a(lib_a-strncmp.o)
                0x000000000800385e                strncmp
 *(.glue_7)
 .glue_7        0x0000000008003880        0x0 linker stubs
 *(.glue_7t)
 .glue_7t       0x0000000008003880        0x0 linker stubs
 *(.eh_frame)
 .eh_frame      0x0000000008003880        0x0 c:/st/stm32cubeide_1.3.0/stm32cubeide/plugins/com.st.stm32cube.ide.mcu.externaltools.gnu-tools-for-stm32.7-2018-q2-update.win32_1.5.0.202011040924/tools/bin/../lib/gcc/arm-none-eabi/7.3.1/thumb/v6-m/crtbegin.o
 *(.init)
 .init          0x0000000008003880        0x4 c:/st/stm32cubeide_1.3.0/stm32cubeide/plugins/com.st.stm32cube.ide.mcu.externaltools.gnu-tools-for-stm32.7-2018-q2-update.win32_1.5.0.202011040924/tools/bin/../lib/gcc/arm-none-eabi/7.3.1/thumb/v6-m/crti.o
                0x0000000008003880                _init
 .init          0x0000000008003884        0x8 c:/st/stm32cubeide_1.3.0/stm32cubeide/plugins/com.st.stm32cube.ide.mcu.externaltools.gnu-tools-for-stm32.7-2018-q2-update.win32_1.5.0.202011040924/tools/bin/../lib/gcc/arm-none-eabi/7.3.1/thumb/v6-m/crtn.o
 *(.fini)
 .fini          0x000000000800388c        0x4 c:/st/stm32cubeide_1.3.0/stm32cubeide/plugins/com.st.stm32cube.ide.mcu.externaltools.gnu-tools-for-stm32.7-2018-q2-update.win32_1.5.0.202011040924/tools/bin/../lib/gcc/arm-none-eabi/7.3.1/thumb/v6-m/crti.o
                0x000000000800388c                _fini
 .fini          0x0000000008003890        0x8 c:/st/stm32cubeide_1.3.0/stm32cubeide/plugins/com.st.stm32cube.ide.mcu.externaltools.gnu-tools-for-stm32.7-2018-q2-update.win32_1.5.0.202011040924/tools/bin/../lib/gcc/arm-none-eabi/7.3.1/thumb/v6-m/crtn.o
                0x0000000008003898                . = ALIGN (0x4)
                0x0000000008003898                _etext = .

.vfp11_veneer   0x0000000008003898        0x0
 .vfp11_veneer  0x0000000008003898        0x0 linker stubs

.v4_bx          0x0000000008003898        0x0
 .v4_bx         0x0000000008003898        0x0 linker stubs

.iplt           0x0000000008003898        0x0
 .iplt          0x0000000008003898        0x0 c:/st/stm32cubeide_1.3.0/stm32cubeide/plugins/com.st.stm32cube.ide.mcu.externaltools.gnu-tools-for-stm32.7-2018-q2-update.win32_1.5.0.202011040924/tools/bin/../lib/gcc/arm-none-eabi/7.3.1/thumb/v6-m/crtbegin.o

.rodata         0x0000000008003898      0x22c
                0x0000000008003898                . = ALIGN (0x4)
 *(.rodata)
 .rodata        0x0000000008003898       0x20 Drivers/STM32F0xx_HAL_Driver/Src/stm32f0xx_hal_rcc.o
 *(.rodata*)
 .rodata.kaseikyo_param
                0x00000000080038b8       0x44 Core/IRMP/irmp.o
 .rodata.nec_param
                0x00000000080038fc       0x44 Core/IRMP/irmp.o
 .rodata.nec_rep_param
                0x0000000008003940       0x44 Core/IRMP/irmp.o
 .rodata.rc5_param
                0x0000000008003984       0x44 Core/IRMP/irmp.o
 .rodata.rc6_param
                0x00000000080039c8       0x44 Core/IRMP/irmp.o
 .rodata.samsung_param
                0x0000000008003a0c       0x44 Core/IRMP/irmp.o
 .rodata.sircs_param
                0x0000000008003a50       0x44 Core/IRMP/irmp.o
 .rodata.main.str1.1
                0x0000000008003a94       0x13 Core/Src/main.o
                                         0x18 (size before relaxing)
 .rodata.AHBPrescTable
                0x0000000008003aa7       0x10 Core/Src/system_stm32f0xx.o
                0x0000000008003aa7                AHBPrescTable
 .rodata.APBPrescTable
                0x0000000008003ab7        0x8 Core/Src/system_stm32f0xx.o
                0x0000000008003ab7                APBPrescTable
 .rodata.CSWTCH.57
                0x0000000008003abf        0x4 Drivers/STM32F0xx_HAL_Driver/Src/stm32f0xx_hal_uart.o
                0x0000000008003ac4                . = ALIGN (0x4)
 *fill*         0x0000000008003ac3        0x1 

.rel.dyn        0x0000000008003ac4        0x0
 .rel.iplt      0x0000000008003ac4        0x0 c:/st/stm32cubeide_1.3.0/stm32cubeide/plugins/com.st.stm32cube.ide.mcu.externaltools.gnu-tools-for-stm32.7-2018-q2-update.win32_1.5.0.202011040924/tools/bin/../lib/gcc/arm-none-eabi/7.3.1/thumb/v6-m/crtbegin.o

.ARM.extab      0x0000000008003ac4        0x0
                0x0000000008003ac4                . = ALIGN (0x4)
 *(.ARM.extab* .gnu.linkonce.armextab.*)
                0x0000000008003ac4                . = ALIGN (0x4)

.ARM            0x0000000008003ac4        0x0
                0x0000000008003ac4                . = ALIGN (0x4)
                0x0000000008003ac4                __exidx_start = .
 *(.ARM.exidx*)
                0x0000000008003ac4                __exidx_end = .
                0x0000000008003ac4                . = ALIGN (0x4)

.preinit_array  0x0000000008003ac4        0x0
                0x0000000008003ac4                . = ALIGN (0x4)
                0x0000000008003ac4                PROVIDE (__preinit_array_start = .)
 *(.preinit_array*)
                0x0000000008003ac4                PROVIDE (__preinit_array_end = .)
                0x0000000008003ac4                . = ALIGN (0x4)

.init_array     0x0000000008003ac4        0x4
                0x0000000008003ac4                . = ALIGN (0x4)
                0x0000000008003ac4                PROVIDE (__init_array_start = .)
 *(SORT_BY_NAME(.init_array.*))
 *(.init_array*)
 .init_array    0x0000000008003ac4        0x4 c:/st/stm32cubeide_1.3.0/stm32cubeide/plugins/com.st.stm32cube.ide.mcu.externaltools.gnu-tools-for-stm32.7-2018-q2-update.win32_1.5.0.202011040924/tools/bin/../lib/gcc/arm-none-eabi/7.3.1/thumb/v6-m/crtbegin.o
                0x0000000008003ac8                PROVIDE (__init_array_end = .)
                0x0000000008003ac8                . = ALIGN (0x4)

.fini_array     0x0000000008003ac8        0x4
                0x0000000008003ac8                . = ALIGN (0x4)
                [!provide]                        PROVIDE (__fini_array_start = .)
 *(SORT_BY_NAME(.fini_array.*))
 *(.fini_array*)
 .fini_array    0x0000000008003ac8        0x4 c:/st/stm32cubeide_1.3.0/stm32cubeide/plugins/com.st.stm32cube.ide.mcu.externaltools.gnu-tools-for-stm32.7-2018-q2-update.win32_1.5.0.202011040924/tools/bin/../lib/gcc/arm-none-eabi/7.3.1/thumb/v6-m/crtbegin.o
                [!provide]                        PROVIDE (__fini_array_end = .)
                0x0000000008003acc                . = ALIGN (0x4)
                0x0000000008003acc                _sidata = LOADADDR (.data)

.data           0x0000000020000000       0x30 load address 0x0000000008003acc
                0x0000000020000000                . = ALIGN (0x4)
                0x0000000020000000                _sdata = .
 *(.data)
 *(.data*)
 .data.last_irmp_address.6673
                0x0000000020000000        0x4 Core/IRMP/irmp.o
 .data.last_irmp_command.6674
                0x0000000020000004        0x4 Core/IRMP/irmp.o
 .data.shutdownMessage
                0x0000000020000008       0x1c Core/Src/main.o
                0x0000000020000008                shutdownMessage
 .data.SystemCoreClock
                0x0000000020000024        0x4 Core/Src/system_stm32f0xx.o
                0x0000000020000024                SystemCoreClock
 .data.uwTickFreq
                0x0000000020000028        0x1 Drivers/STM32F0xx_HAL_Driver/Src/stm32f0xx_hal.o
                0x0000000020000028                uwTickFreq
 *fill*         0x0000000020000029        0x3 
 .data.uwTickPrio
                0x000000002000002c        0x4 Drivers/STM32F0xx_HAL_Driver/Src/stm32f0xx_hal.o
                0x000000002000002c                uwTickPrio
                0x0000000020000030                . = ALIGN (0x4)
                0x0000000020000030                _edata = .

.igot.plt       0x0000000020000030        0x0 load address 0x0000000008003afc
 .igot.plt      0x0000000020000030        0x0 c:/st/stm32cubeide_1.3.0/stm32cubeide/plugins/com.st.stm32cube.ide.mcu.externaltools.gnu-tools-for-stm32.7-2018-q2-update.win32_1.5.0.202011040924/tools/bin/../lib/gcc/arm-none-eabi/7.3.1/thumb/v6-m/crtbegin.o
                0x0000000020000030                . = ALIGN (0x4)

.bss            0x0000000020000030      0x458 load address 0x0000000008003afc
                0x0000000020000030                _sbss = .
                0x0000000020000030                __bss_start__ = _sbss
 *(.bss)
 .bss           0x0000000020000030       0x1c c:/st/stm32cubeide_1.3.0/stm32cubeide/plugins/com.st.stm32cube.ide.mcu.externaltools.gnu-tools-for-stm32.7-2018-q2-update.win32_1.5.0.202011040924/tools/bin/../lib/gcc/arm-none-eabi/7.3.1/thumb/v6-m/crtbegin.o
 *(.bss*)
 .bss.genre2    0x000000002000004c        0x4 Core/IRMP/irmp.o
 .bss.irmp_address
                0x0000000020000050        0x4 Core/IRMP/irmp.o
 .bss.irmp_bit  0x0000000020000054        0x4 Core/IRMP/irmp.o
 .bss.irmp_command
                0x0000000020000058        0x4 Core/IRMP/irmp.o
 .bss.irmp_flags
                0x000000002000005c        0x4 Core/IRMP/irmp.o
 .bss.irmp_id   0x0000000020000060        0x4 Core/IRMP/irmp.o
 .bss.irmp_ir_detected
                0x0000000020000064        0x4 Core/IRMP/irmp.o
 .bss.irmp_param
                0x0000000020000068       0x44 Core/IRMP/irmp.o
 .bss.irmp_pause_time.6672
                0x00000000200000ac        0x1 Core/IRMP/irmp.o
 *fill*         0x00000000200000ad        0x3 
 .bss.irmp_protocol
                0x00000000200000b0        0x4 Core/IRMP/irmp.o
 .bss.irmp_pulse_time.6671
                0x00000000200000b4        0x4 Core/IRMP/irmp.o
 .bss.irmp_start_bit_detected.6668
                0x00000000200000b8        0x4 Core/IRMP/irmp.o
 .bss.irmp_tmp_address
                0x00000000200000bc        0x4 Core/IRMP/irmp.o
 .bss.irmp_tmp_command
                0x00000000200000c0        0x4 Core/IRMP/irmp.o
 .bss.irmp_tmp_id
                0x00000000200000c4        0x4 Core/IRMP/irmp.o
 .bss.key_repetition_len.6675
                0x00000000200000c8        0x4 Core/IRMP/irmp.o
 .bss.last_pause.6678
                0x00000000200000cc        0x1 Core/IRMP/irmp.o
 *fill*         0x00000000200000cd        0x3 
 .bss.last_value.6679
                0x00000000200000d0        0x4 Core/IRMP/irmp.o
 .bss.rc5_cmd_bit6.6677
                0x00000000200000d4        0x4 Core/IRMP/irmp.o
 .bss.repetition_frame_number.6676
                0x00000000200000d8        0x4 Core/IRMP/irmp.o
 .bss.wait_for_space.6669
                0x00000000200000dc        0x4 Core/IRMP/irmp.o
 .bss.wait_for_start_space.6670
                0x00000000200000e0        0x4 Core/IRMP/irmp.o
 .bss.xor_check
                0x00000000200000e4        0x6 Core/IRMP/irmp.o
 *fill*         0x00000000200000ea        0x2 
 .bss.PAGEError
                0x00000000200000ec        0x4 Core/Src/main.o
                0x00000000200000ec                PAGEError
 *(COMMON)
 COMMON         0x00000000200000f0        0xb Core/IRMP/irmp.o
                0x00000000200000f0                RxComplete
                0x00000000200000f1                ledMode
                0x00000000200000f2                timer
                0x00000000200000f3                Rx_data
                0x00000000200000f7                RxCounter
                0x00000000200000f8                button
                0x00000000200000f9                RxBuffer
                0x00000000200000fa                powerUP
 *fill*         0x00000000200000fb        0x1 
 COMMON         0x00000000200000fc      0x23c Core/Src/main.o
                0x00000000200000fc                irmp_temp_data
                0x0000000020000102                irmp_new_data
                0x0000000020000108                irmp_data
                0x0000000020000110                huart1
                0x0000000020000190                htim1
                0x00000000200001d0                hspi1
                0x0000000020000234                htim14
                0x0000000020000274                hadc
                0x00000000200002b4                htim16
                0x00000000200002f4                hdma_spi1_tx
 COMMON         0x0000000020000338      0x12c Core/WS2812/ws28xx.o
                0x0000000020000338                ws28xxLEDs
                0x0000000020000344                ws28xx_temp
 COMMON         0x0000000020000464        0x4 Drivers/STM32F0xx_HAL_Driver/Src/stm32f0xx_hal.o
                0x0000000020000464                uwTick
 COMMON         0x0000000020000468       0x20 Drivers/STM32F0xx_HAL_Driver/Src/stm32f0xx_hal_flash.o
                0x0000000020000468                pFlash
                0x0000000020000488                . = ALIGN (0x4)
                0x0000000020000488                _ebss = .
                0x0000000020000488                __bss_end__ = _ebss

._user_heap_stack
                0x0000000020000488      0x600 load address 0x0000000008003afc
                0x0000000020000488                . = ALIGN (0x8)
                0x0000000020000488                PROVIDE (end = .)
                [!provide]                        PROVIDE (_end = .)
                0x0000000020000688                . = (. + _Min_Heap_Size)
 *fill*         0x0000000020000488      0x200 
                0x0000000020000a88                . = (. + _Min_Stack_Size)
 *fill*         0x0000000020000688      0x400 
                0x0000000020000a88                . = ALIGN (0x8)

/DISCARD/
 libc.a(*)
 libm.a(*)
 libgcc.a(*)

.ARM.attributes
                0x0000000000000000       0x28
 *(.ARM.attributes)
 .ARM.attributes
                0x0000000000000000       0x1e c:/st/stm32cubeide_1.3.0/stm32cubeide/plugins/com.st.stm32cube.ide.mcu.externaltools.gnu-tools-for-stm32.7-2018-q2-update.win32_1.5.0.202011040924/tools/bin/../lib/gcc/arm-none-eabi/7.3.1/thumb/v6-m/crti.o
 .ARM.attributes
                0x000000000000001e       0x2c c:/st/stm32cubeide_1.3.0/stm32cubeide/plugins/com.st.stm32cube.ide.mcu.externaltools.gnu-tools-for-stm32.7-2018-q2-update.win32_1.5.0.202011040924/tools/bin/../lib/gcc/arm-none-eabi/7.3.1/thumb/v6-m/crtbegin.o
 .ARM.attributes
                0x000000000000004a       0x31 Core/IRMP/irmp.o
 .ARM.attributes
                0x000000000000007b       0x31 Core/Src/main.o
 .ARM.attributes
                0x00000000000000ac       0x31 Core/Src/stm32f0xx_hal_msp.o
 .ARM.attributes
                0x00000000000000dd       0x31 Core/Src/stm32f0xx_it.o
 .ARM.attributes
                0x000000000000010e       0x31 Core/Src/system_stm32f0xx.o
 .ARM.attributes
                0x000000000000013f       0x21 Core/Startup/startup_stm32f030f4px.o
 .ARM.attributes
                0x0000000000000160       0x31 Core/WS2812/ws28xx.o
 .ARM.attributes
                0x0000000000000191       0x31 Drivers/STM32F0xx_HAL_Driver/Src/stm32f0xx_hal.o
 .ARM.attributes
                0x00000000000001c2       0x31 Drivers/STM32F0xx_HAL_Driver/Src/stm32f0xx_hal_adc.o
 .ARM.attributes
                0x00000000000001f3       0x31 Drivers/STM32F0xx_HAL_Driver/Src/stm32f0xx_hal_cortex.o
 .ARM.attributes
                0x0000000000000224       0x31 Drivers/STM32F0xx_HAL_Driver/Src/stm32f0xx_hal_dma.o
 .ARM.attributes
                0x0000000000000255       0x31 Drivers/STM32F0xx_HAL_Driver/Src/stm32f0xx_hal_flash.o
 .ARM.attributes
                0x0000000000000286       0x31 Drivers/STM32F0xx_HAL_Driver/Src/stm32f0xx_hal_flash_ex.o
 .ARM.attributes
                0x00000000000002b7       0x31 Drivers/STM32F0xx_HAL_Driver/Src/stm32f0xx_hal_gpio.o
 .ARM.attributes
                0x00000000000002e8       0x31 Drivers/STM32F0xx_HAL_Driver/Src/stm32f0xx_hal_rcc.o
 .ARM.attributes
                0x0000000000000319       0x31 Drivers/STM32F0xx_HAL_Driver/Src/stm32f0xx_hal_rcc_ex.o
 .ARM.attributes
                0x000000000000034a       0x31 Drivers/STM32F0xx_HAL_Driver/Src/stm32f0xx_hal_spi.o
 .ARM.attributes
                0x000000000000037b       0x31 Drivers/STM32F0xx_HAL_Driver/Src/stm32f0xx_hal_tim.o
 .ARM.attributes
                0x00000000000003ac       0x31 Drivers/STM32F0xx_HAL_Driver/Src/stm32f0xx_hal_tim_ex.o
 .ARM.attributes
                0x00000000000003dd       0x31 Drivers/STM32F0xx_HAL_Driver/Src/stm32f0xx_hal_uart.o
 .ARM.attributes
                0x000000000000040e       0x2c c:/st/stm32cubeide_1.3.0/stm32cubeide/plugins/com.st.stm32cube.ide.mcu.externaltools.gnu-tools-for-stm32.7-2018-q2-update.win32_1.5.0.202011040924/tools/bin/../lib/gcc/arm-none-eabi/7.3.1/../../../../arm-none-eabi/lib/thumb/v6-m\libc_nano.a(lib_a-init.o)
 .ARM.attributes
                0x000000000000043a       0x2c c:/st/stm32cubeide_1.3.0/stm32cubeide/plugins/com.st.stm32cube.ide.mcu.externaltools.gnu-tools-for-stm32.7-2018-q2-update.win32_1.5.0.202011040924/tools/bin/../lib/gcc/arm-none-eabi/7.3.1/../../../../arm-none-eabi/lib/thumb/v6-m\libc_nano.a(lib_a-memcpy-stub.o)
 .ARM.attributes
                0x0000000000000466       0x2c c:/st/stm32cubeide_1.3.0/stm32cubeide/plugins/com.st.stm32cube.ide.mcu.externaltools.gnu-tools-for-stm32.7-2018-q2-update.win32_1.5.0.202011040924/tools/bin/../lib/gcc/arm-none-eabi/7.3.1/../../../../arm-none-eabi/lib/thumb/v6-m\libc_nano.a(lib_a-memset.o)
 .ARM.attributes
                0x0000000000000492       0x1c c:/st/stm32cubeide_1.3.0/stm32cubeide/plugins/com.st.stm32cube.ide.mcu.externaltools.gnu-tools-for-stm32.7-2018-q2-update.win32_1.5.0.202011040924/tools/bin/../lib/gcc/arm-none-eabi/7.3.1/../../../../arm-none-eabi/lib/thumb/v6-m\libc_nano.a(lib_a-strcmp.o)
 .ARM.attributes
                0x00000000000004ae       0x2c c:/st/stm32cubeide_1.3.0/stm32cubeide/plugins/com.st.stm32cube.ide.mcu.externaltools.gnu-tools-for-stm32.7-2018-q2-update.win32_1.5.0.202011040924/tools/bin/../lib/gcc/arm-none-eabi/7.3.1/../../../../arm-none-eabi/lib/thumb/v6-m\libc_nano.a(lib_a-strcpy.o)
 .ARM.attributes
                0x00000000000004da       0x2c c:/st/stm32cubeide_1.3.0/stm32cubeide/plugins/com.st.stm32cube.ide.mcu.externaltools.gnu-tools-for-stm32.7-2018-q2-update.win32_1.5.0.202011040924/tools/bin/../lib/gcc/arm-none-eabi/7.3.1/../../../../arm-none-eabi/lib/thumb/v6-m\libc_nano.a(lib_a-strncmp.o)
 .ARM.attributes
                0x0000000000000506       0x1e c:/st/stm32cubeide_1.3.0/stm32cubeide/plugins/com.st.stm32cube.ide.mcu.externaltools.gnu-tools-for-stm32.7-2018-q2-update.win32_1.5.0.202011040924/tools/bin/../lib/gcc/arm-none-eabi/7.3.1/thumb/v6-m\libgcc.a(_thumb1_case_uqi.o)
 .ARM.attributes
                0x0000000000000524       0x1e c:/st/stm32cubeide_1.3.0/stm32cubeide/plugins/com.st.stm32cube.ide.mcu.externaltools.gnu-tools-for-stm32.7-2018-q2-update.win32_1.5.0.202011040924/tools/bin/../lib/gcc/arm-none-eabi/7.3.1/thumb/v6-m\libgcc.a(_udivsi3.o)
 .ARM.attributes
                0x0000000000000542       0x1e c:/st/stm32cubeide_1.3.0/stm32cubeide/plugins/com.st.stm32cube.ide.mcu.externaltools.gnu-tools-for-stm32.7-2018-q2-update.win32_1.5.0.202011040924/tools/bin/../lib/gcc/arm-none-eabi/7.3.1/thumb/v6-m\libgcc.a(_dvmd_tls.o)
 .ARM.attributes
                0x0000000000000560       0x1e c:/st/stm32cubeide_1.3.0/stm32cubeide/plugins/com.st.stm32cube.ide.mcu.externaltools.gnu-tools-for-stm32.7-2018-q2-update.win32_1.5.0.202011040924/tools/bin/../lib/gcc/arm-none-eabi/7.3.1/thumb/v6-m\libgcc.a(_lshrdi3.o)
 .ARM.attributes
                0x000000000000057e       0x1e c:/st/stm32cubeide_1.3.0/stm32cubeide/plugins/com.st.stm32cube.ide.mcu.externaltools.gnu-tools-for-stm32.7-2018-q2-update.win32_1.5.0.202011040924/tools/bin/../lib/gcc/arm-none-eabi/7.3.1/thumb/v6-m/crtn.o
OUTPUT(Multimedia_25062020.elf elf32-littlearm)

.debug_info     0x0000000000000000    0x1463a
 .debug_info    0x0000000000000000     0x104d Core/IRMP/irmp.o
 .debug_info    0x000000000000104d     0x2d61 Core/Src/main.o
 .debug_info    0x0000000000003dae     0x14e3 Core/Src/stm32f0xx_hal_msp.o
 .debug_info    0x0000000000005291      0xb6b Core/Src/stm32f0xx_it.o
 .debug_info    0x0000000000005dfc      0x2a2 Core/Src/system_stm32f0xx.o
 .debug_info    0x000000000000609e       0x22 Core/Startup/startup_stm32f030f4px.o
 .debug_info    0x00000000000060c0     0x16bc Core/WS2812/ws28xx.o
 .debug_info    0x000000000000777c      0x71a Drivers/STM32F0xx_HAL_Driver/Src/stm32f0xx_hal.o
 .debug_info    0x0000000000007e96      0xecc Drivers/STM32F0xx_HAL_Driver/Src/stm32f0xx_hal_adc.o
 .debug_info    0x0000000000008d62      0x834 Drivers/STM32F0xx_HAL_Driver/Src/stm32f0xx_hal_cortex.o
 .debug_info    0x0000000000009596      0x860 Drivers/STM32F0xx_HAL_Driver/Src/stm32f0xx_hal_dma.o
 .debug_info    0x0000000000009df6      0x6ae Drivers/STM32F0xx_HAL_Driver/Src/stm32f0xx_hal_flash.o
 .debug_info    0x000000000000a4a4      0x9f4 Drivers/STM32F0xx_HAL_Driver/Src/stm32f0xx_hal_flash_ex.o
 .debug_info    0x000000000000ae98      0x66b Drivers/STM32F0xx_HAL_Driver/Src/stm32f0xx_hal_gpio.o
 .debug_info    0x000000000000b503      0xa1a Drivers/STM32F0xx_HAL_Driver/Src/stm32f0xx_hal_rcc.o
 .debug_info    0x000000000000bf1d      0x42f Drivers/STM32F0xx_HAL_Driver/Src/stm32f0xx_hal_rcc_ex.o
 .debug_info    0x000000000000c34c     0x2005 Drivers/STM32F0xx_HAL_Driver/Src/stm32f0xx_hal_spi.o
 .debug_info    0x000000000000e351     0x3538 Drivers/STM32F0xx_HAL_Driver/Src/stm32f0xx_hal_tim.o
 .debug_info    0x0000000000011889     0x12ae Drivers/STM32F0xx_HAL_Driver/Src/stm32f0xx_hal_tim_ex.o
 .debug_info    0x0000000000012b37     0x1b03 Drivers/STM32F0xx_HAL_Driver/Src/stm32f0xx_hal_uart.o

.debug_abbrev   0x0000000000000000     0x3055
 .debug_abbrev  0x0000000000000000      0x28a Core/IRMP/irmp.o
 .debug_abbrev  0x000000000000028a      0x361 Core/Src/main.o
 .debug_abbrev  0x00000000000005eb      0x242 Core/Src/stm32f0xx_hal_msp.o
 .debug_abbrev  0x000000000000082d      0x215 Core/Src/stm32f0xx_it.o
 .debug_abbrev  0x0000000000000a42      0x12b Core/Src/system_stm32f0xx.o
 .debug_abbrev  0x0000000000000b6d       0x12 Core/Startup/startup_stm32f030f4px.o
 .debug_abbrev  0x0000000000000b7f      0x33e Core/WS2812/ws28xx.o
 .debug_abbrev  0x0000000000000ebd      0x26b Drivers/STM32F0xx_HAL_Driver/Src/stm32f0xx_hal.o
 .debug_abbrev  0x0000000000001128      0x2b7 Drivers/STM32F0xx_HAL_Driver/Src/stm32f0xx_hal_adc.o
 .debug_abbrev  0x00000000000013df      0x272 Drivers/STM32F0xx_HAL_Driver/Src/stm32f0xx_hal_cortex.o
 .debug_abbrev  0x0000000000001651      0x20c Drivers/STM32F0xx_HAL_Driver/Src/stm32f0xx_hal_dma.o
 .debug_abbrev  0x000000000000185d      0x2c4 Drivers/STM32F0xx_HAL_Driver/Src/stm32f0xx_hal_flash.o
 .debug_abbrev  0x0000000000001b21      0x281 Drivers/STM32F0xx_HAL_Driver/Src/stm32f0xx_hal_flash_ex.o
 .debug_abbrev  0x0000000000001da2      0x1eb Drivers/STM32F0xx_HAL_Driver/Src/stm32f0xx_hal_gpio.o
 .debug_abbrev  0x0000000000001f8d      0x291 Drivers/STM32F0xx_HAL_Driver/Src/stm32f0xx_hal_rcc.o
 .debug_abbrev  0x000000000000221e      0x1ba Drivers/STM32F0xx_HAL_Driver/Src/stm32f0xx_hal_rcc_ex.o
 .debug_abbrev  0x00000000000023d8      0x358 Drivers/STM32F0xx_HAL_Driver/Src/stm32f0xx_hal_spi.o
 .debug_abbrev  0x0000000000002730      0x351 Drivers/STM32F0xx_HAL_Driver/Src/stm32f0xx_hal_tim.o
 .debug_abbrev  0x0000000000002a81      0x2b2 Drivers/STM32F0xx_HAL_Driver/Src/stm32f0xx_hal_tim_ex.o
 .debug_abbrev  0x0000000000002d33      0x322 Drivers/STM32F0xx_HAL_Driver/Src/stm32f0xx_hal_uart.o

.debug_loc      0x0000000000000000     0xabd3
 .debug_loc     0x0000000000000000      0x2c0 Core/IRMP/irmp.o
 .debug_loc     0x00000000000002c0       0xdc Core/Src/main.o
 .debug_loc     0x000000000000039c      0x198 Core/Src/stm32f0xx_hal_msp.o
 .debug_loc     0x0000000000000534      0x127 Core/Src/system_stm32f0xx.o
 .debug_loc     0x000000000000065b      0x90a Core/WS2812/ws28xx.o
 .debug_loc     0x0000000000000f65       0xef Drivers/STM32F0xx_HAL_Driver/Src/stm32f0xx_hal.o
 .debug_loc     0x0000000000001054      0xaac Drivers/STM32F0xx_HAL_Driver/Src/stm32f0xx_hal_adc.o
 .debug_loc     0x0000000000001b00      0x394 Drivers/STM32F0xx_HAL_Driver/Src/stm32f0xx_hal_cortex.o
 .debug_loc     0x0000000000001e94      0x813 Drivers/STM32F0xx_HAL_Driver/Src/stm32f0xx_hal_dma.o
 .debug_loc     0x00000000000026a7      0x2b1 Drivers/STM32F0xx_HAL_Driver/Src/stm32f0xx_hal_flash.o
 .debug_loc     0x0000000000002958      0x4c5 Drivers/STM32F0xx_HAL_Driver/Src/stm32f0xx_hal_flash_ex.o
 .debug_loc     0x0000000000002e1d      0x303 Drivers/STM32F0xx_HAL_Driver/Src/stm32f0xx_hal_gpio.o
 .debug_loc     0x0000000000003120      0x48b Drivers/STM32F0xx_HAL_Driver/Src/stm32f0xx_hal_rcc.o
 .debug_loc     0x00000000000035ab      0x265 Drivers/STM32F0xx_HAL_Driver/Src/stm32f0xx_hal_rcc_ex.o
 .debug_loc     0x0000000000003810     0x1b2e Drivers/STM32F0xx_HAL_Driver/Src/stm32f0xx_hal_spi.o
 .debug_loc     0x000000000000533e     0x38f1 Drivers/STM32F0xx_HAL_Driver/Src/stm32f0xx_hal_tim.o
 .debug_loc     0x0000000000008c2f      0xbe4 Drivers/STM32F0xx_HAL_Driver/Src/stm32f0xx_hal_tim_ex.o
 .debug_loc     0x0000000000009813     0x13c0 Drivers/STM32F0xx_HAL_Driver/Src/stm32f0xx_hal_uart.o

.debug_aranges  0x0000000000000000      0xd68
 .debug_aranges
                0x0000000000000000       0x38 Core/IRMP/irmp.o
 .debug_aranges
                0x0000000000000038       0x80 Core/Src/main.o
 .debug_aranges
                0x00000000000000b8       0x60 Core/Src/stm32f0xx_hal_msp.o
 .debug_aranges
                0x0000000000000118       0x60 Core/Src/stm32f0xx_it.o
 .debug_aranges
                0x0000000000000178       0x28 Core/Src/system_stm32f0xx.o
 .debug_aranges
                0x00000000000001a0       0x28 Core/Startup/startup_stm32f030f4px.o
 .debug_aranges
                0x00000000000001c8       0x78 Core/WS2812/ws28xx.o
 .debug_aranges
                0x0000000000000240       0xc8 Drivers/STM32F0xx_HAL_Driver/Src/stm32f0xx_hal.o
 .debug_aranges
                0x0000000000000308       0xd0 Drivers/STM32F0xx_HAL_Driver/Src/stm32f0xx_hal_adc.o
 .debug_aranges
                0x00000000000003d8       0x78 Drivers/STM32F0xx_HAL_Driver/Src/stm32f0xx_hal_cortex.o
 .debug_aranges
                0x0000000000000450       0x78 Drivers/STM32F0xx_HAL_Driver/Src/stm32f0xx_hal_dma.o
 .debug_aranges
                0x00000000000004c8       0x78 Drivers/STM32F0xx_HAL_Driver/Src/stm32f0xx_hal_flash.o
 .debug_aranges
                0x0000000000000540       0x60 Drivers/STM32F0xx_HAL_Driver/Src/stm32f0xx_hal_flash_ex.o
 .debug_aranges
                0x00000000000005a0       0x58 Drivers/STM32F0xx_HAL_Driver/Src/stm32f0xx_hal_gpio.o
 .debug_aranges
                0x00000000000005f8       0x80 Drivers/STM32F0xx_HAL_Driver/Src/stm32f0xx_hal_rcc.o
 .debug_aranges
                0x0000000000000678       0x30 Drivers/STM32F0xx_HAL_Driver/Src/stm32f0xx_hal_rcc_ex.o
 .debug_aranges
                0x00000000000006a8      0x198 Drivers/STM32F0xx_HAL_Driver/Src/stm32f0xx_hal_spi.o
 .debug_aranges
                0x0000000000000840      0x288 Drivers/STM32F0xx_HAL_Driver/Src/stm32f0xx_hal_tim.o
 .debug_aranges
                0x0000000000000ac8       0xf8 Drivers/STM32F0xx_HAL_Driver/Src/stm32f0xx_hal_tim_ex.o
 .debug_aranges
                0x0000000000000bc0      0x1a8 Drivers/STM32F0xx_HAL_Driver/Src/stm32f0xx_hal_uart.o

.debug_ranges   0x0000000000000000     0x1468
 .debug_ranges  0x0000000000000000       0x78 Core/IRMP/irmp.o
 .debug_ranges  0x0000000000000078       0xe8 Core/Src/main.o
 .debug_ranges  0x0000000000000160      0x1c0 Core/Src/stm32f0xx_hal_msp.o
 .debug_ranges  0x0000000000000320       0x50 Core/Src/stm32f0xx_it.o
 .debug_ranges  0x0000000000000370       0x18 Core/Src/system_stm32f0xx.o
 .debug_ranges  0x0000000000000388       0x20 Core/Startup/startup_stm32f030f4px.o
 .debug_ranges  0x00000000000003a8      0x130 Core/WS2812/ws28xx.o
 .debug_ranges  0x00000000000004d8       0xb8 Drivers/STM32F0xx_HAL_Driver/Src/stm32f0xx_hal.o
 .debug_ranges  0x0000000000000590       0xc0 Drivers/STM32F0xx_HAL_Driver/Src/stm32f0xx_hal_adc.o
 .debug_ranges  0x0000000000000650       0xb8 Drivers/STM32F0xx_HAL_Driver/Src/stm32f0xx_hal_cortex.o
 .debug_ranges  0x0000000000000708       0xf8 Drivers/STM32F0xx_HAL_Driver/Src/stm32f0xx_hal_dma.o
 .debug_ranges  0x0000000000000800       0xb0 Drivers/STM32F0xx_HAL_Driver/Src/stm32f0xx_hal_flash.o
 .debug_ranges  0x00000000000008b0       0xf8 Drivers/STM32F0xx_HAL_Driver/Src/stm32f0xx_hal_flash_ex.o
 .debug_ranges  0x00000000000009a8       0x70 Drivers/STM32F0xx_HAL_Driver/Src/stm32f0xx_hal_gpio.o
 .debug_ranges  0x0000000000000a18       0xa0 Drivers/STM32F0xx_HAL_Driver/Src/stm32f0xx_hal_rcc.o
 .debug_ranges  0x0000000000000ab8       0x40 Drivers/STM32F0xx_HAL_Driver/Src/stm32f0xx_hal_rcc_ex.o
 .debug_ranges  0x0000000000000af8      0x278 Drivers/STM32F0xx_HAL_Driver/Src/stm32f0xx_hal_spi.o
 .debug_ranges  0x0000000000000d70      0x478 Drivers/STM32F0xx_HAL_Driver/Src/stm32f0xx_hal_tim.o
 .debug_ranges  0x00000000000011e8       0xe8 Drivers/STM32F0xx_HAL_Driver/Src/stm32f0xx_hal_tim_ex.o
 .debug_ranges  0x00000000000012d0      0x198 Drivers/STM32F0xx_HAL_Driver/Src/stm32f0xx_hal_uart.o

.debug_macro    0x0000000000000000    0x103de
 .debug_macro   0x0000000000000000      0xff1 Core/IRMP/irmp.o
 .debug_macro   0x0000000000000ff1      0xa4e Core/IRMP/irmp.o
 .debug_macro   0x0000000000001a3f       0x10 Core/IRMP/irmp.o
 .debug_macro   0x0000000000001a4f      0x13f Core/IRMP/irmp.o
 .debug_macro   0x0000000000001b8e       0x2e Core/IRMP/irmp.o
 .debug_macro   0x0000000000001bbc       0x22 Core/IRMP/irmp.o
 .debug_macro   0x0000000000001bde       0x22 Core/IRMP/irmp.o
 .debug_macro   0x0000000000001c00       0x8e Core/IRMP/irmp.o
 .debug_macro   0x0000000000001c8e       0x51 Core/IRMP/irmp.o
 .debug_macro   0x0000000000001cdf       0xef Core/IRMP/irmp.o
 .debug_macro   0x0000000000001dce       0x6a Core/IRMP/irmp.o
 .debug_macro   0x0000000000001e38      0x1df Core/IRMP/irmp.o
 .debug_macro   0x0000000000002017       0x1c Core/IRMP/irmp.o
 .debug_macro   0x0000000000002033       0x22 Core/IRMP/irmp.o
 .debug_macro   0x0000000000002055       0xb5 Core/IRMP/irmp.o
 .debug_macro   0x000000000000210a      0x391 Core/IRMP/irmp.o
 .debug_macro   0x000000000000249b     0x6e60 Core/IRMP/irmp.o
 .debug_macro   0x00000000000092fb       0x3c Core/IRMP/irmp.o
 .debug_macro   0x0000000000009337      0x174 Core/IRMP/irmp.o
 .debug_macro   0x00000000000094ab       0x53 Core/IRMP/irmp.o
 .debug_macro   0x00000000000094fe      0x924 Core/IRMP/irmp.o
 .debug_macro   0x0000000000009e22       0xe5 Core/IRMP/irmp.o
 .debug_macro   0x0000000000009f07      0x12f Core/IRMP/irmp.o
 .debug_macro   0x000000000000a036       0xb3 Core/IRMP/irmp.o
 .debug_macro   0x000000000000a0e9      0x1a0 Core/IRMP/irmp.o
 .debug_macro   0x000000000000a289      0x1ed Core/IRMP/irmp.o
 .debug_macro   0x000000000000a476       0x34 Core/IRMP/irmp.o
 .debug_macro   0x000000000000a4aa       0x43 Core/IRMP/irmp.o
 .debug_macro   0x000000000000a4ed       0x28 Core/IRMP/irmp.o
 .debug_macro   0x000000000000a515      0x33d Core/IRMP/irmp.o
 .debug_macro   0x000000000000a852       0xbc Core/IRMP/irmp.o
 .debug_macro   0x000000000000a90e       0xb0 Core/IRMP/irmp.o
 .debug_macro   0x000000000000a9be      0x15a Core/IRMP/irmp.o
 .debug_macro   0x000000000000ab18      0x22c Core/IRMP/irmp.o
 .debug_macro   0x000000000000ad44       0x5f Core/IRMP/irmp.o
 .debug_macro   0x000000000000ada3       0xa5 Core/IRMP/irmp.o
 .debug_macro   0x000000000000ae48       0x4c Core/IRMP/irmp.o
 .debug_macro   0x000000000000ae94       0x2b Core/IRMP/irmp.o
 .debug_macro   0x000000000000aebf      0x305 Core/IRMP/irmp.o
 .debug_macro   0x000000000000b1c4      0x8ae Core/IRMP/irmp.o
 .debug_macro   0x000000000000ba72       0x28 Core/IRMP/irmp.o
 .debug_macro   0x000000000000ba9a      0x543 Core/IRMP/irmp.o
 .debug_macro   0x000000000000bfdd       0x3e Core/IRMP/irmp.o
 .debug_macro   0x000000000000c01b       0xf1 Core/IRMP/irmp.o
 .debug_macro   0x000000000000c10c       0x82 Core/IRMP/irmp.o
 .debug_macro   0x000000000000c18e       0x16 Core/IRMP/irmp.o
 .debug_macro   0x000000000000c1a4       0x46 Core/IRMP/irmp.o
 .debug_macro   0x000000000000c1ea       0x18 Core/IRMP/irmp.o
 .debug_macro   0x000000000000c202       0x3c Core/IRMP/irmp.o
 .debug_macro   0x000000000000c23e       0x34 Core/IRMP/irmp.o
 .debug_macro   0x000000000000c272       0x52 Core/IRMP/irmp.o
 .debug_macro   0x000000000000c2c4       0x1f Core/IRMP/irmp.o
 .debug_macro   0x000000000000c2e3       0x43 Core/IRMP/irmp.o
 .debug_macro   0x000000000000c326       0x20 Core/IRMP/irmp.o
 .debug_macro   0x000000000000c346      0x1a3 Core/IRMP/irmp.o
 .debug_macro   0x000000000000c4e9      0x32a Core/IRMP/irmp.o
 .debug_macro   0x000000000000c813       0x10 Core/IRMP/irmp.o
 .debug_macro   0x000000000000c823       0x35 Core/IRMP/irmp.o
 .debug_macro   0x000000000000c858       0x20 Core/IRMP/irmp.o
 .debug_macro   0x000000000000c878       0x27 Core/IRMP/irmp.o
 .debug_macro   0x000000000000c89f      0x16d Core/IRMP/irmp.o
 .debug_macro   0x000000000000ca0c       0x1c Core/IRMP/irmp.o
 .debug_macro   0x000000000000ca28     0x1446 Core/IRMP/irmp.o
 .debug_macro   0x000000000000de6e      0x306 Core/Src/main.o
 .debug_macro   0x000000000000e174       0x16 Core/Src/main.o
 .debug_macro   0x000000000000e18a      0x1f0 Core/Src/stm32f0xx_hal_msp.o
 .debug_macro   0x000000000000e37a      0x1fa Core/Src/stm32f0xx_it.o
 .debug_macro   0x000000000000e574      0x1e1 Core/Src/system_stm32f0xx.o
 .debug_macro   0x000000000000e755      0x2ba Core/WS2812/ws28xx.o
 .debug_macro   0x000000000000ea0f       0x88 Core/WS2812/ws28xx.o
 .debug_macro   0x000000000000ea97       0x10 Core/WS2812/ws28xx.o
 .debug_macro   0x000000000000eaa7      0x205 Drivers/STM32F0xx_HAL_Driver/Src/stm32f0xx_hal.o
 .debug_macro   0x000000000000ecac      0x205 Drivers/STM32F0xx_HAL_Driver/Src/stm32f0xx_hal_adc.o
 .debug_macro   0x000000000000eeb1      0x1e1 Drivers/STM32F0xx_HAL_Driver/Src/stm32f0xx_hal_cortex.o
 .debug_macro   0x000000000000f092      0x1e1 Drivers/STM32F0xx_HAL_Driver/Src/stm32f0xx_hal_dma.o
 .debug_macro   0x000000000000f273      0x1e1 Drivers/STM32F0xx_HAL_Driver/Src/stm32f0xx_hal_flash.o
 .debug_macro   0x000000000000f454      0x1f3 Drivers/STM32F0xx_HAL_Driver/Src/stm32f0xx_hal_flash_ex.o
 .debug_macro   0x000000000000f647      0x219 Drivers/STM32F0xx_HAL_Driver/Src/stm32f0xx_hal_gpio.o
 .debug_macro   0x000000000000f860      0x1f3 Drivers/STM32F0xx_HAL_Driver/Src/stm32f0xx_hal_rcc.o
 .debug_macro   0x000000000000fa53      0x1e1 Drivers/STM32F0xx_HAL_Driver/Src/stm32f0xx_hal_rcc_ex.o
 .debug_macro   0x000000000000fc34      0x1e9 Drivers/STM32F0xx_HAL_Driver/Src/stm32f0xx_hal_spi.o
 .debug_macro   0x000000000000fe1d      0x1e2 Drivers/STM32F0xx_HAL_Driver/Src/stm32f0xx_hal_tim.o
 .debug_macro   0x000000000000ffff      0x1e1 Drivers/STM32F0xx_HAL_Driver/Src/stm32f0xx_hal_tim_ex.o
 .debug_macro   0x00000000000101e0      0x1fe Drivers/STM32F0xx_HAL_Driver/Src/stm32f0xx_hal_uart.o

.debug_line     0x0000000000000000     0xdb01
 .debug_line    0x0000000000000000      0xc64 Core/IRMP/irmp.o
 .debug_line    0x0000000000000c64      0xc5f Core/Src/main.o
 .debug_line    0x00000000000018c3      0x845 Core/Src/stm32f0xx_hal_msp.o
 .debug_line    0x0000000000002108      0x7a3 Core/Src/stm32f0xx_it.o
 .debug_line    0x00000000000028ab      0x71a Core/Src/system_stm32f0xx.o
 .debug_line    0x0000000000002fc5       0x89 Core/Startup/startup_stm32f030f4px.o
 .debug_line    0x000000000000304e      0xc09 Core/WS2812/ws28xx.o
 .debug_line    0x0000000000003c57      0x8c7 Drivers/STM32F0xx_HAL_Driver/Src/stm32f0xx_hal.o
 .debug_line    0x000000000000451e      0xc87 Drivers/STM32F0xx_HAL_Driver/Src/stm32f0xx_hal_adc.o
 .debug_line    0x00000000000051a5      0x87e Drivers/STM32F0xx_HAL_Driver/Src/stm32f0xx_hal_cortex.o
 .debug_line    0x0000000000005a23      0x9d8 Drivers/STM32F0xx_HAL_Driver/Src/stm32f0xx_hal_dma.o
 .debug_line    0x00000000000063fb      0x901 Drivers/STM32F0xx_HAL_Driver/Src/stm32f0xx_hal_flash.o
 .debug_line    0x0000000000006cfc      0x921 Drivers/STM32F0xx_HAL_Driver/Src/stm32f0xx_hal_flash_ex.o
 .debug_line    0x000000000000761d      0x87f Drivers/STM32F0xx_HAL_Driver/Src/stm32f0xx_hal_gpio.o
 .debug_line    0x0000000000007e9c      0xa9a Drivers/STM32F0xx_HAL_Driver/Src/stm32f0xx_hal_rcc.o
 .debug_line    0x0000000000008936      0x7f0 Drivers/STM32F0xx_HAL_Driver/Src/stm32f0xx_hal_rcc_ex.o
 .debug_line    0x0000000000009126     0x12da Drivers/STM32F0xx_HAL_Driver/Src/stm32f0xx_hal_spi.o
 .debug_line    0x000000000000a400     0x1847 Drivers/STM32F0xx_HAL_Driver/Src/stm32f0xx_hal_tim.o
 .debug_line    0x000000000000bc47      0xc11 Drivers/STM32F0xx_HAL_Driver/Src/stm32f0xx_hal_tim_ex.o
 .debug_line    0x000000000000c858     0x12a9 Drivers/STM32F0xx_HAL_Driver/Src/stm32f0xx_hal_uart.o

.debug_str      0x0000000000000000    0x61b8c
 .debug_str     0x0000000000000000    0x5d1c8 Core/IRMP/irmp.o
                                      0x5d48f (size before relaxing)
 .debug_str     0x000000000005d1c8     0x1254 Core/Src/main.o
                                      0x51ee8 (size before relaxing)
 .debug_str     0x000000000005e41c      0x101 Core/Src/stm32f0xx_hal_msp.o
                                      0x48faf (size before relaxing)
 .debug_str     0x000000000005e51d      0x14e Core/Src/stm32f0xx_it.o
                                      0x48abc (size before relaxing)
 .debug_str     0x000000000005e66b       0xbe Core/Src/system_stm32f0xx.o
                                      0x4815f (size before relaxing)
 .debug_str     0x000000000005e729       0x36 Core/Startup/startup_stm32f030f4px.o
                                         0x95 (size before relaxing)
 .debug_str     0x000000000005e75f      0x155 Core/WS2812/ws28xx.o
                                      0x4ba45 (size before relaxing)
 .debug_str     0x000000000005e8b4      0x390 Drivers/STM32F0xx_HAL_Driver/Src/stm32f0xx_hal.o
                                      0x4865e (size before relaxing)
 .debug_str     0x000000000005ec44      0x37b Drivers/STM32F0xx_HAL_Driver/Src/stm32f0xx_hal_adc.o
                                      0x4888a (size before relaxing)
 .debug_str     0x000000000005efbf      0x190 Drivers/STM32F0xx_HAL_Driver/Src/stm32f0xx_hal_cortex.o
                                      0x484ea (size before relaxing)
 .debug_str     0x000000000005f14f      0x204 Drivers/STM32F0xx_HAL_Driver/Src/stm32f0xx_hal_dma.o
                                      0x48543 (size before relaxing)
 .debug_str     0x000000000005f353      0x25e Drivers/STM32F0xx_HAL_Driver/Src/stm32f0xx_hal_flash.o
                                      0x48436 (size before relaxing)
 .debug_str     0x000000000005f5b1      0x2a1 Drivers/STM32F0xx_HAL_Driver/Src/stm32f0xx_hal_flash_ex.o
                                      0x48588 (size before relaxing)
 .debug_str     0x000000000005f852      0x191 Drivers/STM32F0xx_HAL_Driver/Src/stm32f0xx_hal_gpio.o
                                      0x483fb (size before relaxing)
 .debug_str     0x000000000005f9e3      0x223 Drivers/STM32F0xx_HAL_Driver/Src/stm32f0xx_hal_rcc.o
                                      0x485a8 (size before relaxing)
 .debug_str     0x000000000005fc06       0x97 Drivers/STM32F0xx_HAL_Driver/Src/stm32f0xx_hal_rcc_ex.o
                                      0x482d4 (size before relaxing)
 .debug_str     0x000000000005fc9d      0x54f Drivers/STM32F0xx_HAL_Driver/Src/stm32f0xx_hal_spi.o
                                      0x48ace (size before relaxing)
 .debug_str     0x00000000000601ec      0xd7c Drivers/STM32F0xx_HAL_Driver/Src/stm32f0xx_hal_tim.o
                                      0x493ab (size before relaxing)
 .debug_str     0x0000000000060f68      0x4d8 Drivers/STM32F0xx_HAL_Driver/Src/stm32f0xx_hal_tim_ex.o
                                      0x48b77 (size before relaxing)
 .debug_str     0x0000000000061440      0x74c Drivers/STM32F0xx_HAL_Driver/Src/stm32f0xx_hal_uart.o
                                      0x48dbd (size before relaxing)

.comment        0x0000000000000000       0x7b
 .comment       0x0000000000000000       0x7b Core/IRMP/irmp.o
                                         0x7c (size before relaxing)
 .comment       0x000000000000007b       0x7c Core/Src/main.o
 .comment       0x000000000000007b       0x7c Core/Src/stm32f0xx_hal_msp.o
 .comment       0x000000000000007b       0x7c Core/Src/stm32f0xx_it.o
 .comment       0x000000000000007b       0x7c Core/Src/system_stm32f0xx.o
 .comment       0x000000000000007b       0x7c Core/WS2812/ws28xx.o
 .comment       0x000000000000007b       0x7c Drivers/STM32F0xx_HAL_Driver/Src/stm32f0xx_hal.o
 .comment       0x000000000000007b       0x7c Drivers/STM32F0xx_HAL_Driver/Src/stm32f0xx_hal_adc.o
 .comment       0x000000000000007b       0x7c Drivers/STM32F0xx_HAL_Driver/Src/stm32f0xx_hal_cortex.o
 .comment       0x000000000000007b       0x7c Drivers/STM32F0xx_HAL_Driver/Src/stm32f0xx_hal_dma.o
 .comment       0x000000000000007b       0x7c Drivers/STM32F0xx_HAL_Driver/Src/stm32f0xx_hal_flash.o
 .comment       0x000000000000007b       0x7c Drivers/STM32F0xx_HAL_Driver/Src/stm32f0xx_hal_flash_ex.o
 .comment       0x000000000000007b       0x7c Drivers/STM32F0xx_HAL_Driver/Src/stm32f0xx_hal_gpio.o
 .comment       0x000000000000007b       0x7c Drivers/STM32F0xx_HAL_Driver/Src/stm32f0xx_hal_rcc.o
 .comment       0x000000000000007b       0x7c Drivers/STM32F0xx_HAL_Driver/Src/stm32f0xx_hal_rcc_ex.o
 .comment       0x000000000000007b       0x7c Drivers/STM32F0xx_HAL_Driver/Src/stm32f0xx_hal_spi.o
 .comment       0x000000000000007b       0x7c Drivers/STM32F0xx_HAL_Driver/Src/stm32f0xx_hal_tim.o
 .comment       0x000000000000007b       0x7c Drivers/STM32F0xx_HAL_Driver/Src/stm32f0xx_hal_tim_ex.o
 .comment       0x000000000000007b       0x7c Drivers/STM32F0xx_HAL_Driver/Src/stm32f0xx_hal_uart.o

.debug_frame    0x0000000000000000     0x2ab8
 .debug_frame   0x0000000000000000       0x84 Core/IRMP/irmp.o
 .debug_frame   0x0000000000000084      0x154 Core/Src/main.o
 .debug_frame   0x00000000000001d8       0xf8 Core/Src/stm32f0xx_hal_msp.o
 .debug_frame   0x00000000000002d0      0x114 Core/Src/stm32f0xx_it.o
 .debug_frame   0x00000000000003e4       0x3c Core/Src/system_stm32f0xx.o
 .debug_frame   0x0000000000000420      0x158 Core/WS2812/ws28xx.o
 .debug_frame   0x0000000000000578      0x1b4 Drivers/STM32F0xx_HAL_Driver/Src/stm32f0xx_hal.o
 .debug_frame   0x000000000000072c      0x2cc Drivers/STM32F0xx_HAL_Driver/Src/stm32f0xx_hal_adc.o
 .debug_frame   0x00000000000009f8       0xe4 Drivers/STM32F0xx_HAL_Driver/Src/stm32f0xx_hal_cortex.o
 .debug_frame   0x0000000000000adc      0x158 Drivers/STM32F0xx_HAL_Driver/Src/stm32f0xx_hal_dma.o
 .debug_frame   0x0000000000000c34      0x130 Drivers/STM32F0xx_HAL_Driver/Src/stm32f0xx_hal_flash.o
 .debug_frame   0x0000000000000d64       0xf0 Drivers/STM32F0xx_HAL_Driver/Src/stm32f0xx_hal_flash_ex.o
 .debug_frame   0x0000000000000e54       0xbc Drivers/STM32F0xx_HAL_Driver/Src/stm32f0xx_hal_gpio.o
 .debug_frame   0x0000000000000f10      0x144 Drivers/STM32F0xx_HAL_Driver/Src/stm32f0xx_hal_rcc.o
 .debug_frame   0x0000000000001054       0x58 Drivers/STM32F0xx_HAL_Driver/Src/stm32f0xx_hal_rcc_ex.o
 .debug_frame   0x00000000000010ac      0x5d0 Drivers/STM32F0xx_HAL_Driver/Src/stm32f0xx_hal_spi.o
 .debug_frame   0x000000000000167c      0xa00 Drivers/STM32F0xx_HAL_Driver/Src/stm32f0xx_hal_tim.o
 .debug_frame   0x000000000000207c      0x3b0 Drivers/STM32F0xx_HAL_Driver/Src/stm32f0xx_hal_tim_ex.o
 .debug_frame   0x000000000000242c      0x58c Drivers/STM32F0xx_HAL_Driver/Src/stm32f0xx_hal_uart.o
 .debug_frame   0x00000000000029b8       0x2c c:/st/stm32cubeide_1.3.0/stm32cubeide/plugins/com.st.stm32cube.ide.mcu.externaltools.gnu-tools-for-stm32.7-2018-q2-update.win32_1.5.0.202011040924/tools/bin/../lib/gcc/arm-none-eabi/7.3.1/../../../../arm-none-eabi/lib/thumb/v6-m\libc_nano.a(lib_a-init.o)
 .debug_frame   0x00000000000029e4       0x28 c:/st/stm32cubeide_1.3.0/stm32cubeide/plugins/com.st.stm32cube.ide.mcu.externaltools.gnu-tools-for-stm32.7-2018-q2-update.win32_1.5.0.202011040924/tools/bin/../lib/gcc/arm-none-eabi/7.3.1/../../../../arm-none-eabi/lib/thumb/v6-m\libc_nano.a(lib_a-memcpy-stub.o)
 .debug_frame   0x0000000000002a0c       0x20 c:/st/stm32cubeide_1.3.0/stm32cubeide/plugins/com.st.stm32cube.ide.mcu.externaltools.gnu-tools-for-stm32.7-2018-q2-update.win32_1.5.0.202011040924/tools/bin/../lib/gcc/arm-none-eabi/7.3.1/../../../../arm-none-eabi/lib/thumb/v6-m\libc_nano.a(lib_a-memset.o)
 .debug_frame   0x0000000000002a2c       0x20 c:/st/stm32cubeide_1.3.0/stm32cubeide/plugins/com.st.stm32cube.ide.mcu.externaltools.gnu-tools-for-stm32.7-2018-q2-update.win32_1.5.0.202011040924/tools/bin/../lib/gcc/arm-none-eabi/7.3.1/../../../../arm-none-eabi/lib/thumb/v6-m\libc_nano.a(lib_a-strcmp.o)
 .debug_frame   0x0000000000002a4c       0x20 c:/st/stm32cubeide_1.3.0/stm32cubeide/plugins/com.st.stm32cube.ide.mcu.externaltools.gnu-tools-for-stm32.7-2018-q2-update.win32_1.5.0.202011040924/tools/bin/../lib/gcc/arm-none-eabi/7.3.1/../../../../arm-none-eabi/lib/thumb/v6-m\libc_nano.a(lib_a-strcpy.o)
 .debug_frame   0x0000000000002a6c       0x2c c:/st/stm32cubeide_1.3.0/stm32cubeide/plugins/com.st.stm32cube.ide.mcu.externaltools.gnu-tools-for-stm32.7-2018-q2-update.win32_1.5.0.202011040924/tools/bin/../lib/gcc/arm-none-eabi/7.3.1/../../../../arm-none-eabi/lib/thumb/v6-m\libc_nano.a(lib_a-strncmp.o)
 .debug_frame   0x0000000000002a98       0x20 c:/st/stm32cubeide_1.3.0/stm32cubeide/plugins/com.st.stm32cube.ide.mcu.externaltools.gnu-tools-for-stm32.7-2018-q2-update.win32_1.5.0.202011040924/tools/bin/../lib/gcc/arm-none-eabi/7.3.1/thumb/v6-m\libgcc.a(_udivsi3.o)
