stm32f0xx_hal_uart.c:3196:13:UART_EndRxTransfer	0	static
stm32f0xx_hal_uart.c:3572:13:UART_TxISR_16BIT	8	static
stm32f0xx_hal_uart.c:3543:13:UART_TxISR_8BIT	8	static
stm32f0xx_hal_uart.c:709:13:HAL_UART_MspInit	0	static
stm32f0xx_hal_uart.c:724:13:HAL_UART_MspDeInit	0	static
stm32f0xx_hal_uart.c:664:19:HAL_UART_DeInit	16	static
stm32f0xx_hal_uart.c:1270:19:HAL_UART_Transmit_IT	16	static
stm32f0xx_hal_uart.c:1338:19:HAL_UART_Receive_IT	16	static
stm32f0xx_hal_uart.c:1412:19:HAL_UART_Transmit_DMA	32	static
stm32f0xx_hal_uart.c:1503:19:HAL_UART_Receive_DMA	32	static
stm32f0xx_hal_uart.c:1585:19:HAL_UART_DMAPause	12	static
stm32f0xx_hal_uart.c:1619:19:HAL_UART_DMAResume	8	static
stm32f0xx_hal_uart.c:1651:19:HAL_UART_DMAStop	16	static
stm32f0xx_hal_uart.c:1726:19:HAL_UART_Abort	8	static
stm32f0xx_hal_uart.c:1814:19:HAL_UART_AbortTransmit	8	static
stm32f0xx_hal_uart.c:1866:19:HAL_UART_AbortReceive	8	static
stm32f0xx_hal_uart.c:2439:13:HAL_UART_TxCpltCallback	0	static
stm32f0xx_hal_uart.c:3215:13:UART_DMATransmitCplt	8	static
stm32f0xx_hal_uart.c:2454:13:HAL_UART_TxHalfCpltCallback	0	static
stm32f0xx_hal_uart.c:3249:13:UART_DMATxHalfCplt	8	static
stm32f0xx_hal_uart.c:2469:13:HAL_UART_RxCpltCallback	0	static
stm32f0xx_hal_uart.c:3629:13:UART_RxISR_8BIT	8	static
stm32f0xx_hal_uart.c:3679:13:UART_RxISR_16BIT	8	static
stm32f0xx_hal_uart.c:3267:13:UART_DMAReceiveCplt	8	static
stm32f0xx_hal_uart.c:2484:13:HAL_UART_RxHalfCpltCallback	0	static
stm32f0xx_hal_uart.c:3302:13:UART_DMARxHalfCplt	8	static
stm32f0xx_hal_uart.c:2499:13:HAL_UART_ErrorCallback	0	static
stm32f0xx_hal_uart.c:3320:13:UART_DMAError	8	static
stm32f0xx_hal_uart.c:2233:6:HAL_UART_IRQHandler	16	static
stm32f0xx_hal_uart.c:3360:13:UART_DMAAbortOnError	8	static
stm32f0xx_hal_uart.c:2514:13:HAL_UART_AbortCpltCallback	0	static
stm32f0xx_hal_uart.c:1926:19:HAL_UART_Abort_IT	16	static
stm32f0xx_hal_uart.c:3432:13:UART_DMARxAbortCallback	8	static
stm32f0xx_hal_uart.c:3383:13:UART_DMATxAbortCallback	8	static
stm32f0xx_hal_uart.c:2529:13:HAL_UART_AbortTransmitCpltCallback	0	static
stm32f0xx_hal_uart.c:2065:19:HAL_UART_AbortTransmit_IT	8	static
stm32f0xx_hal_uart.c:3483:13:UART_DMATxOnlyAbortCallback	8	static
stm32f0xx_hal_uart.c:2544:13:HAL_UART_AbortReceiveCpltCallback	0	static
stm32f0xx_hal_uart.c:2149:19:HAL_UART_AbortReceive_IT	8	static
stm32f0xx_hal_uart.c:3511:13:UART_DMARxOnlyAbortCallback	8	static
stm32f0xx_hal_uart.c:2591:6:HAL_UART_ReceiverTimeout_Config	0	static
stm32f0xx_hal_uart.c:2603:19:HAL_UART_EnableReceiverTimeout	12	static
stm32f0xx_hal_uart.c:2634:19:HAL_UART_DisableReceiverTimeout	12	static
stm32f0xx_hal_uart.c:2705:6:HAL_MultiProcessor_EnterMuteMode	0	static
stm32f0xx_hal_uart.c:2715:19:HAL_HalfDuplex_EnableTransmitter	8	static
stm32f0xx_hal_uart.c:2738:19:HAL_HalfDuplex_EnableReceiver	8	static
stm32f0xx_hal_uart.c:2809:23:HAL_UART_GetState	0	static
stm32f0xx_hal_uart.c:2825:10:HAL_UART_GetError	0	static
stm32f0xx_hal_uart.c:2870:19:UART_SetConfig	16	static
stm32f0xx_hal_uart.c:3002:6:UART_AdvFeatureConfig	12	static
stm32f0xx_hal_uart.c:3126:19:UART_WaitOnFlagUntilTimeout	32	static
stm32f0xx_hal_uart.c:1070:19:HAL_UART_Transmit	48	static
stm32f0xx_hal_uart.c:1170:19:HAL_UART_Receive	48	static
stm32f0xx_hal_uart.c:3076:19:UART_CheckIdleState	24	static
stm32f0xx_hal_uart.c:287:19:HAL_UART_Init	8	static
stm32f0xx_hal_uart.c:376:19:HAL_HalfDuplex_Init	8	static
stm32f0xx_hal_uart.c:574:19:HAL_MultiProcessor_Init	16	static
stm32f0xx_hal_uart.c:2665:19:HAL_MultiProcessor_EnableMuteMode	8	static
stm32f0xx_hal_uart.c:2685:19:HAL_MultiProcessor_DisableMuteMode	8	static
